Archive member included because of file (symbol)

C:/Users/makot/Desktop/ScoreBoradProject/MWSTAGE-2020-04_win10/MWSTAGE/MWSDK/TWENET/current/lib/libTWENET_RED.a(ToCoNet_event.o)
                              objs_RED/WirelessUart_receive.o (symbol from plugin) (PRSEV_u8RegisterEx)
C:/Users/makot/Desktop/ScoreBoradProject/MWSTAGE-2020-04_win10/MWSTAGE/MWSDK/TWENET/current/lib/libTWENET_RED.a(ToCoNet_main.o)
                              objs_RED/WirelessUart_receive.o (symbol from plugin) (sToCoNet_Context)
C:/Users/makot/Desktop/ScoreBoradProject/MWSTAGE-2020-04_win10/MWSTAGE/MWSDK/TWENET/current/lib/libTWENET_RED.a(ToCoNet_utils.o)
                              ToCoNet_main.o (symbol from plugin) (ToCoNet_u32GetVersion)
C:/Users/makot/Desktop/ScoreBoradProject/MWSTAGE-2020-04_win10/MWSTAGE/MWSDK/TWENET/current/lib/libTWENET_RED.a(ToCoNet_mod_Tx.o)
                              objs_RED/mwx_appcore.o (symbol from plugin) (ToCoNet_vReg_mod_Tx_Standard)
C:/Users/makot/Desktop/ScoreBoradProject/MWSTAGE-2020-04_win10/MWSTAGE/MWSDK/TWENET/current/lib/libTWENET_RED.a(ToCoNet_mod_TxRxQueue.o)
                              objs_RED/mwx_appcore.o (symbol from plugin) (ToCoNet_vReg_mod_TxRxQueueSmall)
C:/Users/makot/Desktop/ScoreBoradProject/MWSTAGE-2020-04_win10/MWSTAGE/MWSDK/TWENET/current/lib/libTWENET_RED.a(ToCoNet_mod_Nwk_Common.o)
                              ToCoNet_main.o (symbol from plugin) (ToCoNet_vRxProc_Mod)
C:/Users/makot/Desktop/ScoreBoradProject/MWSTAGE-2020-04_win10/MWSTAGE/MWSDK/TWENET/current/lib/libTWENET_RED.a(ToCoNet_mod_Channel_Mgr.o)
                              ToCoNet_mod_Tx.o (symbol from plugin) (ToCoNet_ChMgr_bCh_OnTx)
C:/Users/makot/Desktop/ScoreBoradProject/MWSTAGE-2020-04_win10/MWSTAGE/MWSDK/TWENET/current/lib/libTWENET_RED.a(Version.o)
                              ToCoNet_utils.o (symbol from plugin) (au8ToCoNetVersionInfo)
C:/Users/makot/Desktop/ScoreBoradProject/MWSTAGE-2020-04_win10/MWSTAGE/MWSDK/TWENET/current/lib/libTWENET_RED.a(AppQueueApi_ToCoNet.o)
                              ToCoNet_main.o (symbol from plugin) (_u32_INT_ticktimer)
C:/Users/makot/Desktop/ScoreBoradProject/MWSTAGE-2020-04_win10/MWSTAGE/MWSDK/TWENET/current/lib/libTWENEText_RED.a(AppStart.o)
                              (AppColdStart)
C:/Users/makot/Desktop/ScoreBoradProject/MWSTAGE-2020-04_win10/MWSTAGE/MWSDK/TWENET/current/lib/libTWENEText_RED.a(getMacAddr.o)
                              ToCoNet_main.o (symbol from plugin) (ToCoNet_u32GetSerialOnBoot)
C:/Users/makot/Desktop/ScoreBoradProject/MWSTAGE-2020-04_win10/MWSTAGE/MWSDK/TWENET/current/lib/libTWENEText_RED.a(mac.o)
                              ToCoNet_main.o (symbol from plugin) (Mac_vInit)
C:/Users/makot/Desktop/ScoreBoradProject/MWSTAGE-2020-04_win10/MWSTAGE/MWSDK/TWENET/current/lib/libTWENEText_RED.a(AES_CCM.o)
                              AppStart.o (symbol from plugin) (bAES_CCM_KeyReg)
C:/Users/makot/Desktop/ScoreBoradProject/MWSTAGE-2020-04_win10/MWSTAGE/MWSDK/TWENET/current/lib/libTWENEText_RED.a(no_ack_handler.o)
                              AppStart.o (symbol from plugin) (vInstallNoAckHandler)
C:/Users/makot/Desktop/ScoreBoradProject/MWSTAGE-2020-04_win10/MWSTAGE/MWSDK/TWENET/current/lib/libTWENEText_RED.a(Version.o)
                              ToCoNet_utils.o (symbol from plugin) (au8ToCoNetExtVersionInfo)
C:/Users/makot/Desktop/ScoreBoradProject/MWSTAGE-2020-04_win10/MWSTAGE/MWSDK/TWENET/current/lib/libTWENETutils_RED.a(serial.o)
                              objs_RED/WirelessUart_receive.o (symbol from plugin) (SERIAL_bTxChar)
C:/Users/makot/Desktop/ScoreBoradProject/MWSTAGE-2020-04_win10/MWSTAGE/MWSDK/TWENET/current/lib/libTWENETutils_RED.a(uart.o)
                              serial.o (symbol from plugin) (UART_vInit)
C:/Users/makot/Desktop/ScoreBoradProject/MWSTAGE-2020-04_win10/MWSTAGE/MWSDK/TWENET/current/lib/libTWENETutils_RED.a(ByteQueue.o)
                              ToCoNet_main.o (symbol from plugin) (QUEUE__vInit)
C:/Users/makot/Desktop/ScoreBoradProject/MWSTAGE-2020-04_win10/MWSTAGE/MWSDK/TWENET/current/lib/libTWENETutils_RED.a(ccitt8.o)
                              AppStart.o (symbol from plugin) (u8CCITT8)
C:/Users/makot/Desktop/ScoreBoradProject/MWSTAGE-2020-04_win10/MWSTAGE/MWSDK/TWENET/current/lib/libTWENETutils_RED.a(fprintf.o)
                              objs_RED/sensors/legacy/sensor_driver.o (symbol from plugin) (vfPrintf)
C:/Users/makot/Desktop/ScoreBoradProject/MWSTAGE-2020-04_win10/MWSTAGE/MWSDK/TWENET/current/lib/libTWENETutils_RED.a(utils.o)
                              objs_RED/mwx_appcore.o (symbol from plugin) (vTimerConfig)
C:/Users/makot/Desktop/ScoreBoradProject/MWSTAGE-2020-04_win10/MWSTAGE/MWSDK/TWENET/current/lib/libTWENETutils_RED.a(ccm.o)
                              AES_CCM.o (symbol from plugin) (ccm_init_and_key)
C:/Users/makot/Desktop/ScoreBoradProject/MWSTAGE-2020-04_win10/MWSTAGE/MWSDK/TWENET/current/lib/libTWENETutils_RED.a(Version.o)
[...]
Memory Configuration

Name             Origin             Length             Attributes
flash            0x0000000000080000 0x0000000000080000
ram              0x000000000400004c 0x0000000000007fb4
*default*        0x0000000000000000 0xffffffffffffffff

Linker script and memory map

LOAD objs_RED/sensors/legacy/SMBus.o
LOAD C:\Users\makot\AppData\Local\Temp\ccPGd68n.ltrans0.ltrans.o
LOAD C:\Users\makot\AppData\Local\Temp\ccPGd68n.ltrans1.ltrans.o
LOAD C:\Users\makot\AppData\Local\Temp\ccPGd68n.ltrans2.ltrans.o
LOAD C:\Users\makot\AppData\Local\Temp\ccPGd68n.ltrans3.ltrans.o
LOAD C:\Users\makot\AppData\Local\Temp\ccPGd68n.ltrans4.ltrans.o
LOAD C:\Users\makot\AppData\Local\Temp\ccPGd68n.ltrans5.ltrans.o
LOAD C:\Users\makot\AppData\Local\Temp\ccPGd68n.ltrans6.ltrans.o
LOAD C:\Users\makot\AppData\Local\Temp\ccPGd68n.ltrans7.ltrans.o
LOAD C:\Users\makot\AppData\Local\Temp\ccPGd68n.ltrans8.ltrans.o
LOAD C:\Users\makot\AppData\Local\Temp\ccPGd68n.ltrans9.ltrans.o
LOAD C:\Users\makot\AppData\Local\Temp\ccPGd68n.ltrans10.ltrans.o
LOAD C:\Users\makot\AppData\Local\Temp\ccPGd68n.ltrans11.ltrans.o
LOAD C:\Users\makot\AppData\Local\Temp\ccPGd68n.ltrans12.ltrans.o
LOAD C:\Users\makot\AppData\Local\Temp\ccPGd68n.ltrans13.ltrans.o
LOAD C:\Users\makot\AppData\Local\Temp\ccPGd68n.ltrans14.ltrans.o
LOAD C:\Users\makot\AppData\Local\Temp\ccPGd68n.ltrans15.ltrans.o
LOAD C:\Users\makot\AppData\Local\Temp\ccPGd68n.ltrans16.ltrans.o
LOAD C:\Users\makot\AppData\Local\Temp\ccPGd68n.ltrans17.ltrans.o
LOAD C:\Users\makot\AppData\Local\Temp\ccPGd68n.ltrans18.ltrans.o
LOAD C:\Users\makot\AppData\Local\Temp\ccPGd68n.ltrans19.ltrans.o
LOAD C:\Users\makot\AppData\Local\Temp\ccPGd68n.ltrans20.ltrans.o
LOAD c:/users/makot/desktop/scoreboradproject/mwstage-2020-04_win10/mwstage/mwsdk/tools/ba-elf-ba2-r36379.w10/bin/../lib/gcc/ba-elf/4.7.4/../../../../ba-elf/lib/mcpu_jn51xx_sizeopt\libc.a
LOAD c:/users/makot/desktop/scoreboradproject/mwstage-2020-04_win10/mwstage/mwsdk/tools/ba-elf-ba2-r36379.w10/bin/../lib/gcc/ba-elf/4.7.4/mcpu_jn51xx_sizeopt\libgcc.a
LOAD c:/users/makot/desktop/scoreboradproject/mwstage-2020-04_win10/mwstage/mwsdk/tools/ba-elf-ba2-r36379.w10/bin/../lib/gcc/ba-elf/4.7.4/../../../../ba-elf/lib/mcpu_jn51xx_sizeopt\libc.a
LOAD objs_RED/sensors/legacy/sensor_driver.o
LOAD objs_RED/sensors/legacy/SHTC3.o
LOAD objs_RED/sensors/legacy/LTR308ALS.o
LOAD objs_RED/mwx_debug.o
LOAD objs_RED/WirelessUart_receive.o
LOAD objs_RED/mwx_utils_crc8.o
LOAD objs_RED/mwx_appcore.o
LOAD objs_RED/mwx_memory.o
LOAD objs_RED/mwx_periph.o
LOAD objs_RED/mwx_periph_dio.o
LOAD objs_RED/mwx_periph_buttons.o
LOAD objs_RED/mwx_periph_analogue.o
LOAD objs_RED/mwx_stream.o
LOAD objs_RED/mwx_duplicate_checker.o
LOAD objs_RED/mwx_settings.o
LOAD objs_RED/mwx_settings_default.o
LOAD objs_RED/boards/mwx_brd_pal_amb.o
LOAD objs_RED/boards/mwx_brd_pal_mot.o
LOAD objs_RED/boards/mwx_brd_pal_mag.o
LOAD objs_RED/boards/mwx_brd_monostick.o
LOAD objs_RED/boards/mwx_brd_app_twelite.o
LOAD objs_RED/networks/mwx_nwk_simple.o
LOAD objs_RED/sensors/legacy/probe.o
LOAD objs_RED/sensors/mwx_sns_MC3630.o
LOAD C:/Users/makot/Desktop/ScoreBoradProject/MWSTAGE-2020-04_win10/MWSTAGE/MWSDK/TWENET/current/lib/libTWENET_RED.a
LOAD C:/Users/makot/Desktop/ScoreBoradProject/MWSTAGE-2020-04_win10/MWSTAGE/MWSDK/TWENET/current/lib/libTWENEText_RED.a
LOAD C:/Users/makot/Desktop/ScoreBoradProject/MWSTAGE-2020-04_win10/MWSTAGE/MWSDK/TWENET/current/lib/libTWENETutils_RED.a
LOAD C:/Users/makot/Desktop/ScoreBoradProject/MWSTAGE-2020-04_win10/MWSTAGE/MWSDK/TWENET/current/lib/libTWENETstgs_RED.a
START GROUP
LOAD C:/Users/makot/Desktop/ScoreBoradProject/MWSTAGE-2020-04_win10/MWSTAGE/MWSDK/ChipLib/SW4063V1416/Components/Library\libAppApi_JN5169.a
LOAD C:/Users/makot/Desktop/ScoreBoradProject/MWSTAGE-2020-04_win10/MWSTAGE/MWSDK/ChipLib/SW4063V1416/Components/Library\libMAC_JN5169.a
LOAD C:/Users/makot/Desktop/ScoreBoradProject/MWSTAGE-2020-04_win10/MWSTAGE/MWSDK/ChipLib/SW4063V1416/Components/Library\libTimerServer_JN516x.a
LOAD C:/Users/makot/Desktop/ScoreBoradProject/MWSTAGE-2020-04_win10/MWSTAGE/MWSDK/ChipLib/SW4063V1416/Components/Library\libTOF_JN516x.a
LOAD C:/Users/makot/Desktop/ScoreBoradProject/MWSTAGE-2020-04_win10/MWSTAGE/MWSDK/ChipLib/SW4063V1416/Components/Library\libXcv_JN5169.a
LOAD C:/Users/makot/Desktop/ScoreBoradProject/MWSTAGE-2020-04_win10/MWSTAGE/MWSDK/ChipLib/SW4063V1416/Components/Library\libMMAC_JN5169.a
LOAD C:/Users/makot/Desktop/ScoreBoradProject/MWSTAGE-2020-04_win10/MWSTAGE/MWSDK/ChipLib/SW4063V1416/Components/Library\libJPT_JN5169.a
LOAD C:/Users/makot/Desktop/ScoreBoradProject/MWSTAGE-2020-04_win10/MWSTAGE/MWSDK/ChipLib/SW4063V1416/Components/Library\libAes_JN516x.a
LOAD C:/Users/makot/Desktop/ScoreBoradProject/MWSTAGE-2020-04_win10/MWSTAGE/MWSDK/ChipLib/SW4063V1416/Components/Library\libHardwareApi_JN5169.a
LOAD C:/Users/makot/Desktop/ScoreBoradProject/MWSTAGE-2020-04_win10/MWSTAGE/MWSDK/ChipLib/SW4063V1416/Components/Library\libMicroSpecific_JN516x.a
LOAD C:/Users/makot/Desktop/ScoreBoradProject/MWSTAGE-2020-04_win10/MWSTAGE/MWSDK/ChipLib/SW4063V1416/Components/Library\libBoot_JN516x.a
LOAD C:/Users/makot/Desktop/ScoreBoradProject/MWSTAGE-2020-04_win10/MWSTAGE/MWSDK/ChipLib/SW4063V1416/Components/Library\libPDM_EEPROM_JN516x_NO_RTOS.a
LOAD C:/Users/makot/Desktop/ScoreBoradProject/MWSTAGE-2020-04_win10/MWSTAGE/MWSDK/TWENET/current/lib/libTWENET_RED.a
LOAD C:/Users/makot/Desktop/ScoreBoradProject/MWSTAGE-2020-04_win10/MWSTAGE/MWSDK/TWENET/current/lib/libTWENEText_RED.a
LOAD C:/Users/makot/Desktop/ScoreBoradProject/MWSTAGE-2020-04_win10/MWSTAGE/MWSDK/TWENET/current/lib/libTWENETutils_RED.a
LOAD C:/Users/makot/Desktop/ScoreBoradProject/MWSTAGE-2020-04_win10/MWSTAGE/MWSDK/TWENET/current/lib/libTWENETstgs_RED.a
END GROUP
LOAD c:/users/makot/desktop/scoreboradproject/mwstage-2020-04_win10/mwstage/mwsdk/tools/ba-elf-ba2-r36379.w10/bin/../lib/gcc/ba-elf/4.7.4/../../../../ba-elf/lib/mcpu_jn51xx_sizeopt\libstdc++.a
LOAD c:/users/makot/desktop/scoreboradproject/mwstage-2020-04_win10/mwstage/mwsdk/tools/ba-elf-ba2-r36379.w10/bin/../lib/gcc/ba-elf/4.7.4/../../../../ba-elf/lib/mcpu_jn51xx_sizeopt\libm.a
LOAD c:/users/makot/desktop/scoreboradproject/mwstage-2020-04_win10/mwstage/mwsdk/tools/ba-elf-ba2-r36379.w10/bin/../lib/gcc/ba-elf/4.7.4/../../../../ba-elf/lib/mcpu_jn51xx_sizeopt\libc.a
LOAD c:/users/makot/desktop/scoreboradproject/mwstage-2020-04_win10/mwstage/mwsdk/tools/ba-elf-ba2-r36379.w10/bin/../lib/gcc/ba-elf/4.7.4/mcpu_jn51xx_sizeopt\libgcc.a
LOAD c:/users/makot/desktop/scoreboradproject/mwstage-2020-04_win10/mwstage/mwsdk/tools/ba-elf-ba2-r36379.w10/bin/../lib/gcc/ba-elf/4.7.4/../../../../ba-elf/lib/mcpu_jn51xx_sizeopt\libc.a
                0x0000000000001000                _minimum_heap_size = 0x1000
                0x0000000000000c00                _stack_size = 0xc00
                0x0000000000080038                exception_vsr_table = 0x80038
                0x0000000004000000                pSPIflashFncTable = 0x4000000
                0x0000000000000044                restore_state = 0x44
                0x000000000000004a                bZSPIWaitWIPClear = 0x4a
                0x0000000000000050                u16ZSPIflashRDID = 0x50
                0x0000000000000056                u8SelectFlashChipType = 0x56
                0x000000000000005c                memcpy = 0x5c
                0x0000000000000066                vBootFlashProg = 0x66
                [0x0000000000000d16]                __minimum_heap_size = DEFINED (__minimum_heap_size)?__minimum_heap_size:0xd16
                [0x0000000000000800]                __stack_size = DEFINED (__stack_size)?__stack_size:0x800
                0x0000000000000000                _SwConfig = (DEFINED (g_bSWConf_Debug) | (DEFINED (g_bSWConf_AltDebugPort) << 0x1))

.version        0x000000000007fffc        0x4
                0x000000000007fffc        0x4 LONG 0xf03000b

.bir            0x0000000000080000       0x10
                0x0000000000080000                _flash_start = ABSOLUTE (.)
                0x0000000000080000                _flash_beg = ABSOLUTE (.)
                0x0000000000080000        0x4 LONG 0x12345678
                0x0000000000080004        0x4 LONG 0x11223344
                0x0000000000080008        0x4 LONG 0x55667788
                0x000000000008000c        0x1 BYTE 0x8
                0x000000000008000d        0x1 BYTE 0x1
                0x000000000008000e        0x2 SHORT 0x0

.flashheader    0x0000000000080010       0x28
                0x0000000000080010        0x4 LONG 0x0
                0x0000000000080014        0x4 LONG 0x0
                0x0000000000080018        0x4 LONG 0x0
                0x000000000008001c        0x2 SHORT 0x0
                0x000000000008001e        0x2 SHORT 0x0 ABSOLUTE (_SwConfig)
                0x0000000000080020                _enc_start = ABSOLUTE (.)
                0x0000000000080020        0x4 LONG 0xfec0 ABSOLUTE (_image_len)
                0x0000000000080024        0x4 LONG 0x8feb4 ABSOLUTE (_flash_data_start)
                0x0000000000080028        0x2 SHORT 0x13 ((ABSOLUTE (_ram_data_start) / 0x4) & 0xffff)
                0x000000000008002a        0x2 SHORT 0x3 ((ABSOLUTE (_ram_data_len) / 0x4) & 0xffff)
                0x000000000008002c        0x2 SHORT 0x16 ((ABSOLUTE (_bss_start) / 0x4) & 0xffff)
                0x000000000008002e        0x2 SHORT 0x591 ((ABSOLUTE (_bss_len) / 0x4) & 0xffff)
                0x0000000000080030        0x4 LONG 0x862b8 ABSOLUTE (AppWarmStart)
                0x0000000000080034        0x4 LONG 0x86d24 ABSOLUTE (AppColdStart)
                0x0000000000000000                _enc_offset = (_enc_start & 0xf)
                0x0000000000000044                PROVIDE (vException_BusError, restore_state)
                0x0000000000000044                PROVIDE (vException_UnalignedAccess, restore_state)
                0x0000000000000044                PROVIDE (vException_IllegalInstruction, restore_state)
                0x0000000000000044                PROVIDE (vException_SysCall, restore_state)
                0x0000000000000044                PROVIDE (vException_Trap, restore_state)
                0x0000000000000044                PROVIDE (vException_StackOverflow, restore_state)
                0x0000000000080038                . = ABSOLUTE (exception_vsr_table)

.vsr_table      0x0000000000080038       0x18
                0x0000000000080038        0x4 LONG 0x44 ABSOLUTE (vException_BusError)
                0x000000000008003c        0x4 LONG 0x44 ABSOLUTE (vException_UnalignedAccess)
                0x0000000000080040        0x4 LONG 0x44 ABSOLUTE (vException_IllegalInstruction)
                0x0000000000080044        0x4 LONG 0x44 ABSOLUTE (vException_SysCall)
                0x0000000000080048        0x4 LONG 0x44 ABSOLUTE (vException_Trap)
                0x000000000008004c        0x4 LONG 0x44 ABSOLUTE (vException_StackOverflow)

.vsr_handlers   0x0000000000080050       0xaa
 *(.vsr_handlers)
 .vsr_handlers  0x0000000000080050       0xaa C:/Users/makot/Desktop/ScoreBoradProject/MWSTAGE-2020-04_win10/MWSTAGE/MWSDK/ChipLib/SW4063V1416/Components/Library\libBoot_JN516x.a(ExceptionHandler.o)
                0x0000000000080050                _exception_external_interrupt
                0x00000000000800f8                _default_vsr_dummy

.rodata         0x0000000000080100      0x6a0
 *(.rodata*)
 .rodata        0x0000000000080100      0x148 C:\Users\makot\AppData\Local\Temp\ccPGd68n.ltrans0.ltrans.o
 .rodata.str1.1
                0x0000000000080248       0x12 C:\Users\makot\AppData\Local\Temp\ccPGd68n.ltrans2.ltrans.o
 *fill*         0x000000000008025a        0x6 00
 .rodata        0x0000000000080260       0xd0 C:\Users\makot\AppData\Local\Temp\ccPGd68n.ltrans2.ltrans.o
 .rodata        0x0000000000080330       0xd4 C:\Users\makot\AppData\Local\Temp\ccPGd68n.ltrans3.ltrans.o
                0x0000000000080330                s_aprScanHandleEvt.18217
                0x0000000000080360                apvActionCalls
                0x00000000000803e8                aprLPBMacVectorRamTable
                0x00000000000803fc                psTamMacContext
                0x0000000000080400                psTAMcontext
 .rodata.str1.1
                0x0000000000080404       0xdd C:\Users\makot\AppData\Local\Temp\ccPGd68n.ltrans4.ltrans.o
                                         0xdf (size before relaxing)
 .rodata        0x00000000000804e1        0x5 C:\Users\makot\AppData\Local\Temp\ccPGd68n.ltrans4.ltrans.o
 .rodata.str1.1
                0x00000000000804e6       0x10 C:\Users\makot\AppData\Local\Temp\ccPGd68n.ltrans5.ltrans.o
 .rodata        0x00000000000804f6       0x11 C:\Users\makot\AppData\Local\Temp\ccPGd68n.ltrans5.ltrans.o
 .rodata        0x0000000000080507        0xa C:\Users\makot\AppData\Local\Temp\ccPGd68n.ltrans6.ltrans.o
 .rodata.str1.1
                0x0000000000080511       0x14 C:\Users\makot\AppData\Local\Temp\ccPGd68n.ltrans7.ltrans.o
 .rodata        0x0000000000080525       0x17 C:\Users\makot\AppData\Local\Temp\ccPGd68n.ltrans7.ltrans.o
 .rodata        0x000000000008053c        0x6 C:\Users\makot\AppData\Local\Temp\ccPGd68n.ltrans8.ltrans.o
                0x000000000008053c                aeXcvPhyEvtToScanEvt.5424.18220
 .rodata.str1.1
                0x0000000000080542       0x27 C:\Users\makot\AppData\Local\Temp\ccPGd68n.ltrans9.ltrans.o
 *fill*         0x0000000000080569        0x3 00
 .rodata        0x000000000008056c       0x7c C:\Users\makot\AppData\Local\Temp\ccPGd68n.ltrans9.ltrans.o
                0x00000000000805a0                u32MacLow_TOCOS
                0x00000000000805a4                u32MacHigh_TOCOS
 .rodata        0x00000000000805e8        0xc C:\Users\makot\AppData\Local\Temp\ccPGd68n.ltrans10.ltrans.o
 .rodata        0x00000000000805f4        0x4 C:\Users\makot\AppData\Local\Temp\ccPGd68n.ltrans11.ltrans.o
 .rodata        0x00000000000805f8       0x24 C:\Users\makot\AppData\Local\Temp\ccPGd68n.ltrans12.ltrans.o
                0x0000000000080600                psTamXcvContext
 .rodata.str1.1
                0x000000000008061c       0x2d C:\Users\makot\AppData\Local\Temp\ccPGd68n.ltrans13.ltrans.o
                                         0x30 (size before relaxing)
 .rodata        0x0000000000080649       0x9a C:\Users\makot\AppData\Local\Temp\ccPGd68n.ltrans15.ltrans.o
 .rodata.str1.1
                0x00000000000806e3       0x3f C:\Users\makot\AppData\Local\Temp\ccPGd68n.ltrans16.ltrans.o
 *fill*         0x0000000000080722        0x2 00
 .rodata        0x0000000000080724       0x30 C:\Users\makot\AppData\Local\Temp\ccPGd68n.ltrans17.ltrans.o
                0x0000000000080724                au32TimerBaseAddress
                0x0000000000080738                CSWTCH.35.28806.28806
                0x000000000008074c                au32UartAddrOffset
 .rodata.str1.1
                0x0000000000080754       0x11 C:\Users\makot\AppData\Local\Temp\ccPGd68n.ltrans18.ltrans.o
                                         0x22 (size before relaxing)
 *fill*         0x0000000000080765        0x3 00
 .rodata        0x0000000000080768       0x38 C:\Users\makot\AppData\Local\Temp\ccPGd68n.ltrans18.ltrans.o
                0x0000000000080768                asStateFuncTbl.8129

.text           0x00000000000807a0     0xf713
 *(.text*)
 .text          0x00000000000807a0      0xcfc C:\Users\makot\AppData\Local\Temp\ccPGd68n.ltrans0.ltrans.o
                0x00000000000807a0                mac_vLPBAdjustBeaconOffset
                0x00000000000807fd                mac_u32LPBGetBeaconTimeout
                0x0000000000080806                eWEnDTmrExpiry.17858
                0x0000000000080811                eWEnDEdDone.17855
                0x000000000008086c                eGenlDontCare.17852
                0x0000000000080871                eGenlIllegal.17477
                0x0000000000080878                u32GetTimer0
                0x000000000008087f                vSetTimer0
                0x000000000008088e                _out_fct.12520
                0x00000000000808a0                _out_null.12526
                0x00000000000808a3                SerCmdBinary_Output.11806
                0x000000000008090c                SerCmdBinary_u8Parse.11759
                0x0000000000080a14                SerCmdAscii_u8Parse.11691
                0x0000000000080b7d                vOutputStream.11672
                0x0000000000080b89                vHandlerPatch.10067
                0x0000000000080bc0                _ZN3mwx2L112appdefs_crtpINS0_9NwkSimpleEE18_cbTweNet_vHwEventEPvmm.local.199
                0x0000000000080bc3                _ZN3mwx2L112appdefs_crtpINS0_9NwkSimpleEE17_cbTweNet_u8HwIntEPvmm.local.198
                0x0000000000080bc8                _ZN3mwx2L112appdefs_crtpINS0_9NwkSimpleEE18_cbTweNet_vTxEventEPvRNS0_12packet_ev_txE.local.203
                0x0000000000080be2                _ZN3mwx2L112appdefs_crtpINS0_9NwkSimpleEE19_cbTweNet_vNwkEventEPvRNS0_13packet_ev_nwkE.local.204
                0x0000000000080bf3                _ZN3mwx2L112appdefs_crtpINS0_9NwkSimpleEE15_cbTweNet_vMainEPv.local.205
                0x0000000000080bf6                _ZN3mwx2L110serial_jen7vOutputEcPv.local.206
                0x0000000000080c02                vTACu32ToPayloadM
                0x0000000000080c1a                bTACframeInProgress
                0x0000000000080c44                bTACassessBeaconForPayload
                0x0000000000080c95                bIsBbcSafeForTx
                0x0000000000080cca                vTATwriteAclMaterialToHardware
                0x0000000000080cef                vTATsetBLE
                0x0000000000080d26                vTATgetFramePayload
                0x0000000000080d43                eTATreadTXstatus
                0x0000000000080d89                vTAHsetPhyStateDirect.part.0.22338
                0x0000000000080da5                vMEMreturn
                0x0000000000080e16                vTACinformOriginator
                0x0000000000080e38                pvMEMget
                0x0000000000080e64                vTAMDEdetermineNullState
                0x0000000000080e7e                vTAMCOupdatePendingList
                0x0000000000080f50                vTAMCOsetCoordinator
                0x0000000000080f76                eScanHandleEvt.part.0.17888
                0x0000000000080f9f                mac_eDcfmIndPost
                0x0000000000080fc0                mac_psDcfmIndGetBuf
                0x0000000000080fe1                vMLMErxEnableConfirm
                0x0000000000081013                vMLMEcommStatus
                0x0000000000081076                vMLMEcommStatusFromFrame
                0x00000000000810ba                vMLMEsyncLoss
                0x00000000000810ed                vPMICpostFailedAssocDcfm
                0x0000000000081125                vPMICassocReqTO_2.16305
                0x000000000008113c                MAC_vPibSetPanId
                0x0000000000081157                vHandleTofRequest.14411
                0x000000000008115a                vAppApiDefSetPrbsSeed
                0x000000000008117e                u8CCITT8
                0x00000000000811a4                Mac_vInit
                0x00000000000811f0                bAES_CCM_KeyReg
                0x000000000008122f                bFifoPush.8773
                0x0000000000081268                vAppQApiPostMlme.8759
                0x0000000000081287                vAppQApiPostMcps.8766
                0x00000000000812a2                pvFifoPull.8770
                0x00000000000812c9                psAppQApiGetMlmeBuffer.8756
                0x00000000000812d1                psAppQApiGetMcpsBuffer.8763
                0x00000000000812d9                PRSEV_vSetState
                0x00000000000812e9                PRSEV_vProcessEv_core.7213
                0x000000000008138b                PRSEV_vProcessEvPost
                0x00000000000813bd                _PRSEV_vProcessEvSingle
                0x00000000000813ca                ToCoNet_vMacStart
                0x00000000000813d7                mwx::L1::duplciate_checker::_node_ele_init(mwx::L1::duplciate_checker::_node_ele*)
                0x00000000000813f6                _ZN3mwx2L17smplbufIhNS0_12alloc_attachIhEEE9push_backERKh.local.51
                0x0000000000081413                _ZN3mwx2L113serial_parserINS0_10alloc_heapIhEEEC1Ev.local.71
                0x000000000008144a                _ZN3mwx2L112appdefs_virt8on_eventEmRm.local.125
                0x000000000008145c                _ZN3mwx2L112appdefs_virt18cbToCoNet_vTxEventERNS0_12packet_ev_txE.local.128
                0x000000000008146e                _ZN3mwx2L112appdefs_virt19cbToCoNet_vNwkEventERNS0_13packet_ev_nwkE.local.130
                0x0000000000081480                _ZN3mwx2L112appdefs_virt5setupEv.local.132
 .text.unlikely
                0x000000000008149c       0x5f C:\Users\makot\AppData\Local\Temp\ccPGd68n.ltrans0.ltrans.o
                0x000000000008149c                PRSEV_u8Register
                0x00000000000814da                _PRSEV_vProcessEvSingleH
                0x00000000000814e9                _ZN3mwx2L112appdefs_virt18cbToCoNet_vRxEventERNS0_9packet_rxE.local.129
 .text          0x00000000000814fb      0xc31 C:\Users\makot\AppData\Local\Temp\ccPGd68n.ltrans1.ltrans.o
                0x00000000000814fb                SERIAL_vTxReady
                0x0000000000081533                vHnd_E_STATE_RUNNING.8104
                0x000000000008177f                bAHI_ReadMACID
                0x00000000000817c5                vMLMEbeaconNotify
                0x0000000000081923                vMCPSframeReceived
                0x00000000000819e6                vTAMRXEsetPhy
                0x0000000000081aa9                vTAHsetPhyState
                0x0000000000081ad9                vTAMCOint2Fired
                0x0000000000081af9                vSetPHYfromMacValue.20995
                0x0000000000081b2b                vTAMDEint1FiredWaitDR
                0x0000000000081b38                vTACsetPHYfromMacValue
                0x0000000000081b59                vTAMRXEsetReceiveForPibChange
                0x0000000000081b99                ToCoNet_vInit
                0x0000000000081ed6                vExpireHead.27422
                0x0000000000081f06                _ZN3mwx2L110twenet_mac8transmitERNS0_9packet_txE.local.53.constprop.319
                0x00000000000820e7                fctprintf
                0x0000000000082109                _ZN3mwx2L111_printobj_2ImhE9_do_printEPvPFvcS3_ES3_.local.197
                0x0000000000082120                MWX_DebugMsg.constprop.334
 .text.unlikely
                0x000000000008212c        0xf C:\Users\makot\AppData\Local\Temp\ccPGd68n.ltrans1.ltrans.o
                0x000000000008212c                u32AppQApiInitInt_PATCH
 .text          0x000000000008213b      0xee3 C:\Users\makot\AppData\Local\Temp\ccPGd68n.ltrans2.ltrans.o
                0x0000000000082333                _ftoa.12594.constprop.340
                0x000000000008268c                _ntoa_long_long.12568.constprop.337
                0x0000000000082761                _ntoa_long.12556.constprop.342
                0x000000000008282e                vMicroIntEnableOnly.constprop.330
                0x000000000008285a                vMMAC_SetChannelAndPower
                0x0000000000082a03                vPhySetChannel
                0x0000000000082a22                QUEUE__u8RemoveItem
                0x0000000000082a7c                QUEUE__vAddItem.constprop.320
                0x0000000000082aae                _ToCoNet_bRfChChannel
                0x0000000000082b45                ToCoNet_ChMgr_bCh_Reconfig
                0x0000000000082bad                ToCoNet_ChMgr_vCh_TxFin
                0x0000000000082bd9                vHnd_E_STATE_WAIT_TX.8096
                0x0000000000082c49                vHnd_E_STATE_IDLE.8088
                0x0000000000082c9e                vAHI_ProtocolPower.constprop.329
                0x0000000000082cac                vMMAC_ConfigureRadio
                0x0000000000082e57                bAHI_SetClockRate
                0x0000000000082f62                bAES_CCM_DecodeKey
 .text.unlikely
                0x000000000008301e       0x45 C:\Users\makot\AppData\Local\Temp\ccPGd68n.ltrans2.ltrans.o
                0x000000000008301e                vAHI_MemoryHold.28570
 *fill*         0x0000000000083063        0x1 00
 .text          0x0000000000083064      0xba4 C:\Users\makot\AppData\Local\Temp\ccPGd68n.ltrans3.ltrans.o
                0x0000000000083064                eWBRTTxDone.17874
                0x0000000000083082                vTAMCOframeTXgoingIdle
                0x000000000008309b                vTAMCOframeTXcap
                0x00000000000830bf                eWCoRRxDone.17865
                0x0000000000083169                eWBcnRxDone.17877
                0x0000000000083756                vTAMCOframeRXcap
                0x0000000000083768                vTAMCOframeRXgoingIdle
                0x000000000008377e                vTAMCOframeRXnobeacon
                0x0000000000083790                vTAMDEframeRX
                0x00000000000837b8                vTAMDEframeRXtrackingDR
                0x00000000000837fb                vTAMDEframePreSyncReq
                0x0000000000083813                vTAMCOframeTXbeacon
                0x00000000000838da                vTAMDEframeRXsyncReq
                0x0000000000083b29                vTAMDEint1FiredTrackingCAPgts
                0x0000000000083bda                eWONTTxDone.17871
 .text          0x0000000000083c08      0x20b C:\Users\makot\AppData\Local\Temp\ccPGd68n.ltrans4.ltrans.o
                0x0000000000083c08                mwx::L1::NwkSimple::on_create(unsigned long&)
                0x0000000000083cd7                _ZN3mwx2L123twenet_instance_manager3useINS0_9NwkSimpleEEERT_v.local.169.constprop.292
 .text.unlikely
                0x0000000000083e13      0x51f C:\Users\makot\AppData\Local\Temp\ccPGd68n.ltrans4.ltrans.o
                0x0000000000083e13                loop()
 .text          0x0000000000084332      0xa49 C:\Users\makot\AppData\Local\Temp\ccPGd68n.ltrans5.ltrans.o
                0x00000000000843ea                SerCmdAscii_Output.11740
                0x000000000008455b                vHnd_E_STATE_FINISH_TX_FAIL.8073
                0x0000000000084611                vHnd_E_STATE_FINISH_TX_SUCCESS.8078
                0x00000000000846dc                vAppQApiPostHwIntT.8752
                0x00000000000847af                vTimerStart
                0x00000000000848c8                cbAppColdStart.part.25.3689
                0x0000000000084b4c                MWX_Panic
                0x0000000000084bb0                _Z41__static_initialization_and_destruction_0ii.part.26.3694
 .text.unlikely
                0x0000000000084d7b      0x189 C:\Users\makot\AppData\Local\Temp\ccPGd68n.ltrans5.ltrans.o
                0x0000000000084d7b                bStartXtal32k.28477
                0x0000000000084e88                _ZN3mwx2L114periph_twowireILi32EE17beginTransmissionEh.local.23.constprop.279
                0x0000000000084ebf                _ZN3mwx2L114periph_twowireILi32EE11cmd_tx_stopEv.isra.2.6740
                0x0000000000084edf                _ZN3mwx2L114periph_twowireILi32EE15endTransmissionEb.local.22.constprop.281
 .text          0x0000000000084f04      0xb7f C:\Users\makot\AppData\Local\Temp\ccPGd68n.ltrans6.ltrans.o
                0x0000000000085064                bAES_CCM_EncodeKey
                0x0000000000085111                bTAM_AES_CCMstarPatch
                0x0000000000085255                bTAM_AES_CCMstarPatch2006
                0x0000000000085534                bTATsendFrame
                0x0000000000085587                vTrySendFromDirectCAP.20452
                0x00000000000855a2                vTrySendFromDirectNoBeacon.20456
                0x00000000000855cd                vTAMCOint1Fired
                0x00000000000856e9                vTAMCOstartBeacon
                0x0000000000085724                vStartStoreValues.20520
                0x00000000000857db                vTAMCOint1FiredCAP
                0x000000000008584e                vTAMCOreqTXnoBeacon
                0x0000000000085860                vTAMCOreqTXinCAP
                0x0000000000085886                vTrySendUnslotted.20997
                0x00000000000858a0                bSendDataRequest.20999
                0x00000000000859b2                bProcessBeaconRX.21002
 .text          0x0000000000085a83      0x5e0 C:\Users\makot\AppData\Local\Temp\ccPGd68n.ltrans7.ltrans.o
                0x0000000000085a83                UART_vHandleUartInterrupt.10195
                0x0000000000085b0a                _ZN3mwx2L114processev_crtpINS0_9NwkSimpleEE14vProcessEvCoreEP8_tsEvent7teEventm.local.202
                0x0000000000085baf                vRxChar.10092
                0x0000000000085c00                vXCV_IntHandlerPhy
                0x0000000000085cb2                vScanHandleTimer.17474
                0x0000000000085cb7                vXCV_IntHandlerBbc
                0x0000000000085d5a                SERIAL_i16RxChar
                0x0000000000085db9                TWETERM_iGetC.12430
                0x0000000000085ddb                u8TAM_AES_WriteAuxilliarySecurityHeaderIntoBuffer
                0x0000000000085e4d                u32AHI_ReadIndexSectorBits.constprop.215
                0x0000000000085eae                vTAIsetCapTime
                0x0000000000085ecf                vTAIsetRxEnableTime
                0x0000000000085ef0                vDoGoActive.24161
                0x0000000000085f12                vTAMRXEint2Fired
                0x0000000000085f48                _ZN3mwx2L115periph_analogue5setupEbhPFvvE.isra.4.3232.constprop.276
                0x0000000000085fce                _ZL5delaym.2176
 .text.unlikely
                0x0000000000086063      0x17e C:\Users\makot\AppData\Local\Temp\ccPGd68n.ltrans7.ltrans.o
                0x00000000000860c3                _ZN3mwx2L114periph_twowireILi32EE9busy_waitEv.isra.0.6738
                0x000000000008610c                _ZN3mwx2L114periph_twowireILi32EE5writeEPKhh.local.182.constprop.299
                0x0000000000086168                Delay.28471.constprop.224
 *fill*         0x00000000000861e1        0x3 00
 .text          0x00000000000861e4      0xa90 C:\Users\makot\AppData\Local\Temp\ccPGd68n.ltrans8.ltrans.o
                0x00000000000861e4                vPostDcfm.17861
                0x00000000000862b8                AppWarmStart
                0x0000000000086393                vSetNextChannel.17909
                0x00000000000863ec                MAC_vHandleMlmeReqRsp
                0x0000000000086b9d                vTAMDEint1FiredTracking
                0x0000000000086c0d                vTAMDEint1FiredSyncReq
 .text          0x0000000000086c74      0x60c C:\Users\makot\AppData\Local\Temp\ccPGd68n.ltrans9.ltrans.o
                0x0000000000086c74                _ZN3mwx2L112appdefs_crtpINS0_9NwkSimpleEE9_on_eventEPvmRm.local.201
                0x0000000000086cbd                vProcessEvCoreMac
                0x0000000000086d24                AppColdStart
 .text.unlikely
                0x0000000000087280      0x3b3 C:\Users\makot\AppData\Local\Temp\ccPGd68n.ltrans9.ltrans.o
                0x0000000000087280                ToCoNet_vStart
 .text          0x0000000000087633      0xa5c C:\Users\makot\AppData\Local\Temp\ccPGd68n.ltrans10.ltrans.o
                0x0000000000087633                mac_vLPBStartTimer
                0x000000000008793e                vTimerCallback.28453
                0x0000000000087949                vProcessEvCoreTx.8065
                0x0000000000087a33                vPollClkSource.28461.constprop.317
                0x0000000000087a48                vAHI_SiMasterConfigure.constprop.308
                0x0000000000087a7c                _ZN3mwx2L16twenet5beginEv.local.109.constprop.282
                0x0000000000087ac1                vAHI_TimerEnable.part.1.28673.constprop.257
                0x0000000000087b2c                _ZN3mwx2L115periph_analogue10_adc_startEv.local.62.constprop.249
                0x0000000000087c15                u8HwEventHandler.7423
                0x0000000000087cba                mwx::L1::periph_analogue::ADC_handler(unsigned long, unsigned long)
                0x0000000000087d01                bAES_CCMstar
                0x0000000000087dcd                pvHeap_Alloc
                0x0000000000087dd0                operator new(unsigned long)
                0x0000000000087df3                u32AHI_Init
                0x0000000000087eb5                vMicroIntRestoreState
                0x0000000000087ec1                u8AHI_WakeTimerFiredStatus
                0x0000000000087ed5                vAHI_WakeTimerStop.part.3.29138
                0x0000000000087ef5                mac_vLPBStopTimer
                0x0000000000087eff                vAHI_UartSetRTSCTS.part.15.28919
                0x0000000000087f26                vAHI_UartReset.part.4.28892
                0x0000000000087f5e                vAHI_UartSetControl.part.2.28876
                0x0000000000087faf                vAHI_UartSetBaudDivisor.part.1.28872
                0x0000000000087fee                vAHI_WatchdogStop
                0x0000000000088005                _ZN3mwx2L120periph_pulse_counter10_on_wakeupEv.part.11.3249
                0x000000000008807b                vAHI_DioSetDirection
 .text.unlikely
                0x000000000008808f       0x24 C:\Users\makot\AppData\Local\Temp\ccPGd68n.ltrans10.ltrans.o
                0x000000000008808f                vAHI_CpuDoze
                0x00000000000880a2                vStartXtal32kExternalRc.28467
 .text          0x00000000000880b3      0x9e5 C:\Users\makot\AppData\Local\Temp\ccPGd68n.ltrans11.ltrans.o
                0x00000000000880fe                vAHI_IntHandlerTickTimer
                0x0000000000088145                SERIAL_bTxChar
                0x00000000000881e7                TWETERM_vFlush.12399
                0x000000000008825e                vTACintRXheader
                0x0000000000088a59                eGenRxHdrDone.17868
                0x0000000000088a69                bStartCallback.20549
 *fill*         0x0000000000088a98        0x0 00
 .text          0x0000000000088a98      0x9b4 C:\Users\makot\AppData\Local\Temp\ccPGd68n.ltrans12.ltrans.o
                0x0000000000088a98                vTAMDEint2FiredTrackingDR
                0x0000000000088abe                vTAMDEint2FiredPollActive
                0x0000000000088af3                vTAMDEreqTXnullTrackingCAP
                0x0000000000088b0d                eTAMselect
                0x0000000000088c4c                MAC_pvCtor
                0x0000000000089075                u32AppApiDefInit
                0x0000000000089140                _ToCoNet_vMacInit
                0x00000000000891a6                _ToCoNet_vRfConfig
                0x0000000000089350                vTAMDEint1FiredTrackingBeacon
                0x00000000000893f0                vTAMDEframeTXtrackingDR
 .text          0x000000000008944c      0x9a3 C:\Users\makot\AppData\Local\Temp\ccPGd68n.ltrans13.ltrans.o
                0x000000000008944c                setup()
                0x0000000000089579                ToCoNet_vMain
 .text          0x0000000000089def      0x9fc C:\Users\makot\AppData\Local\Temp\ccPGd68n.ltrans14.ltrans.o
                0x0000000000089def                TSV_eStart
                0x0000000000089ed3                vTAMDEstartSync
                0x0000000000089f51                vDeterminePowerState.21119
                0x0000000000089fd5                vTAM_TxRetryTimer
                0x0000000000089fe1                eTAStransmitRequest
                0x000000000008a37c                vPMICassocReqTO_1.16298
                0x000000000008a404                vTAM_MCPSdataRequest
                0x000000000008a447                bTACcheckPANconflict
                0x000000000008a500                TSV_eOpen
                0x000000000008a508                vAppApiDefRestoreMacSettings
                0x000000000008a5ef                vAppApiDefSaveMacSettings
                0x000000000008a64c                mac_vLPBSleep
                0x000000000008a71f                pvAppApiDefGetMacAddrLocation
                0x000000000008a728                eAppApiDefPlmeGet
                0x000000000008a77a                eAppApiDefPlmeSet
 .text          0x000000000008a7eb      0xa90 C:\Users\makot\AppData\Local\Temp\ccPGd68n.ltrans15.ltrans.o
                0x000000000008a7eb                vAHI_IntHandlerAnalogPeriph
                0x000000000008a80b                vTTIBLETimerExpired
                0x000000000008a816                vACI_CmdWaitBusy
                0x000000000008a87a                vACI_OptimisedCcmStar
                0x000000000008aa92                vTAIdisableInterrupt
                0x000000000008aaab                psRemove.part.0.27417
                0x000000000008aada                vMAC_MISCpollConfirm
                0x000000000008ab0c                MAC_u8AclFindInfo
                0x000000000008ac36                vTASretrieveSecurity
                0x000000000008ac58                MAC_bLookUpKeyDescriptor.24969
                0x000000000008acd2                u8TSCframeIncrease
                0x000000000008ad0b                vTSCpostTransmitUpdate
                0x000000000008ad3c                vCopyToDataFromMacAddr.24879
                0x000000000008ad6f                bTSCgetOutgoingInfo
                0x000000000008ae78                vDoGoOff.24159
                0x000000000008ae92                psTAQsearchFifo
                0x000000000008aedb                bTAQremoveFromFifo
                0x000000000008af18                vTTITransactionTimerExpired
                0x000000000008af42                vTAMinsertEvent
                0x000000000008afa8                vTTITimer2Expired
                0x000000000008afac                vTTITimer1Expired
                0x000000000008afb0                vTAM_TxRetryTimeout
                0x000000000008afb4                vTACsetTxFrameDefaults
                0x000000000008afda                u8TACgetHeaderSize
                0x000000000008b017                bUpdateTime.23197
                0x000000000008b052                vTACbuildBeacon
                0x000000000008b25a                u32TACpayloadToU32M
 .text          0x000000000008b27b      0x790 C:\Users\makot\AppData\Local\Temp\ccPGd68n.ltrans16.ltrans.o
                0x000000000008b27b                _ZN3mwx2L112appdefs_crtpINS0_9NwkSimpleEE18_cbTweNet_vRxEventEPvRNS0_9packet_rxE.local.200
                0x000000000008b78d                cbAppWarmStart.part.23.3530
                0x000000000008b96a                _MWX_periph_init()
 *fill*         0x000000000008ba0b        0x1 00
 .text          0x000000000008ba0c      0x518 C:\Users\makot\AppData\Local\Temp\ccPGd68n.ltrans17.ltrans.o
                0x000000000008ba0c                _ZN3mwx2L113serial_parserINS0_10alloc_heapIhEEE4putcINS0_10serial_jenEEEiiP15_tsTWETERM_FILE.local.163
                0x000000000008ba20                _ZN3mwx2L113serial_parserINS0_12alloc_attachIhEEE4putcINS0_10serial_jenEEEiiP15_tsTWETERM_FILE.local.153
                0x000000000008ba6a                _ZN3mwx2L110serial_jen5beginEmh.isra.17.part.18.3263.constprop.267
                0x000000000008bcdd                vTimerConfig
                0x000000000008beab                _ZN3mwx2L112periph_timer10_on_wakeupEv.local.123
                0x000000000008bee3                _ZN3mwx2L16streamINS0_10serial_jenEElsERNS0_18MWX_Stream_EndLineE.isra.30.2193
                0x000000000008beff                _ZN3mwx2L16streamINS0_10serial_jenEE6_printEPKc.local.167
 .text          0x000000000008bf24      0x53b C:\Users\makot\AppData\Local\Temp\ccPGd68n.ltrans18.ltrans.o
                0x000000000008bf24                vAppApiDefMcpsRequest
                0x000000000008bf4f                vHnd_E_STATE_PREPARE_TX.8083
                0x000000000008c42b                vAppApiDefMlmeRequest
                0x000000000008c456                pvAppApiDefGetMacHandle
 *fill*         0x000000000008c45f        0x1 00
 .text.unlikely
                0x000000000008c460      0x318 C:\Users\makot\AppData\Local\Temp\ccPGd68n.ltrans18.ltrans.o
                0x000000000008c47d                vProcessIncomingHwEvent.7592
 .text          0x000000000008c778      0x780 C:\Users\makot\AppData\Local\Temp\ccPGd68n.ltrans19.ltrans.o
                0x000000000008c778                eGenTmrExpiry.18170
                0x000000000008c7ba                eWEDTEdDone.18173
                0x000000000008c7de                TSV_eStop
                0x000000000008c89d                bPMICdisassocReqSent.16294
                0x000000000008c957                MAC_vHandleMcpsReqRsp
                0x000000000008c9e4                bMCPSframeTXcomplete.18905
                0x000000000008ca39                bSendSyncLoss.23132
                0x000000000008ca51                bPollReqSent.26728
                0x000000000008ca69                bTASsendCommStatusInd
                0x000000000008ca7e                bAssocRespSent.16290
                0x000000000008ca91                eTACprocessFrameTXcomplete
                0x000000000008cc0d                vTAMCOframeTXnobeacon
                0x000000000008cc22                vTAMCOframeStarting
                0x000000000008cc3b                vTAMDEframeTXDEnull
                0x000000000008cc5e                vTAMDEframeTXtrackingCAPgts
                0x000000000008cc8b                bPMICassocReqSent.16286
                0x000000000008cd0d                bPMICassocReqPollSent.16301
                0x000000000008cd61                eWChCChanChgd.17885
 .text          0x000000000008cef8      0x9bf C:\Users\makot\AppData\Local\Temp\ccPGd68n.ltrans20.ltrans.o
                0x000000000008cef8                _etoa.12614.constprop.338
                0x000000000008d2a4                _vsnprintf.constprop.336
 .text          0x000000000008d8b7       0x25 c:/users/makot/desktop/scoreboradproject/mwstage-2020-04_win10/mwstage/mwsdk/tools/ba-elf-ba2-r36379.w10/bin/../lib/gcc/ba-elf/4.7.4/../../../../ba-elf/lib/mcpu_jn51xx_sizeopt\libc.a(lib_a-memcmp.o)
                0x000000000008d8b7                memcmp
 .text          0x000000000008d8dc       0x19 c:/users/makot/desktop/scoreboradproject/mwstage-2020-04_win10/mwstage/mwsdk/tools/ba-elf-ba2-r36379.w10/bin/../lib/gcc/ba-elf/4.7.4/../../../../ba-elf/lib/mcpu_jn51xx_sizeopt\libc.a(lib_a-memcpy.o)
 *fill*         0x000000000008d8f5        0x3 00
 .text          0x000000000008d8f8      0x204 c:/users/makot/desktop/scoreboradproject/mwstage-2020-04_win10/mwstage/mwsdk/tools/ba-elf-ba2-r36379.w10/bin/../lib/gcc/ba-elf/4.7.4/mcpu_jn51xx_sizeopt\libgcc.a(__udivsi3.o)
                0x000000000008d8f8                __udivsi3
 .text          0x000000000008dafc       0x30 c:/users/makot/desktop/scoreboradproject/mwstage-2020-04_win10/mwstage/mwsdk/tools/ba-elf-ba2-r36379.w10/bin/../lib/gcc/ba-elf/4.7.4/mcpu_jn51xx_sizeopt\libgcc.a(__divsi3.o)
                0x000000000008dafc                __divsi3
 .text          0x000000000008db2c      0x1b0 c:/users/makot/desktop/scoreboradproject/mwstage-2020-04_win10/mwstage/mwsdk/tools/ba-elf-ba2-r36379.w10/bin/../lib/gcc/ba-elf/4.7.4/mcpu_jn51xx_sizeopt\libgcc.a(__umodsi3.o)
                0x000000000008db2c                __umodsi3
 .text          0x000000000008dcdc       0x24 c:/users/makot/desktop/scoreboradproject/mwstage-2020-04_win10/mwstage/mwsdk/tools/ba-elf-ba2-r36379.w10/bin/../lib/gcc/ba-elf/4.7.4/mcpu_jn51xx_sizeopt\libgcc.a(__modsi3.o)
                0x000000000008dcdc                __modsi3
 .text          0x000000000008dd00       0x39 c:/users/makot/desktop/scoreboradproject/mwstage-2020-04_win10/mwstage/mwsdk/tools/ba-elf-ba2-r36379.w10/bin/../lib/gcc/ba-elf/4.7.4/mcpu_jn51xx_sizeopt\libgcc.a(_fixunsdfsi.o)
                0x000000000008dd00                __fixunsdfsi
 .text          0x000000000008dd39      0x350 c:/users/makot/desktop/scoreboradproject/mwstage-2020-04_win10/mwstage/mwsdk/tools/ba-elf-ba2-r36379.w10/bin/../lib/gcc/ba-elf/4.7.4/mcpu_jn51xx_sizeopt\libgcc.a(_udivdi3.o)
                0x000000000008dd39                __udivdi3
 .text          0x000000000008e089      0x312 c:/users/makot/desktop/scoreboradproject/mwstage-2020-04_win10/mwstage/mwsdk/tools/ba-elf-ba2-r36379.w10/bin/../lib/gcc/ba-elf/4.7.4/mcpu_jn51xx_sizeopt\libgcc.a(_umoddi3.o)
                0x000000000008e089                __umoddi3
 .text          0x000000000008e39b      0x682 c:/users/makot/desktop/scoreboradproject/mwstage-2020-04_win10/mwstage/mwsdk/tools/ba-elf-ba2-r36379.w10/bin/../lib/gcc/ba-elf/4.7.4/mcpu_jn51xx_sizeopt\libgcc.a(adddf3.o)
                0x000000000008e39b                __adddf3
 *fill*         0x000000000008ea1d        0x3 00
 .text          0x000000000008ea20      0x5c8 c:/users/makot/desktop/scoreboradproject/mwstage-2020-04_win10/mwstage/mwsdk/tools/ba-elf-ba2-r36379.w10/bin/../lib/gcc/ba-elf/4.7.4/mcpu_jn51xx_sizeopt\libgcc.a(divdf3.o)
                0x000000000008ea20                __divdf3
 .text          0x000000000008efe8       0x7f c:/users/makot/desktop/scoreboradproject/mwstage-2020-04_win10/mwstage/mwsdk/tools/ba-elf-ba2-r36379.w10/bin/../lib/gcc/ba-elf/4.7.4/mcpu_jn51xx_sizeopt\libgcc.a(eqdf2.o)
                0x000000000008efe8                __nedf2
                0x000000000008efe8                __eqdf2
 .text          0x000000000008f067       0xca c:/users/makot/desktop/scoreboradproject/mwstage-2020-04_win10/mwstage/mwsdk/tools/ba-elf-ba2-r36379.w10/bin/../lib/gcc/ba-elf/4.7.4/mcpu_jn51xx_sizeopt\libgcc.a(gedf2.o)
                0x000000000008f067                __gedf2
                0x000000000008f067                __gtdf2
 .text          0x000000000008f131       0xcb c:/users/makot/desktop/scoreboradproject/mwstage-2020-04_win10/mwstage/mwsdk/tools/ba-elf-ba2-r36379.w10/bin/../lib/gcc/ba-elf/4.7.4/mcpu_jn51xx_sizeopt\libgcc.a(ledf2.o)
                0x000000000008f131                __ledf2
                0x000000000008f131                __ltdf2
 .text          0x000000000008f1fc      0x488 c:/users/makot/desktop/scoreboradproject/mwstage-2020-04_win10/mwstage/mwsdk/tools/ba-elf-ba2-r36379.w10/bin/../lib/gcc/ba-elf/4.7.4/mcpu_jn51xx_sizeopt\libgcc.a(muldf3.o)
                0x000000000008f1fc                __muldf3
 .text          0x000000000008f684      0x693 c:/users/makot/desktop/scoreboradproject/mwstage-2020-04_win10/mwstage/mwsdk/tools/ba-elf-ba2-r36379.w10/bin/../lib/gcc/ba-elf/4.7.4/mcpu_jn51xx_sizeopt\libgcc.a(subdf3.o)
                0x000000000008f684                __subdf3
 .text          0x000000000008fd17       0x64 c:/users/makot/desktop/scoreboradproject/mwstage-2020-04_win10/mwstage/mwsdk/tools/ba-elf-ba2-r36379.w10/bin/../lib/gcc/ba-elf/4.7.4/mcpu_jn51xx_sizeopt\libgcc.a(fixdfsi.o)
                0x000000000008fd17                __fixdfsi
 .text          0x000000000008fd7b       0x61 c:/users/makot/desktop/scoreboradproject/mwstage-2020-04_win10/mwstage/mwsdk/tools/ba-elf-ba2-r36379.w10/bin/../lib/gcc/ba-elf/4.7.4/mcpu_jn51xx_sizeopt\libgcc.a(floatsidf.o)
                0x000000000008fd7b                __floatsidf
 .text          0x000000000008fddc       0x4f c:/users/makot/desktop/scoreboradproject/mwstage-2020-04_win10/mwstage/mwsdk/tools/ba-elf-ba2-r36379.w10/bin/../lib/gcc/ba-elf/4.7.4/mcpu_jn51xx_sizeopt\libgcc.a(floatunsidf.o)
                0x000000000008fddc                __floatunsidf
 .text          0x000000000008fe2b       0x27 C:/Users/makot/Desktop/ScoreBoradProject/MWSTAGE-2020-04_win10/MWSTAGE/MWSDK/ChipLib/SW4063V1416/Components/Library\libHardwareApi_JN5169.a(AHI_Interrupt.o)
                0x000000000008fe2b                vAHI_InterruptSetPriority
                0x000000000008fe49                vAHI_InterruptSetActivePriorityLevel
 .text.vMicroSyscall
                0x000000000008fe52       0x17 C:/Users/makot/Desktop/ScoreBoradProject/MWSTAGE-2020-04_win10/MWSTAGE/MWSDK/ChipLib/SW4063V1416/Components/Library\libMicroSpecific_JN516x.a(MicroSyscall_ba.o)
                0x000000000008fe52                vMicroSyscall
 .text          0x000000000008fe69       0x12 c:/users/makot/desktop/scoreboradproject/mwstage-2020-04_win10/mwstage/mwsdk/tools/ba-elf-ba2-r36379.w10/bin/../lib/gcc/ba-elf/4.7.4/../../../../ba-elf/lib/mcpu_jn51xx_sizeopt\libc.a(lib_a-memset.o)
                0x000000000008fe69                memset
 .text          0x000000000008fe7b       0x38 c:/users/makot/desktop/scoreboradproject/mwstage-2020-04_win10/mwstage/mwsdk/tools/ba-elf-ba2-r36379.w10/bin/../lib/gcc/ba-elf/4.7.4/../../../../ba-elf/lib/mcpu_jn51xx_sizeopt\libc.a(lib_a-strncmp.o)
                0x000000000008fe7b                strncmp
                0x000000000008feb3                _flash_end = ABSOLUTE (.)

.rela.dyn       0x000000000008feb4        0x0
 .rela.text     0x0000000000000000        0x0 C:\Users\makot\AppData\Local\Temp\ccPGd68n.ltrans0.ltrans.o
 .rela.text.unlikely
                0x0000000000000000        0x0 C:\Users\makot\AppData\Local\Temp\ccPGd68n.ltrans0.ltrans.o
 .rela.rodata   0x0000000000000000        0x0 C:\Users\makot\AppData\Local\Temp\ccPGd68n.ltrans0.ltrans.o
 .rela.data     0x0000000000000000        0x0 C:\Users\makot\AppData\Local\Temp\ccPGd68n.ltrans0.ltrans.o
                0x000000000400004c                . = ORIGIN (ram)

.data           0x000000000400004c        0xc load address 0x000000000008feb4
                0x000000000400004c                _ram_data_start = ABSOLUTE (.)
 *(.data*)
 .data          0x000000000400004c        0x1 C:\Users\makot\AppData\Local\Temp\ccPGd68n.ltrans2.ltrans.o
 *fill*         0x000000000400004d        0x3 00
 .data          0x0000000004000050        0x4 C:\Users\makot\AppData\Local\Temp\ccPGd68n.ltrans10.ltrans.o
                0x0000000004000050                u32HeapStart
 .data          0x0000000004000054        0x1 C:\Users\makot\AppData\Local\Temp\ccPGd68n.ltrans12.ltrans.o
 .data.initinboot
                0x0000000004000055        0x1 C:\Users\makot\AppData\Local\Temp\ccPGd68n.ltrans12.ltrans.o
                0x0000000004000055                gMAC_u8MaxBuffers
 .data          0x0000000004000056        0x1 C:\Users\makot\AppData\Local\Temp\ccPGd68n.ltrans18.ltrans.o
                0x0000000004000056                u8TxWkrNow.8207
 *(.data.*)
                0x0000000004000058                . = ALIGN (0x4)
 *fill*         0x0000000004000057        0x1 00
                0x0000000004000058                _ram_data_end = ABSOLUTE (.)

.bss            0x0000000004000058     0x1644 load address 0x000000000008fec0
                0x0000000004000058                _bss_start = ABSOLUTE (.)
 *(.bss*)
 .bss           0x0000000004000058        0xc C:\Users\makot\AppData\Local\Temp\ccPGd68n.ltrans0.ltrans.o
 .bss           0x0000000004000064      0x730 C:\Users\makot\AppData\Local\Temp\ccPGd68n.ltrans1.ltrans.o
                0x0000000004000064                TxWorker_u8Num.8164
                0x0000000004000068                pvPostFunc.7294
                0x000000000400006c                u32PostArg.7293
                0x0000000004000070                evPost.7292
                0x0000000004000074                prSpiAppCallback.28441
                0x0000000004000078                prSiAppCallback.29676
                0x000000000400007c                prAppMcpsCallback.8995
                0x0000000004000080                prAppMlmeCallback.8996
                0x0000000004000084                bTxEventQueued.24027
                0x0000000004000085                u8TxEventStatus.24028
 .bss.initinboot
                0x0000000004000794        0x4 C:\Users\makot\AppData\Local\Temp\ccPGd68n.ltrans1.ltrans.o
                0x0000000004000794                prSysCtrlAppCallback.28649
 .bss           0x0000000004000798       0x18 C:\Users\makot\AppData\Local\Temp\ccPGd68n.ltrans2.ltrans.o
                0x0000000004000798                bForceInitialize.8165
 .bss           0x00000000040007b0       0x40 C:\Users\makot\AppData\Local\Temp\ccPGd68n.ltrans3.ltrans.o
                0x00000000040007b0                g_sLP
                0x00000000040007ec                g_pvMac
 .bss.initinboot
                0x00000000040007f0      0x1c0 C:\Users\makot\AppData\Local\Temp\ccPGd68n.ltrans3.ltrans.o
                0x00000000040007f0                g_sMac
 .bss           0x00000000040009b0       0x48 C:\Users\makot\AppData\Local\Temp\ccPGd68n.ltrans4.ltrans.o
                0x00000000040009b0                the_mac
                0x00000000040009c0                asSerialPorts
 .bss           0x00000000040009f8      0x618 C:\Users\makot\AppData\Local\Temp\ccPGd68n.ltrans5.ltrans.o
                0x00000000040009f8                prAppHwCallback.8997
 .bss.dontinitinboot
                0x0000000004001010        0x1 C:\Users\makot\AppData\Local\Temp\ccPGd68n.ltrans6.ltrans.o
 *fill*         0x0000000004001011        0x3 00
 .bss           0x0000000004001014       0x24 C:\Users\makot\AppData\Local\Temp\ccPGd68n.ltrans7.ltrans.o
                0x0000000004001014                gbTimeOutFlag.28645
                0x0000000004001018                sAppHousekeeping
                0x0000000004001030                prApAppCallback.28207
                0x0000000004001034                bIntEnableFlag.28204
 .bss           0x0000000004001038       0x88 C:\Users\makot\AppData\Local\Temp\ccPGd68n.ltrans8.ltrans.o
                0x0000000004001038                _ZL5_vcbs.3814
                0x0000000004001044                sToCoNet_AppContext
                0x0000000004001060                sToCoNet_Context
                0x00000000040010a8                sAssocSecurity.16915
                0x00000000040010b4                g_bJenieBackwardsCompatibilityMode
 .bss           0x00000000040010c0      0x288 C:\Users\makot\AppData\Local\Temp\ccPGd68n.ltrans9.ltrans.o
                0x00000000040010c0                psRxQueueList.9937
                0x00000000040010d4                asEventHandler.7280
                0x0000000004001174                sEvVars
                0x0000000004001190                u32TickCount_ms
                0x0000000004001194                au8Txdatabuff_idx_sTxQueue
                0x0000000004001198                u8TxBuffSiz_sTxQueue
                0x000000000400119c                sTxdatabuff_sTxQueue
                0x00000000040011a0                sTxQueue
                0x00000000040011bc                au8Rxdatabuff_idx_sRxQueue
                0x00000000040011c0                u8RxBuffSiz_sRxQueue
                0x00000000040011c4                sRxdatabuff_sRxQueue
                0x00000000040011c8                sRxQueue
                0x00000000040011e4                au8Rxdatabuff_idx_sRxQueueCmd
                0x00000000040011e8                u8RxBuffSiz_sRxQueueCmd
                0x00000000040011ec                sRxdatabuff_sRxQueueCmd
                0x00000000040011f0                sRxQueueCmd.7731
                0x000000000400120c                sContext.10061
                0x0000000004001238                the_twelite
                0x00000000040012d8                TWENET_u8RFdevice_minor.9365
                0x00000000040012d9                TWENET_u8RFdevice_major.9364
                0x00000000040012da                _TWENET_TX_POWER_MAX
                0x00000000040012dc                sToCoNet_Modules
 .bss           0x0000000004001348        0x8 C:\Users\makot\AppData\Local\Temp\ccPGd68n.ltrans10.ltrans.o
 .bss.dontinitinboot
                0x0000000004001350        0x4 C:\Users\makot\AppData\Local\Temp\ccPGd68n.ltrans10.ltrans.o
 .bss           0x0000000004001354        0xc C:\Users\makot\AppData\Local\Temp\ccPGd68n.ltrans11.ltrans.o
 .bss           0x0000000004001360       0x24 C:\Users\makot\AppData\Local\Temp\ccPGd68n.ltrans12.ltrans.o
                0x0000000004001360                i8TxPower.19705
                0x0000000004001364                g_sXcv
                0x0000000004001368                prMcpsRequest.13299
                0x000000000400136c                prMlmeRequest.13298
                0x0000000004001370                prOriginalHandler.10071
 .bss.initinboot
                0x0000000004001384        0x8 C:\Users\makot\AppData\Local\Temp\ccPGd68n.ltrans12.ltrans.o
                0x0000000004001384                g_u32MacAddrLocation
                0x0000000004001388                prvUserTxStartedCallback
 .bss           0x000000000400138c      0x174 C:\Users\makot\AppData\Local\Temp\ccPGd68n.ltrans13.ltrans.o
                0x000000000400138c                sMcpsIndQueue.8991
                0x000000000400139c                bRxQueue_Init.9938
                0x000000000400139d                u8AppId_Pkt_head.9940
                0x00000000040013a0                u32AppId.9936
                0x00000000040013a4                sMcpsIndBufferQueue.8989
                0x00000000040013b4                sMlmeIndQueue.8992
                0x00000000040013c4                sMlmeIndBufferQueue.8990
                0x00000000040013d4                sHwIndQueue.8993
                0x00000000040013e4                sHwIndBufferQueue.8994
                0x00000000040013f4                _u32_INT_adc_comp
                0x00000000040013f8                _u32_INT_ticktimer
                0x00000000040013fc                the_vhw
                0x000000000400141c                the_vapp
                0x000000000400143c                the_vnet
                0x000000000400145c                _periph_availmap
                0x0000000004001460                Wire
                0x0000000004001490                Serial
                0x00000000040014ac                SerialParser
 .bss           0x0000000004001500       0x1c C:\Users\makot\AppData\Local\Temp\ccPGd68n.ltrans14.ltrans.o
 .bss.initinboot
                0x000000000400151c        0x1 C:\Users\makot\AppData\Local\Temp\ccPGd68n.ltrans14.ltrans.o
 .bss           0x000000000400151d        0x1 C:\Users\makot\AppData\Local\Temp\ccPGd68n.ltrans15.ltrans.o
                0x000000000400151d                u8TAM_TxStatusOverride
 *fill*         0x000000000400151e        0x2 00
 .bss           0x0000000004001520       0x68 C:\Users\makot\AppData\Local\Temp\ccPGd68n.ltrans16.ltrans.o
                0x0000000004001520                _psSerial
                0x0000000004001524                Timer4
                0x000000000400152c                Timer3
                0x0000000004001534                Timer2
                0x000000000400153c                Timer1
                0x0000000004001544                Timer0
                0x000000000400154c                Analogue
                0x0000000004001564                Serial1
 .bss           0x0000000004001588       0x9c C:\Users\makot\AppData\Local\Temp\ccPGd68n.ltrans17.ltrans.o
                0x0000000004001588                apfTimerAppCallback.28858
                0x000000000400159c                prTickTimeAppCallback
                0x00000000040015a0                au16TimerSettings.28807
                0x00000000040015ac                prUart1AppCallback.29113
                0x00000000040015b0                prUart0AppCallback.29112
                0x00000000040015b4                asUARTS.10237
                0x00000000040015d4                sOpt.10244
 .bss           0x0000000004001624       0x24 C:\Users\makot\AppData\Local\Temp\ccPGd68n.ltrans18.ltrans.o
                0x0000000004001624                Buttons
                0x000000000400162c                PulseCounter1
                0x0000000004001630                PulseCounter0
                0x0000000004001634                sCh_Context.8629
                0x0000000004001638                u32MyAddr.9939
                0x000000000400163c                asTx.8163
 .bss           0x0000000004001648       0x14 C:\Users\makot\AppData\Local\Temp\ccPGd68n.ltrans19.ltrans.o
                0x0000000004001648                s_sTimerList
                0x0000000004001658                u8AssocResponsesInProgress.16914
 .bss.dontinitinboot
                0x000000000400165c       0x40 C:/Users/makot/Desktop/ScoreBoradProject/MWSTAGE-2020-04_win10/MWSTAGE/MWSDK/ChipLib/SW4063V1416/Components/Library\libBoot_JN516x.a(ExceptionHandler.o)
                0x000000000400165c                isr_handlers
 *(.bss.*)
 *(.scommon*)
 *(.scommon.*)
 *(COMMON)
                0x000000000400169c                . = ALIGN (0x4)
                0x000000000400169c                _bss_end = ABSOLUTE (.)
                0x000000000400169c                end = .

.heap           0x000000000400169c      0xd16 load address 0x0000000000091504
                0x000000000400169c                _heap_start = ABSOLUTE (.)
                0x00000000040023b2                . = (. + __minimum_heap_size)
 *fill*         0x000000000400169c      0xd16 00

.stack          0x0000000004007800      0x800 load address 0x0000000000097668
                0x0000000004007800                _heap_end = ABSOLUTE (.)
                0x0000000004007800                _stack_low_water_mark = ABSOLUTE (.)
                0x0000000004008000                . = (. + __stack_size)
 *fill*         0x0000000004007800      0x800 00
                0x0000000004008000                _stack = .

.test           0x000000000008fec0        0x1
                0x000000000008fec0        0x1 BYTE 0xff
                0x000000000008feb4                _flash_data_start = LOADADDR (.data)
                0x000000000000000c                _ram_data_len = (((_ram_data_end - _ram_data_start) + 0x3) & 0xfffffffffffffffc)
                0x0000000000001644                _bss_len = (((_bss_end - _bss_start) + 0x3) & 0xfffffffffffffffc)
                0x000000000000fec0                _image_len = ((((_flash_end - _flash_start) + _ram_data_len) + 0x3) & 0xfffffffffffffffc)
                0x0000000004008000                _ram_top = (ABSOLUTE (ORIGIN (ram)) + 0x7fb4)
                0x0000000004008000                ram_top = (ABSOLUTE (ORIGIN (ram)) + 0x7fb4)
                0x0000000001001580                _app_ram_start = 0x1001580
                0x0000000004000050                PROVIDE (_heap_location, u32HeapStart)
                0x0000000004000050                PROVIDE (heap_location, u32HeapStart)
                0x000000000008a500                TSV_eOpenVector = TSV_eOpen
                0x0000000000089def                TSV_eStartVector = TSV_eStart
                0x000000000008c7de                TSV_eStopVector = TSV_eStop
                0x000000000008c456                pvAppApiGetMacHandle = pvAppApiDefGetMacHandle
                0x0000000000089075                u32AppApiInit = u32AppApiDefInit
                0x000000000008c42b                vAppApiMlmeRequest = vAppApiDefMlmeRequest
                0x000000000008bf24                vAppApiMcpsRequest = vAppApiDefMcpsRequest
                0x000000000008a77a                eAppApiPlmeSet = eAppApiDefPlmeSet
                0x000000000008a728                eAppApiPlmeGet = eAppApiDefPlmeGet
                0x000000000008a71f                pvAppApiGetMacAddrLocation = pvAppApiDefGetMacAddrLocation
                0x000000000008a5ef                vAppApiSaveMacSettings = vAppApiDefSaveMacSettings
                0x000000000008a508                vAppApiRestoreMacSettings = vAppApiDefRestoreMacSettings
OUTPUT(objs_RED/WirelessUart_receive_RED_L1300_V0-1-0.elf elf32-ba)

.comment        0x0000000000000000       0x11
 .comment       0x0000000000000000       0x12 C:\Users\makot\AppData\Local\Temp\ccPGd68n.ltrans0.ltrans.o
 .comment       0x0000000000000000       0x12 C:\Users\makot\AppData\Local\Temp\ccPGd68n.ltrans1.ltrans.o
 .comment       0x0000000000000000       0x12 C:\Users\makot\AppData\Local\Temp\ccPGd68n.ltrans2.ltrans.o
 .comment       0x0000000000000000       0x12 C:\Users\makot\AppData\Local\Temp\ccPGd68n.ltrans3.ltrans.o
 .comment       0x0000000000000000       0x12 C:\Users\makot\AppData\Local\Temp\ccPGd68n.ltrans4.ltrans.o
 .comment       0x0000000000000000       0x12 C:\Users\makot\AppData\Local\Temp\ccPGd68n.ltrans5.ltrans.o
 .comment       0x0000000000000000       0x12 C:\Users\makot\AppData\Local\Temp\ccPGd68n.ltrans6.ltrans.o
 .comment       0x0000000000000000       0x12 C:\Users\makot\AppData\Local\Temp\ccPGd68n.ltrans7.ltrans.o
 .comment       0x0000000000000000       0x12 C:\Users\makot\AppData\Local\Temp\ccPGd68n.ltrans8.ltrans.o
 .comment       0x0000000000000000       0x12 C:\Users\makot\AppData\Local\Temp\ccPGd68n.ltrans9.ltrans.o
 .comment       0x0000000000000000       0x12 C:\Users\makot\AppData\Local\Temp\ccPGd68n.ltrans10.ltrans.o
 .comment       0x0000000000000000       0x12 C:\Users\makot\AppData\Local\Temp\ccPGd68n.ltrans11.ltrans.o
 .comment       0x0000000000000000       0x12 C:\Users\makot\AppData\Local\Temp\ccPGd68n.ltrans12.ltrans.o
 .comment       0x0000000000000000       0x12 C:\Users\makot\AppData\Local\Temp\ccPGd68n.ltrans13.ltrans.o
 .comment       0x0000000000000000       0x12 C:\Users\makot\AppData\Local\Temp\ccPGd68n.ltrans14.ltrans.o
 .comment       0x0000000000000000       0x12 C:\Users\makot\AppData\Local\Temp\ccPGd68n.ltrans15.ltrans.o
 .comment       0x0000000000000000       0x12 C:\Users\makot\AppData\Local\Temp\ccPGd68n.ltrans16.ltrans.o
 .comment       0x0000000000000000       0x12 C:\Users\makot\AppData\Local\Temp\ccPGd68n.ltrans17.ltrans.o
 .comment       0x0000000000000000       0x12 C:\Users\makot\AppData\Local\Temp\ccPGd68n.ltrans18.ltrans.o
 .comment       0x0000000000000000       0x12 C:\Users\makot\AppData\Local\Temp\ccPGd68n.ltrans19.ltrans.o
 .comment       0x0000000000000000       0x12 C:\Users\makot\AppData\Local\Temp\ccPGd68n.ltrans20.ltrans.o
 .comment       0x0000000000000000       0x12 c:/users/makot/desktop/scoreboradproject/mwstage-2020-04_win10/mwstage/mwsdk/tools/ba-elf-ba2-r36379.w10/bin/../lib/gcc/ba-elf/4.7.4/../../../../ba-elf/lib/mcpu_jn51xx_sizeopt\libc.a(lib_a-memcmp.o)
 .comment       0x0000000000000000       0x12 c:/users/makot/desktop/scoreboradproject/mwstage-2020-04_win10/mwstage/mwsdk/tools/ba-elf-ba2-r36379.w10/bin/../lib/gcc/ba-elf/4.7.4/../../../../ba-elf/lib/mcpu_jn51xx_sizeopt\libc.a(lib_a-memcpy.o)
 .comment       0x0000000000000000       0x12 c:/users/makot/desktop/scoreboradproject/mwstage-2020-04_win10/mwstage/mwsdk/tools/ba-elf-ba2-r36379.w10/bin/../lib/gcc/ba-elf/4.7.4/mcpu_jn51xx_sizeopt\libgcc.a(_fixunsdfsi.o)
 .comment       0x0000000000000000       0x12 c:/users/makot/desktop/scoreboradproject/mwstage-2020-04_win10/mwstage/mwsdk/tools/ba-elf-ba2-r36379.w10/bin/../lib/gcc/ba-elf/4.7.4/mcpu_jn51xx_sizeopt\libgcc.a(_udivdi3.o)
 .comment       0x0000000000000000       0x12 c:/users/makot/desktop/scoreboradproject/mwstage-2020-04_win10/mwstage/mwsdk/tools/ba-elf-ba2-r36379.w10/bin/../lib/gcc/ba-elf/4.7.4/mcpu_jn51xx_sizeopt\libgcc.a(_umoddi3.o)
 .comment       0x0000000000000000       0x12 c:/users/makot/desktop/scoreboradproject/mwstage-2020-04_win10/mwstage/mwsdk/tools/ba-elf-ba2-r36379.w10/bin/../lib/gcc/ba-elf/4.7.4/mcpu_jn51xx_sizeopt\libgcc.a(adddf3.o)
 .comment       0x0000000000000000       0x12 c:/users/makot/desktop/scoreboradproject/mwstage-2020-04_win10/mwstage/mwsdk/tools/ba-elf-ba2-r36379.w10/bin/../lib/gcc/ba-elf/4.7.4/mcpu_jn51xx_sizeopt\libgcc.a(divdf3.o)
 .comment       0x0000000000000000       0x12 c:/users/makot/desktop/scoreboradproject/mwstage-2020-04_win10/mwstage/mwsdk/tools/ba-elf-ba2-r36379.w10/bin/../lib/gcc/ba-elf/4.7.4/mcpu_jn51xx_sizeopt\libgcc.a(eqdf2.o)
 .comment       0x0000000000000000       0x12 c:/users/makot/desktop/scoreboradproject/mwstage-2020-04_win10/mwstage/mwsdk/tools/ba-elf-ba2-r36379.w10/bin/../lib/gcc/ba-elf/4.7.4/mcpu_jn51xx_sizeopt\libgcc.a(gedf2.o)
 .comment       0x0000000000000000       0x12 c:/users/makot/desktop/scoreboradproject/mwstage-2020-04_win10/mwstage/mwsdk/tools/ba-elf-ba2-r36379.w10/bin/../lib/gcc/ba-elf/4.7.4/mcpu_jn51xx_sizeopt\libgcc.a(ledf2.o)
 .comment       0x0000000000000000       0x12 c:/users/makot/desktop/scoreboradproject/mwstage-2020-04_win10/mwstage/mwsdk/tools/ba-elf-ba2-r36379.w10/bin/../lib/gcc/ba-elf/4.7.4/mcpu_jn51xx_sizeopt\libgcc.a(muldf3.o)
 .comment       0x0000000000000000       0x12 c:/users/makot/desktop/scoreboradproject/mwstage-2020-04_win10/mwstage/mwsdk/tools/ba-elf-ba2-r36379.w10/bin/../lib/gcc/ba-elf/4.7.4/mcpu_jn51xx_sizeopt\libgcc.a(subdf3.o)
 .comment       0x0000000000000000       0x12 c:/users/makot/desktop/scoreboradproject/mwstage-2020-04_win10/mwstage/mwsdk/tools/ba-elf-ba2-r36379.w10/bin/../lib/gcc/ba-elf/4.7.4/mcpu_jn51xx_sizeopt\libgcc.a(fixdfsi.o)
 .comment       0x0000000000000000       0x12 c:/users/makot/desktop/scoreboradproject/mwstage-2020-04_win10/mwstage/mwsdk/tools/ba-elf-ba2-r36379.w10/bin/../lib/gcc/ba-elf/4.7.4/mcpu_jn51xx_sizeopt\libgcc.a(floatsidf.o)
 .comment       0x0000000000000000       0x12 c:/users/makot/desktop/scoreboradproject/mwstage-2020-04_win10/mwstage/mwsdk/tools/ba-elf-ba2-r36379.w10/bin/../lib/gcc/ba-elf/4.7.4/mcpu_jn51xx_sizeopt\libgcc.a(floatunsidf.o)
 .comment       0x0000000000000000       0x11 C:/Users/makot/Desktop/ScoreBoradProject/MWSTAGE-2020-04_win10/MWSTAGE/MWSDK/ChipLib/SW4063V1416/Components/Library\libMicroSpecific_JN516x.a(MicroSyscall_ba.o)
                                         0x12 (size before relaxing)
 .comment       0x0000000000000000       0x12 c:/users/makot/desktop/scoreboradproject/mwstage-2020-04_win10/mwstage/mwsdk/tools/ba-elf-ba2-r36379.w10/bin/../lib/gcc/ba-elf/4.7.4/../../../../ba-elf/lib/mcpu_jn51xx_sizeopt\libc.a(lib_a-memset.o)
 .comment       0x0000000000000000       0x12 c:/users/makot/desktop/scoreboradproject/mwstage-2020-04_win10/mwstage/mwsdk/tools/ba-elf-ba2-r36379.w10/bin/../lib/gcc/ba-elf/4.7.4/../../../../ba-elf/lib/mcpu_jn51xx_sizeopt\libc.a(lib_a-strncmp.o)

.debug_info     0x0000000000000000     0x3526
 .debug_info    0x0000000000000000       0xf3 c:/users/makot/desktop/scoreboradproject/mwstage-2020-04_win10/mwstage/mwsdk/tools/ba-elf-ba2-r36379.w10/bin/../lib/gcc/ba-elf/4.7.4/../../../../ba-elf/lib/mcpu_jn51xx_sizeopt\libc.a(lib_a-memcmp.o)
 .debug_info    0x00000000000000f3      0x106 c:/users/makot/desktop/scoreboradproject/mwstage-2020-04_win10/mwstage/mwsdk/tools/ba-elf-ba2-r36379.w10/bin/../lib/gcc/ba-elf/4.7.4/../../../../ba-elf/lib/mcpu_jn51xx_sizeopt\libc.a(lib_a-memcpy.o)
 .debug_info    0x00000000000001f9       0xb7 c:/users/makot/desktop/scoreboradproject/mwstage-2020-04_win10/mwstage/mwsdk/tools/ba-elf-ba2-r36379.w10/bin/../lib/gcc/ba-elf/4.7.4/mcpu_jn51xx_sizeopt\libgcc.a(__udivsi3.o)
 .debug_info    0x00000000000002b0       0xb7 c:/users/makot/desktop/scoreboradproject/mwstage-2020-04_win10/mwstage/mwsdk/tools/ba-elf-ba2-r36379.w10/bin/../lib/gcc/ba-elf/4.7.4/mcpu_jn51xx_sizeopt\libgcc.a(__divsi3.o)
 .debug_info    0x0000000000000367       0xb7 c:/users/makot/desktop/scoreboradproject/mwstage-2020-04_win10/mwstage/mwsdk/tools/ba-elf-ba2-r36379.w10/bin/../lib/gcc/ba-elf/4.7.4/mcpu_jn51xx_sizeopt\libgcc.a(__umodsi3.o)
 .debug_info    0x000000000000041e       0xb7 c:/users/makot/desktop/scoreboradproject/mwstage-2020-04_win10/mwstage/mwsdk/tools/ba-elf-ba2-r36379.w10/bin/../lib/gcc/ba-elf/4.7.4/mcpu_jn51xx_sizeopt\libgcc.a(__modsi3.o)
 .debug_info    0x00000000000004d5       0xd3 c:/users/makot/desktop/scoreboradproject/mwstage-2020-04_win10/mwstage/mwsdk/tools/ba-elf-ba2-r36379.w10/bin/../lib/gcc/ba-elf/4.7.4/mcpu_jn51xx_sizeopt\libgcc.a(_fixunsdfsi.o)
 .debug_info    0x00000000000005a8      0x648 c:/users/makot/desktop/scoreboradproject/mwstage-2020-04_win10/mwstage/mwsdk/tools/ba-elf-ba2-r36379.w10/bin/../lib/gcc/ba-elf/4.7.4/mcpu_jn51xx_sizeopt\libgcc.a(_udivdi3.o)
 .debug_info    0x0000000000000bf0      0x69d c:/users/makot/desktop/scoreboradproject/mwstage-2020-04_win10/mwstage/mwsdk/tools/ba-elf-ba2-r36379.w10/bin/../lib/gcc/ba-elf/4.7.4/mcpu_jn51xx_sizeopt\libgcc.a(_umoddi3.o)
 .debug_info    0x000000000000128d      0x4b2 c:/users/makot/desktop/scoreboradproject/mwstage-2020-04_win10/mwstage/mwsdk/tools/ba-elf-ba2-r36379.w10/bin/../lib/gcc/ba-elf/4.7.4/mcpu_jn51xx_sizeopt\libgcc.a(adddf3.o)
 .debug_info    0x000000000000173f      0x5c5 c:/users/makot/desktop/scoreboradproject/mwstage-2020-04_win10/mwstage/mwsdk/tools/ba-elf-ba2-r36379.w10/bin/../lib/gcc/ba-elf/4.7.4/mcpu_jn51xx_sizeopt\libgcc.a(divdf3.o)
 .debug_info    0x0000000000001d04      0x1e7 c:/users/makot/desktop/scoreboradproject/mwstage-2020-04_win10/mwstage/mwsdk/tools/ba-elf-ba2-r36379.w10/bin/../lib/gcc/ba-elf/4.7.4/mcpu_jn51xx_sizeopt\libgcc.a(eqdf2.o)
 .debug_info    0x0000000000001eeb      0x20b c:/users/makot/desktop/scoreboradproject/mwstage-2020-04_win10/mwstage/mwsdk/tools/ba-elf-ba2-r36379.w10/bin/../lib/gcc/ba-elf/4.7.4/mcpu_jn51xx_sizeopt\libgcc.a(gedf2.o)
 .debug_info    0x00000000000020f6      0x20b c:/users/makot/desktop/scoreboradproject/mwstage-2020-04_win10/mwstage/mwsdk/tools/ba-elf-ba2-r36379.w10/bin/../lib/gcc/ba-elf/4.7.4/mcpu_jn51xx_sizeopt\libgcc.a(ledf2.o)
 .debug_info    0x0000000000002301      0x5c7 c:/users/makot/desktop/scoreboradproject/mwstage-2020-04_win10/mwstage/mwsdk/tools/ba-elf-ba2-r36379.w10/bin/../lib/gcc/ba-elf/4.7.4/mcpu_jn51xx_sizeopt\libgcc.a(muldf3.o)
 .debug_info    0x00000000000028c8      0x4b2 c:/users/makot/desktop/scoreboradproject/mwstage-2020-04_win10/mwstage/mwsdk/tools/ba-elf-ba2-r36379.w10/bin/../lib/gcc/ba-elf/4.7.4/mcpu_jn51xx_sizeopt\libgcc.a(subdf3.o)
 .debug_info    0x0000000000002d7a      0x1b7 c:/users/makot/desktop/scoreboradproject/mwstage-2020-04_win10/mwstage/mwsdk/tools/ba-elf-ba2-r36379.w10/bin/../lib/gcc/ba-elf/4.7.4/mcpu_jn51xx_sizeopt\libgcc.a(fixdfsi.o)
 .debug_info    0x0000000000002f31      0x1d6 c:/users/makot/desktop/scoreboradproject/mwstage-2020-04_win10/mwstage/mwsdk/tools/ba-elf-ba2-r36379.w10/bin/../lib/gcc/ba-elf/4.7.4/mcpu_jn51xx_sizeopt\libgcc.a(floatsidf.o)
 .debug_info    0x0000000000003107      0x1cb c:/users/makot/desktop/scoreboradproject/mwstage-2020-04_win10/mwstage/mwsdk/tools/ba-elf-ba2-r36379.w10/bin/../lib/gcc/ba-elf/4.7.4/mcpu_jn51xx_sizeopt\libgcc.a(floatunsidf.o)
 .debug_info    0x00000000000032d2       0xaa C:/Users/makot/Desktop/ScoreBoradProject/MWSTAGE-2020-04_win10/MWSTAGE/MWSDK/ChipLib/SW4063V1416/Components/Library\libBoot_JN516x.a(ExceptionHandler.o)
 .debug_info    0x000000000000337c       0xd7 c:/users/makot/desktop/scoreboradproject/mwstage-2020-04_win10/mwstage/mwsdk/tools/ba-elf-ba2-r36379.w10/bin/../lib/gcc/ba-elf/4.7.4/../../../../ba-elf/lib/mcpu_jn51xx_sizeopt\libc.a(lib_a-memset.o)
 .debug_info    0x0000000000003453       0xd3 c:/users/makot/desktop/scoreboradproject/mwstage-2020-04_win10/mwstage/mwsdk/tools/ba-elf-ba2-r36379.w10/bin/../lib/gcc/ba-elf/4.7.4/../../../../ba-elf/lib/mcpu_jn51xx_sizeopt\libc.a(lib_a-strncmp.o)

.debug_abbrev   0x0000000000000000     0x11ae
 .debug_abbrev  0x0000000000000000       0x8e c:/users/makot/desktop/scoreboradproject/mwstage-2020-04_win10/mwstage/mwsdk/tools/ba-elf-ba2-r36379.w10/bin/../lib/gcc/ba-elf/4.7.4/../../../../ba-elf/lib/mcpu_jn51xx_sizeopt\libc.a(lib_a-memcmp.o)
 .debug_abbrev  0x000000000000008e       0xa4 c:/users/makot/desktop/scoreboradproject/mwstage-2020-04_win10/mwstage/mwsdk/tools/ba-elf-ba2-r36379.w10/bin/../lib/gcc/ba-elf/4.7.4/../../../../ba-elf/lib/mcpu_jn51xx_sizeopt\libc.a(lib_a-memcpy.o)
 .debug_abbrev  0x0000000000000132       0x14 c:/users/makot/desktop/scoreboradproject/mwstage-2020-04_win10/mwstage/mwsdk/tools/ba-elf-ba2-r36379.w10/bin/../lib/gcc/ba-elf/4.7.4/mcpu_jn51xx_sizeopt\libgcc.a(__udivsi3.o)
 .debug_abbrev  0x0000000000000146       0x14 c:/users/makot/desktop/scoreboradproject/mwstage-2020-04_win10/mwstage/mwsdk/tools/ba-elf-ba2-r36379.w10/bin/../lib/gcc/ba-elf/4.7.4/mcpu_jn51xx_sizeopt\libgcc.a(__divsi3.o)
 .debug_abbrev  0x000000000000015a       0x14 c:/users/makot/desktop/scoreboradproject/mwstage-2020-04_win10/mwstage/mwsdk/tools/ba-elf-ba2-r36379.w10/bin/../lib/gcc/ba-elf/4.7.4/mcpu_jn51xx_sizeopt\libgcc.a(__umodsi3.o)
 .debug_abbrev  0x000000000000016e       0x14 c:/users/makot/desktop/scoreboradproject/mwstage-2020-04_win10/mwstage/mwsdk/tools/ba-elf-ba2-r36379.w10/bin/../lib/gcc/ba-elf/4.7.4/mcpu_jn51xx_sizeopt\libgcc.a(__modsi3.o)
 .debug_abbrev  0x0000000000000182       0x60 c:/users/makot/desktop/scoreboradproject/mwstage-2020-04_win10/mwstage/mwsdk/tools/ba-elf-ba2-r36379.w10/bin/../lib/gcc/ba-elf/4.7.4/mcpu_jn51xx_sizeopt\libgcc.a(_fixunsdfsi.o)
 .debug_abbrev  0x00000000000001e2      0x15d c:/users/makot/desktop/scoreboradproject/mwstage-2020-04_win10/mwstage/mwsdk/tools/ba-elf-ba2-r36379.w10/bin/../lib/gcc/ba-elf/4.7.4/mcpu_jn51xx_sizeopt\libgcc.a(_udivdi3.o)
 .debug_abbrev  0x000000000000033f      0x175 c:/users/makot/desktop/scoreboradproject/mwstage-2020-04_win10/mwstage/mwsdk/tools/ba-elf-ba2-r36379.w10/bin/../lib/gcc/ba-elf/4.7.4/mcpu_jn51xx_sizeopt\libgcc.a(_umoddi3.o)
 .debug_abbrev  0x00000000000004b4      0x133 c:/users/makot/desktop/scoreboradproject/mwstage-2020-04_win10/mwstage/mwsdk/tools/ba-elf-ba2-r36379.w10/bin/../lib/gcc/ba-elf/4.7.4/mcpu_jn51xx_sizeopt\libgcc.a(adddf3.o)
 .debug_abbrev  0x00000000000005e7      0x12f c:/users/makot/desktop/scoreboradproject/mwstage-2020-04_win10/mwstage/mwsdk/tools/ba-elf-ba2-r36379.w10/bin/../lib/gcc/ba-elf/4.7.4/mcpu_jn51xx_sizeopt\libgcc.a(divdf3.o)
 .debug_abbrev  0x0000000000000716      0x128 c:/users/makot/desktop/scoreboradproject/mwstage-2020-04_win10/mwstage/mwsdk/tools/ba-elf-ba2-r36379.w10/bin/../lib/gcc/ba-elf/4.7.4/mcpu_jn51xx_sizeopt\libgcc.a(eqdf2.o)
 .debug_abbrev  0x000000000000083e      0x137 c:/users/makot/desktop/scoreboradproject/mwstage-2020-04_win10/mwstage/mwsdk/tools/ba-elf-ba2-r36379.w10/bin/../lib/gcc/ba-elf/4.7.4/mcpu_jn51xx_sizeopt\libgcc.a(gedf2.o)
 .debug_abbrev  0x0000000000000975      0x139 c:/users/makot/desktop/scoreboradproject/mwstage-2020-04_win10/mwstage/mwsdk/tools/ba-elf-ba2-r36379.w10/bin/../lib/gcc/ba-elf/4.7.4/mcpu_jn51xx_sizeopt\libgcc.a(ledf2.o)
 .debug_abbrev  0x0000000000000aae      0x141 c:/users/makot/desktop/scoreboradproject/mwstage-2020-04_win10/mwstage/mwsdk/tools/ba-elf-ba2-r36379.w10/bin/../lib/gcc/ba-elf/4.7.4/mcpu_jn51xx_sizeopt\libgcc.a(muldf3.o)
 .debug_abbrev  0x0000000000000bef      0x133 c:/users/makot/desktop/scoreboradproject/mwstage-2020-04_win10/mwstage/mwsdk/tools/ba-elf-ba2-r36379.w10/bin/../lib/gcc/ba-elf/4.7.4/mcpu_jn51xx_sizeopt\libgcc.a(subdf3.o)
 .debug_abbrev  0x0000000000000d22      0x12a c:/users/makot/desktop/scoreboradproject/mwstage-2020-04_win10/mwstage/mwsdk/tools/ba-elf-ba2-r36379.w10/bin/../lib/gcc/ba-elf/4.7.4/mcpu_jn51xx_sizeopt\libgcc.a(fixdfsi.o)
 .debug_abbrev  0x0000000000000e4c      0x128 c:/users/makot/desktop/scoreboradproject/mwstage-2020-04_win10/mwstage/mwsdk/tools/ba-elf-ba2-r36379.w10/bin/../lib/gcc/ba-elf/4.7.4/mcpu_jn51xx_sizeopt\libgcc.a(floatsidf.o)
 .debug_abbrev  0x0000000000000f74      0x128 c:/users/makot/desktop/scoreboradproject/mwstage-2020-04_win10/mwstage/mwsdk/tools/ba-elf-ba2-r36379.w10/bin/../lib/gcc/ba-elf/4.7.4/mcpu_jn51xx_sizeopt\libgcc.a(floatunsidf.o)
 .debug_abbrev  0x000000000000109c       0x14 C:/Users/makot/Desktop/ScoreBoradProject/MWSTAGE-2020-04_win10/MWSTAGE/MWSDK/ChipLib/SW4063V1416/Components/Library\libBoot_JN516x.a(ExceptionHandler.o)
 .debug_abbrev  0x00000000000010b0       0x8e c:/users/makot/desktop/scoreboradproject/mwstage-2020-04_win10/mwstage/mwsdk/tools/ba-elf-ba2-r36379.w10/bin/../lib/gcc/ba-elf/4.7.4/../../../../ba-elf/lib/mcpu_jn51xx_sizeopt\libc.a(lib_a-memset.o)
 .debug_abbrev  0x000000000000113e       0x70 c:/users/makot/desktop/scoreboradproject/mwstage-2020-04_win10/mwstage/mwsdk/tools/ba-elf-ba2-r36379.w10/bin/../lib/gcc/ba-elf/4.7.4/../../../../ba-elf/lib/mcpu_jn51xx_sizeopt\libc.a(lib_a-strncmp.o)

.debug_loc      0x0000000000000000     0x59f6
 .debug_loc     0x0000000000000000       0x73 c:/users/makot/desktop/scoreboradproject/mwstage-2020-04_win10/mwstage/mwsdk/tools/ba-elf-ba2-r36379.w10/bin/../lib/gcc/ba-elf/4.7.4/../../../../ba-elf/lib/mcpu_jn51xx_sizeopt\libc.a(lib_a-memcmp.o)
 .debug_loc     0x0000000000000073       0x39 c:/users/makot/desktop/scoreboradproject/mwstage-2020-04_win10/mwstage/mwsdk/tools/ba-elf-ba2-r36379.w10/bin/../lib/gcc/ba-elf/4.7.4/../../../../ba-elf/lib/mcpu_jn51xx_sizeopt\libc.a(lib_a-memcpy.o)
 .debug_loc     0x00000000000000ac       0x48 c:/users/makot/desktop/scoreboradproject/mwstage-2020-04_win10/mwstage/mwsdk/tools/ba-elf-ba2-r36379.w10/bin/../lib/gcc/ba-elf/4.7.4/mcpu_jn51xx_sizeopt\libgcc.a(_fixunsdfsi.o)
 .debug_loc     0x00000000000000f4      0xa7b c:/users/makot/desktop/scoreboradproject/mwstage-2020-04_win10/mwstage/mwsdk/tools/ba-elf-ba2-r36379.w10/bin/../lib/gcc/ba-elf/4.7.4/mcpu_jn51xx_sizeopt\libgcc.a(_udivdi3.o)
 .debug_loc     0x0000000000000b6f      0x985 c:/users/makot/desktop/scoreboradproject/mwstage-2020-04_win10/mwstage/mwsdk/tools/ba-elf-ba2-r36379.w10/bin/../lib/gcc/ba-elf/4.7.4/mcpu_jn51xx_sizeopt\libgcc.a(_umoddi3.o)
 .debug_loc     0x00000000000014f4     0x10f3 c:/users/makot/desktop/scoreboradproject/mwstage-2020-04_win10/mwstage/mwsdk/tools/ba-elf-ba2-r36379.w10/bin/../lib/gcc/ba-elf/4.7.4/mcpu_jn51xx_sizeopt\libgcc.a(adddf3.o)
 .debug_loc     0x00000000000025e7     0x117e c:/users/makot/desktop/scoreboradproject/mwstage-2020-04_win10/mwstage/mwsdk/tools/ba-elf-ba2-r36379.w10/bin/../lib/gcc/ba-elf/4.7.4/mcpu_jn51xx_sizeopt\libgcc.a(divdf3.o)
 .debug_loc     0x0000000000003765       0x83 c:/users/makot/desktop/scoreboradproject/mwstage-2020-04_win10/mwstage/mwsdk/tools/ba-elf-ba2-r36379.w10/bin/../lib/gcc/ba-elf/4.7.4/mcpu_jn51xx_sizeopt\libgcc.a(eqdf2.o)
 .debug_loc     0x00000000000037e8      0x154 c:/users/makot/desktop/scoreboradproject/mwstage-2020-04_win10/mwstage/mwsdk/tools/ba-elf-ba2-r36379.w10/bin/../lib/gcc/ba-elf/4.7.4/mcpu_jn51xx_sizeopt\libgcc.a(gedf2.o)
 .debug_loc     0x000000000000393c       0xe6 c:/users/makot/desktop/scoreboradproject/mwstage-2020-04_win10/mwstage/mwsdk/tools/ba-elf-ba2-r36379.w10/bin/../lib/gcc/ba-elf/4.7.4/mcpu_jn51xx_sizeopt\libgcc.a(ledf2.o)
 .debug_loc     0x0000000000003a22      0xa0e c:/users/makot/desktop/scoreboradproject/mwstage-2020-04_win10/mwstage/mwsdk/tools/ba-elf-ba2-r36379.w10/bin/../lib/gcc/ba-elf/4.7.4/mcpu_jn51xx_sizeopt\libgcc.a(muldf3.o)
 .debug_loc     0x0000000000004430     0x114e c:/users/makot/desktop/scoreboradproject/mwstage-2020-04_win10/mwstage/mwsdk/tools/ba-elf-ba2-r36379.w10/bin/../lib/gcc/ba-elf/4.7.4/mcpu_jn51xx_sizeopt\libgcc.a(subdf3.o)
 .debug_loc     0x000000000000557e       0xa8 c:/users/makot/desktop/scoreboradproject/mwstage-2020-04_win10/mwstage/mwsdk/tools/ba-elf-ba2-r36379.w10/bin/../lib/gcc/ba-elf/4.7.4/mcpu_jn51xx_sizeopt\libgcc.a(fixdfsi.o)
 .debug_loc     0x0000000000005626      0x1be c:/users/makot/desktop/scoreboradproject/mwstage-2020-04_win10/mwstage/mwsdk/tools/ba-elf-ba2-r36379.w10/bin/../lib/gcc/ba-elf/4.7.4/mcpu_jn51xx_sizeopt\libgcc.a(floatsidf.o)
 .debug_loc     0x00000000000057e4      0x179 c:/users/makot/desktop/scoreboradproject/mwstage-2020-04_win10/mwstage/mwsdk/tools/ba-elf-ba2-r36379.w10/bin/../lib/gcc/ba-elf/4.7.4/mcpu_jn51xx_sizeopt\libgcc.a(floatunsidf.o)
 .debug_loc     0x000000000000595d       0x3f c:/users/makot/desktop/scoreboradproject/mwstage-2020-04_win10/mwstage/mwsdk/tools/ba-elf-ba2-r36379.w10/bin/../lib/gcc/ba-elf/4.7.4/../../../../ba-elf/lib/mcpu_jn51xx_sizeopt\libc.a(lib_a-memset.o)
 .debug_loc     0x000000000000599c       0x5a c:/users/makot/desktop/scoreboradproject/mwstage-2020-04_win10/mwstage/mwsdk/tools/ba-elf-ba2-r36379.w10/bin/../lib/gcc/ba-elf/4.7.4/../../../../ba-elf/lib/mcpu_jn51xx_sizeopt\libc.a(lib_a-strncmp.o)

.debug_aranges  0x0000000000000000      0x2c0
 .debug_aranges
                0x0000000000000000       0x20 c:/users/makot/desktop/scoreboradproject/mwstage-2020-04_win10/mwstage/mwsdk/tools/ba-elf-ba2-r36379.w10/bin/../lib/gcc/ba-elf/4.7.4/../../../../ba-elf/lib/mcpu_jn51xx_sizeopt\libc.a(lib_a-memcmp.o)
 .debug_aranges
                0x0000000000000020       0x20 c:/users/makot/desktop/scoreboradproject/mwstage-2020-04_win10/mwstage/mwsdk/tools/ba-elf-ba2-r36379.w10/bin/../lib/gcc/ba-elf/4.7.4/../../../../ba-elf/lib/mcpu_jn51xx_sizeopt\libc.a(lib_a-memcpy.o)
 .debug_aranges
                0x0000000000000040       0x20 c:/users/makot/desktop/scoreboradproject/mwstage-2020-04_win10/mwstage/mwsdk/tools/ba-elf-ba2-r36379.w10/bin/../lib/gcc/ba-elf/4.7.4/mcpu_jn51xx_sizeopt\libgcc.a(__udivsi3.o)
 .debug_aranges
                0x0000000000000060       0x20 c:/users/makot/desktop/scoreboradproject/mwstage-2020-04_win10/mwstage/mwsdk/tools/ba-elf-ba2-r36379.w10/bin/../lib/gcc/ba-elf/4.7.4/mcpu_jn51xx_sizeopt\libgcc.a(__divsi3.o)
 .debug_aranges
                0x0000000000000080       0x20 c:/users/makot/desktop/scoreboradproject/mwstage-2020-04_win10/mwstage/mwsdk/tools/ba-elf-ba2-r36379.w10/bin/../lib/gcc/ba-elf/4.7.4/mcpu_jn51xx_sizeopt\libgcc.a(__umodsi3.o)
 .debug_aranges
                0x00000000000000a0       0x20 c:/users/makot/desktop/scoreboradproject/mwstage-2020-04_win10/mwstage/mwsdk/tools/ba-elf-ba2-r36379.w10/bin/../lib/gcc/ba-elf/4.7.4/mcpu_jn51xx_sizeopt\libgcc.a(__modsi3.o)
 .debug_aranges
                0x00000000000000c0       0x20 c:/users/makot/desktop/scoreboradproject/mwstage-2020-04_win10/mwstage/mwsdk/tools/ba-elf-ba2-r36379.w10/bin/../lib/gcc/ba-elf/4.7.4/mcpu_jn51xx_sizeopt\libgcc.a(_fixunsdfsi.o)
 .debug_aranges
                0x00000000000000e0       0x20 c:/users/makot/desktop/scoreboradproject/mwstage-2020-04_win10/mwstage/mwsdk/tools/ba-elf-ba2-r36379.w10/bin/../lib/gcc/ba-elf/4.7.4/mcpu_jn51xx_sizeopt\libgcc.a(_udivdi3.o)
 .debug_aranges
                0x0000000000000100       0x20 c:/users/makot/desktop/scoreboradproject/mwstage-2020-04_win10/mwstage/mwsdk/tools/ba-elf-ba2-r36379.w10/bin/../lib/gcc/ba-elf/4.7.4/mcpu_jn51xx_sizeopt\libgcc.a(_umoddi3.o)
 .debug_aranges
                0x0000000000000120       0x20 c:/users/makot/desktop/scoreboradproject/mwstage-2020-04_win10/mwstage/mwsdk/tools/ba-elf-ba2-r36379.w10/bin/../lib/gcc/ba-elf/4.7.4/mcpu_jn51xx_sizeopt\libgcc.a(adddf3.o)
 .debug_aranges
                0x0000000000000140       0x20 c:/users/makot/desktop/scoreboradproject/mwstage-2020-04_win10/mwstage/mwsdk/tools/ba-elf-ba2-r36379.w10/bin/../lib/gcc/ba-elf/4.7.4/mcpu_jn51xx_sizeopt\libgcc.a(divdf3.o)
 .debug_aranges
                0x0000000000000160       0x20 c:/users/makot/desktop/scoreboradproject/mwstage-2020-04_win10/mwstage/mwsdk/tools/ba-elf-ba2-r36379.w10/bin/../lib/gcc/ba-elf/4.7.4/mcpu_jn51xx_sizeopt\libgcc.a(eqdf2.o)
 .debug_aranges
                0x0000000000000180       0x20 c:/users/makot/desktop/scoreboradproject/mwstage-2020-04_win10/mwstage/mwsdk/tools/ba-elf-ba2-r36379.w10/bin/../lib/gcc/ba-elf/4.7.4/mcpu_jn51xx_sizeopt\libgcc.a(gedf2.o)
 .debug_aranges
                0x00000000000001a0       0x20 c:/users/makot/desktop/scoreboradproject/mwstage-2020-04_win10/mwstage/mwsdk/tools/ba-elf-ba2-r36379.w10/bin/../lib/gcc/ba-elf/4.7.4/mcpu_jn51xx_sizeopt\libgcc.a(ledf2.o)
 .debug_aranges
                0x00000000000001c0       0x20 c:/users/makot/desktop/scoreboradproject/mwstage-2020-04_win10/mwstage/mwsdk/tools/ba-elf-ba2-r36379.w10/bin/../lib/gcc/ba-elf/4.7.4/mcpu_jn51xx_sizeopt\libgcc.a(muldf3.o)
 .debug_aranges
                0x00000000000001e0       0x20 c:/users/makot/desktop/scoreboradproject/mwstage-2020-04_win10/mwstage/mwsdk/tools/ba-elf-ba2-r36379.w10/bin/../lib/gcc/ba-elf/4.7.4/mcpu_jn51xx_sizeopt\libgcc.a(subdf3.o)
 .debug_aranges
                0x0000000000000200       0x20 c:/users/makot/desktop/scoreboradproject/mwstage-2020-04_win10/mwstage/mwsdk/tools/ba-elf-ba2-r36379.w10/bin/../lib/gcc/ba-elf/4.7.4/mcpu_jn51xx_sizeopt\libgcc.a(fixdfsi.o)
 .debug_aranges
                0x0000000000000220       0x20 c:/users/makot/desktop/scoreboradproject/mwstage-2020-04_win10/mwstage/mwsdk/tools/ba-elf-ba2-r36379.w10/bin/../lib/gcc/ba-elf/4.7.4/mcpu_jn51xx_sizeopt\libgcc.a(floatsidf.o)
 .debug_aranges
                0x0000000000000240       0x20 c:/users/makot/desktop/scoreboradproject/mwstage-2020-04_win10/mwstage/mwsdk/tools/ba-elf-ba2-r36379.w10/bin/../lib/gcc/ba-elf/4.7.4/mcpu_jn51xx_sizeopt\libgcc.a(floatunsidf.o)
 .debug_aranges
                0x0000000000000260       0x20 C:/Users/makot/Desktop/ScoreBoradProject/MWSTAGE-2020-04_win10/MWSTAGE/MWSDK/ChipLib/SW4063V1416/Components/Library\libBoot_JN516x.a(ExceptionHandler.o)
 .debug_aranges
                0x0000000000000280       0x20 c:/users/makot/desktop/scoreboradproject/mwstage-2020-04_win10/mwstage/mwsdk/tools/ba-elf-ba2-r36379.w10/bin/../lib/gcc/ba-elf/4.7.4/../../../../ba-elf/lib/mcpu_jn51xx_sizeopt\libc.a(lib_a-memset.o)
 .debug_aranges
                0x00000000000002a0       0x20 c:/users/makot/desktop/scoreboradproject/mwstage-2020-04_win10/mwstage/mwsdk/tools/ba-elf-ba2-r36379.w10/bin/../lib/gcc/ba-elf/4.7.4/../../../../ba-elf/lib/mcpu_jn51xx_sizeopt\libc.a(lib_a-strncmp.o)

.debug_line     0x0000000000000000     0x2d38
 .debug_line    0x0000000000000000      0x15a c:/users/makot/desktop/scoreboradproject/mwstage-2020-04_win10/mwstage/mwsdk/tools/ba-elf-ba2-r36379.w10/bin/../lib/gcc/ba-elf/4.7.4/../../../../ba-elf/lib/mcpu_jn51xx_sizeopt\libc.a(lib_a-memcmp.o)
 .debug_line    0x000000000000015a      0x14e c:/users/makot/desktop/scoreboradproject/mwstage-2020-04_win10/mwstage/mwsdk/tools/ba-elf-ba2-r36379.w10/bin/../lib/gcc/ba-elf/4.7.4/../../../../ba-elf/lib/mcpu_jn51xx_sizeopt\libc.a(lib_a-memcpy.o)
 .debug_line    0x00000000000002a8      0x47b c:/users/makot/desktop/scoreboradproject/mwstage-2020-04_win10/mwstage/mwsdk/tools/ba-elf-ba2-r36379.w10/bin/../lib/gcc/ba-elf/4.7.4/mcpu_jn51xx_sizeopt\libgcc.a(__udivsi3.o)
 .debug_line    0x0000000000000723       0xbb c:/users/makot/desktop/scoreboradproject/mwstage-2020-04_win10/mwstage/mwsdk/tools/ba-elf-ba2-r36379.w10/bin/../lib/gcc/ba-elf/4.7.4/mcpu_jn51xx_sizeopt\libgcc.a(__divsi3.o)
 .debug_line    0x00000000000007de      0x3c7 c:/users/makot/desktop/scoreboradproject/mwstage-2020-04_win10/mwstage/mwsdk/tools/ba-elf-ba2-r36379.w10/bin/../lib/gcc/ba-elf/4.7.4/mcpu_jn51xx_sizeopt\libgcc.a(__umodsi3.o)
 .debug_line    0x0000000000000ba5       0xa3 c:/users/makot/desktop/scoreboradproject/mwstage-2020-04_win10/mwstage/mwsdk/tools/ba-elf-ba2-r36379.w10/bin/../lib/gcc/ba-elf/4.7.4/mcpu_jn51xx_sizeopt\libgcc.a(__modsi3.o)
 .debug_line    0x0000000000000c48       0x9f c:/users/makot/desktop/scoreboradproject/mwstage-2020-04_win10/mwstage/mwsdk/tools/ba-elf-ba2-r36379.w10/bin/../lib/gcc/ba-elf/4.7.4/mcpu_jn51xx_sizeopt\libgcc.a(_fixunsdfsi.o)
 .debug_line    0x0000000000000ce7      0x1b7 c:/users/makot/desktop/scoreboradproject/mwstage-2020-04_win10/mwstage/mwsdk/tools/ba-elf-ba2-r36379.w10/bin/../lib/gcc/ba-elf/4.7.4/mcpu_jn51xx_sizeopt\libgcc.a(_udivdi3.o)
 .debug_line    0x0000000000000e9e      0x1b7 c:/users/makot/desktop/scoreboradproject/mwstage-2020-04_win10/mwstage/mwsdk/tools/ba-elf-ba2-r36379.w10/bin/../lib/gcc/ba-elf/4.7.4/mcpu_jn51xx_sizeopt\libgcc.a(_umoddi3.o)
 .debug_line    0x0000000000001055      0x63d c:/users/makot/desktop/scoreboradproject/mwstage-2020-04_win10/mwstage/mwsdk/tools/ba-elf-ba2-r36379.w10/bin/../lib/gcc/ba-elf/4.7.4/mcpu_jn51xx_sizeopt\libgcc.a(adddf3.o)
 .debug_line    0x0000000000001692      0x3b5 c:/users/makot/desktop/scoreboradproject/mwstage-2020-04_win10/mwstage/mwsdk/tools/ba-elf-ba2-r36379.w10/bin/../lib/gcc/ba-elf/4.7.4/mcpu_jn51xx_sizeopt\libgcc.a(divdf3.o)
 .debug_line    0x0000000000001a47       0xf1 c:/users/makot/desktop/scoreboradproject/mwstage-2020-04_win10/mwstage/mwsdk/tools/ba-elf-ba2-r36379.w10/bin/../lib/gcc/ba-elf/4.7.4/mcpu_jn51xx_sizeopt\libgcc.a(eqdf2.o)
 .debug_line    0x0000000000001b38      0x15f c:/users/makot/desktop/scoreboradproject/mwstage-2020-04_win10/mwstage/mwsdk/tools/ba-elf-ba2-r36379.w10/bin/../lib/gcc/ba-elf/4.7.4/mcpu_jn51xx_sizeopt\libgcc.a(gedf2.o)
 .debug_line    0x0000000000001c97      0x15f c:/users/makot/desktop/scoreboradproject/mwstage-2020-04_win10/mwstage/mwsdk/tools/ba-elf-ba2-r36379.w10/bin/../lib/gcc/ba-elf/4.7.4/mcpu_jn51xx_sizeopt\libgcc.a(ledf2.o)
 .debug_line    0x0000000000001df6      0x269 c:/users/makot/desktop/scoreboradproject/mwstage-2020-04_win10/mwstage/mwsdk/tools/ba-elf-ba2-r36379.w10/bin/../lib/gcc/ba-elf/4.7.4/mcpu_jn51xx_sizeopt\libgcc.a(muldf3.o)
 .debug_line    0x000000000000205f      0x656 c:/users/makot/desktop/scoreboradproject/mwstage-2020-04_win10/mwstage/mwsdk/tools/ba-elf-ba2-r36379.w10/bin/../lib/gcc/ba-elf/4.7.4/mcpu_jn51xx_sizeopt\libgcc.a(subdf3.o)
 .debug_line    0x00000000000026b5       0xc8 c:/users/makot/desktop/scoreboradproject/mwstage-2020-04_win10/mwstage/mwsdk/tools/ba-elf-ba2-r36379.w10/bin/../lib/gcc/ba-elf/4.7.4/mcpu_jn51xx_sizeopt\libgcc.a(fixdfsi.o)
 .debug_line    0x000000000000277d       0xbc c:/users/makot/desktop/scoreboradproject/mwstage-2020-04_win10/mwstage/mwsdk/tools/ba-elf-ba2-r36379.w10/bin/../lib/gcc/ba-elf/4.7.4/mcpu_jn51xx_sizeopt\libgcc.a(floatsidf.o)
 .debug_line    0x0000000000002839       0xbe c:/users/makot/desktop/scoreboradproject/mwstage-2020-04_win10/mwstage/mwsdk/tools/ba-elf-ba2-r36379.w10/bin/../lib/gcc/ba-elf/4.7.4/mcpu_jn51xx_sizeopt\libgcc.a(floatunsidf.o)
 .debug_line    0x00000000000028f7      0x197 C:/Users/makot/Desktop/ScoreBoradProject/MWSTAGE-2020-04_win10/MWSTAGE/MWSDK/ChipLib/SW4063V1416/Components/Library\libBoot_JN516x.a(ExceptionHandler.o)
 .debug_line    0x0000000000002a8e      0x144 c:/users/makot/desktop/scoreboradproject/mwstage-2020-04_win10/mwstage/mwsdk/tools/ba-elf-ba2-r36379.w10/bin/../lib/gcc/ba-elf/4.7.4/../../../../ba-elf/lib/mcpu_jn51xx_sizeopt\libc.a(lib_a-memset.o)
 .debug_line    0x0000000000002bd2      0x166 c:/users/makot/desktop/scoreboradproject/mwstage-2020-04_win10/mwstage/mwsdk/tools/ba-elf-ba2-r36379.w10/bin/../lib/gcc/ba-elf/4.7.4/../../../../ba-elf/lib/mcpu_jn51xx_sizeopt\libc.a(lib_a-strncmp.o)

.debug_str      0x0000000000000000      0x709