Archive member included because of file (symbol)

C:/Users/makot/Desktop/ScoreBoradProject/MWSTAGE-2020-04_win10/MWSTAGE/MWSDK/TWENET/current/lib/libTWENET_RED.a(ToCoNet_event.o)
                              objs_RED/WirelessUart_receive.o (symbol from plugin) (PRSEV_u8RegisterEx)
C:/Users/makot/Desktop/ScoreBoradProject/MWSTAGE-2020-04_win10/MWSTAGE/MWSDK/TWENET/current/lib/libTWENET_RED.a(ToCoNet_main.o)
                              objs_RED/networks/mwx_nwk_simple.o (symbol from plugin) (sToCoNet_Context)
C:/Users/makot/Desktop/ScoreBoradProject/MWSTAGE-2020-04_win10/MWSTAGE/MWSDK/TWENET/current/lib/libTWENET_RED.a(ToCoNet_utils.o)
                              ToCoNet_main.o (symbol from plugin) (ToCoNet_u32GetVersion)
C:/Users/makot/Desktop/ScoreBoradProject/MWSTAGE-2020-04_win10/MWSTAGE/MWSDK/TWENET/current/lib/libTWENET_RED.a(ToCoNet_mod_Tx.o)
                              objs_RED/mwx_appcore.o (symbol from plugin) (ToCoNet_vReg_mod_Tx_Standard)
C:/Users/makot/Desktop/ScoreBoradProject/MWSTAGE-2020-04_win10/MWSTAGE/MWSDK/TWENET/current/lib/libTWENET_RED.a(ToCoNet_mod_TxRxQueue.o)
                              objs_RED/mwx_appcore.o (symbol from plugin) (ToCoNet_vReg_mod_TxRxQueueSmall)
C:/Users/makot/Desktop/ScoreBoradProject/MWSTAGE-2020-04_win10/MWSTAGE/MWSDK/TWENET/current/lib/libTWENET_RED.a(ToCoNet_mod_Nwk_Common.o)
                              ToCoNet_main.o (symbol from plugin) (ToCoNet_vRxProc_Mod)
C:/Users/makot/Desktop/ScoreBoradProject/MWSTAGE-2020-04_win10/MWSTAGE/MWSDK/TWENET/current/lib/libTWENET_RED.a(ToCoNet_mod_Channel_Mgr.o)
                              ToCoNet_mod_Tx.o (symbol from plugin) (ToCoNet_ChMgr_bCh_OnTx)
C:/Users/makot/Desktop/ScoreBoradProject/MWSTAGE-2020-04_win10/MWSTAGE/MWSDK/TWENET/current/lib/libTWENET_RED.a(Version.o)
                              ToCoNet_utils.o (symbol from plugin) (au8ToCoNetVersionInfo)
C:/Users/makot/Desktop/ScoreBoradProject/MWSTAGE-2020-04_win10/MWSTAGE/MWSDK/TWENET/current/lib/libTWENET_RED.a(AppQueueApi_ToCoNet.o)
                              ToCoNet_main.o (symbol from plugin) (_u32_INT_ticktimer)
C:/Users/makot/Desktop/ScoreBoradProject/MWSTAGE-2020-04_win10/MWSTAGE/MWSDK/TWENET/current/lib/libTWENEText_RED.a(AppStart.o)
                              (AppColdStart)
C:/Users/makot/Desktop/ScoreBoradProject/MWSTAGE-2020-04_win10/MWSTAGE/MWSDK/TWENET/current/lib/libTWENEText_RED.a(getMacAddr.o)
                              ToCoNet_main.o (symbol from plugin) (ToCoNet_u32GetSerialOnBoot)
C:/Users/makot/Desktop/ScoreBoradProject/MWSTAGE-2020-04_win10/MWSTAGE/MWSDK/TWENET/current/lib/libTWENEText_RED.a(mac.o)
                              ToCoNet_main.o (symbol from plugin) (Mac_vInit)
C:/Users/makot/Desktop/ScoreBoradProject/MWSTAGE-2020-04_win10/MWSTAGE/MWSDK/TWENET/current/lib/libTWENEText_RED.a(AES_CCM.o)
                              AppStart.o (symbol from plugin) (bAES_CCM_KeyReg)
C:/Users/makot/Desktop/ScoreBoradProject/MWSTAGE-2020-04_win10/MWSTAGE/MWSDK/TWENET/current/lib/libTWENEText_RED.a(no_ack_handler.o)
                              AppStart.o (symbol from plugin) (vInstallNoAckHandler)
C:/Users/makot/Desktop/ScoreBoradProject/MWSTAGE-2020-04_win10/MWSTAGE/MWSDK/TWENET/current/lib/libTWENEText_RED.a(Version.o)
                              ToCoNet_utils.o (symbol from plugin) (au8ToCoNetExtVersionInfo)
C:/Users/makot/Desktop/ScoreBoradProject/MWSTAGE-2020-04_win10/MWSTAGE/MWSDK/TWENET/current/lib/libTWENETutils_RED.a(serial.o)
                              objs_RED/WirelessUart_receive.o (symbol from plugin) (SERIAL_bTxChar)
C:/Users/makot/Desktop/ScoreBoradProject/MWSTAGE-2020-04_win10/MWSTAGE/MWSDK/TWENET/current/lib/libTWENETutils_RED.a(uart.o)
                              serial.o (symbol from plugin) (UART_vInit)
C:/Users/makot/Desktop/ScoreBoradProject/MWSTAGE-2020-04_win10/MWSTAGE/MWSDK/TWENET/current/lib/libTWENETutils_RED.a(ByteQueue.o)
                              ToCoNet_main.o (symbol from plugin) (QUEUE__vInit)
C:/Users/makot/Desktop/ScoreBoradProject/MWSTAGE-2020-04_win10/MWSTAGE/MWSDK/TWENET/current/lib/libTWENETutils_RED.a(ccitt8.o)
                              AppStart.o (symbol from plugin) (u8CCITT8)
C:/Users/makot/Desktop/ScoreBoradProject/MWSTAGE-2020-04_win10/MWSTAGE/MWSDK/TWENET/current/lib/libTWENETutils_RED.a(fprintf.o)
                              objs_RED/sensors/legacy/sensor_driver.o (symbol from plugin) (vfPrintf)
C:/Users/makot/Desktop/ScoreBoradProject/MWSTAGE-2020-04_win10/MWSTAGE/MWSDK/TWENET/current/lib/libTWENETutils_RED.a(utils.o)
                              objs_RED/mwx_appcore.o (symbol from plugin) (vTimerConfig)
C:/Users/makot/Desktop/ScoreBoradProject/MWSTAGE-2020-04_win10/MWSTAGE/MWSDK/TWENET/current/lib/libTWENETutils_RED.a(ccm.o)
                              AES_CCM.o (symbol from plugin) (ccm_init_and_key)
C:/Users/makot/Desktop/ScoreBoradProject/MWSTAGE-2020-04_win10/MWSTAGE/MWSDK/TWENET/current/lib/libTWENETutils_RED.a(Version.o)
[...]
Memory Configuration

Name             Origin             Length             Attributes
flash            0x0000000000080000 0x0000000000080000
ram              0x000000000400004c 0x0000000000007fb4
*default*        0x0000000000000000 0xffffffffffffffff

Linker script and memory map

LOAD objs_RED/sensors/legacy/SMBus.o
LOAD C:\Users\makot\AppData\Local\Temp\ccLi126e.ltrans0.ltrans.o
LOAD C:\Users\makot\AppData\Local\Temp\ccLi126e.ltrans1.ltrans.o
LOAD C:\Users\makot\AppData\Local\Temp\ccLi126e.ltrans2.ltrans.o
LOAD C:\Users\makot\AppData\Local\Temp\ccLi126e.ltrans3.ltrans.o
LOAD C:\Users\makot\AppData\Local\Temp\ccLi126e.ltrans4.ltrans.o
LOAD C:\Users\makot\AppData\Local\Temp\ccLi126e.ltrans5.ltrans.o
LOAD C:\Users\makot\AppData\Local\Temp\ccLi126e.ltrans6.ltrans.o
LOAD C:\Users\makot\AppData\Local\Temp\ccLi126e.ltrans7.ltrans.o
LOAD C:\Users\makot\AppData\Local\Temp\ccLi126e.ltrans8.ltrans.o
LOAD C:\Users\makot\AppData\Local\Temp\ccLi126e.ltrans9.ltrans.o
LOAD C:\Users\makot\AppData\Local\Temp\ccLi126e.ltrans10.ltrans.o
LOAD C:\Users\makot\AppData\Local\Temp\ccLi126e.ltrans11.ltrans.o
LOAD C:\Users\makot\AppData\Local\Temp\ccLi126e.ltrans12.ltrans.o
LOAD C:\Users\makot\AppData\Local\Temp\ccLi126e.ltrans13.ltrans.o
LOAD C:\Users\makot\AppData\Local\Temp\ccLi126e.ltrans14.ltrans.o
LOAD C:\Users\makot\AppData\Local\Temp\ccLi126e.ltrans15.ltrans.o
LOAD C:\Users\makot\AppData\Local\Temp\ccLi126e.ltrans16.ltrans.o
LOAD C:\Users\makot\AppData\Local\Temp\ccLi126e.ltrans17.ltrans.o
LOAD C:\Users\makot\AppData\Local\Temp\ccLi126e.ltrans18.ltrans.o
LOAD C:\Users\makot\AppData\Local\Temp\ccLi126e.ltrans19.ltrans.o
LOAD C:\Users\makot\AppData\Local\Temp\ccLi126e.ltrans20.ltrans.o
LOAD c:/users/makot/desktop/scoreboradproject/mwstage-2020-04_win10/mwstage/mwsdk/tools/ba-elf-ba2-r36379.w10/bin/../lib/gcc/ba-elf/4.7.4/../../../../ba-elf/lib/mcpu_jn51xx_sizeopt\libc.a
LOAD c:/users/makot/desktop/scoreboradproject/mwstage-2020-04_win10/mwstage/mwsdk/tools/ba-elf-ba2-r36379.w10/bin/../lib/gcc/ba-elf/4.7.4/mcpu_jn51xx_sizeopt\libgcc.a
LOAD c:/users/makot/desktop/scoreboradproject/mwstage-2020-04_win10/mwstage/mwsdk/tools/ba-elf-ba2-r36379.w10/bin/../lib/gcc/ba-elf/4.7.4/../../../../ba-elf/lib/mcpu_jn51xx_sizeopt\libc.a
LOAD objs_RED/sensors/legacy/sensor_driver.o
LOAD objs_RED/sensors/legacy/SHTC3.o
LOAD objs_RED/sensors/legacy/LTR308ALS.o
LOAD objs_RED/mwx_debug.o
LOAD objs_RED/WirelessUart_receive.o
LOAD objs_RED/mwx_utils_crc8.o
LOAD objs_RED/mwx_appcore.o
LOAD objs_RED/mwx_memory.o
LOAD objs_RED/mwx_periph.o
LOAD objs_RED/mwx_periph_dio.o
LOAD objs_RED/mwx_periph_buttons.o
LOAD objs_RED/mwx_periph_analogue.o
LOAD objs_RED/mwx_stream.o
LOAD objs_RED/mwx_duplicate_checker.o
LOAD objs_RED/mwx_settings.o
LOAD objs_RED/mwx_settings_default.o
LOAD objs_RED/boards/mwx_brd_pal_amb.o
LOAD objs_RED/boards/mwx_brd_pal_mot.o
LOAD objs_RED/boards/mwx_brd_pal_mag.o
LOAD objs_RED/boards/mwx_brd_monostick.o
LOAD objs_RED/boards/mwx_brd_app_twelite.o
LOAD objs_RED/networks/mwx_nwk_simple.o
LOAD objs_RED/sensors/legacy/probe.o
LOAD objs_RED/sensors/mwx_sns_MC3630.o
LOAD C:/Users/makot/Desktop/ScoreBoradProject/MWSTAGE-2020-04_win10/MWSTAGE/MWSDK/TWENET/current/lib/libTWENET_RED.a
LOAD C:/Users/makot/Desktop/ScoreBoradProject/MWSTAGE-2020-04_win10/MWSTAGE/MWSDK/TWENET/current/lib/libTWENEText_RED.a
LOAD C:/Users/makot/Desktop/ScoreBoradProject/MWSTAGE-2020-04_win10/MWSTAGE/MWSDK/TWENET/current/lib/libTWENETutils_RED.a
LOAD C:/Users/makot/Desktop/ScoreBoradProject/MWSTAGE-2020-04_win10/MWSTAGE/MWSDK/TWENET/current/lib/libTWENETstgs_RED.a
START GROUP
LOAD C:/Users/makot/Desktop/ScoreBoradProject/MWSTAGE-2020-04_win10/MWSTAGE/MWSDK/ChipLib/SW4063V1416/Components/Library\libAppApi_JN5169.a
LOAD C:/Users/makot/Desktop/ScoreBoradProject/MWSTAGE-2020-04_win10/MWSTAGE/MWSDK/ChipLib/SW4063V1416/Components/Library\libMAC_JN5169.a
LOAD C:/Users/makot/Desktop/ScoreBoradProject/MWSTAGE-2020-04_win10/MWSTAGE/MWSDK/ChipLib/SW4063V1416/Components/Library\libTimerServer_JN516x.a
LOAD C:/Users/makot/Desktop/ScoreBoradProject/MWSTAGE-2020-04_win10/MWSTAGE/MWSDK/ChipLib/SW4063V1416/Components/Library\libTOF_JN516x.a
LOAD C:/Users/makot/Desktop/ScoreBoradProject/MWSTAGE-2020-04_win10/MWSTAGE/MWSDK/ChipLib/SW4063V1416/Components/Library\libXcv_JN5169.a
LOAD C:/Users/makot/Desktop/ScoreBoradProject/MWSTAGE-2020-04_win10/MWSTAGE/MWSDK/ChipLib/SW4063V1416/Components/Library\libMMAC_JN5169.a
LOAD C:/Users/makot/Desktop/ScoreBoradProject/MWSTAGE-2020-04_win10/MWSTAGE/MWSDK/ChipLib/SW4063V1416/Components/Library\libJPT_JN5169.a
LOAD C:/Users/makot/Desktop/ScoreBoradProject/MWSTAGE-2020-04_win10/MWSTAGE/MWSDK/ChipLib/SW4063V1416/Components/Library\libAes_JN516x.a
LOAD C:/Users/makot/Desktop/ScoreBoradProject/MWSTAGE-2020-04_win10/MWSTAGE/MWSDK/ChipLib/SW4063V1416/Components/Library\libHardwareApi_JN5169.a
LOAD C:/Users/makot/Desktop/ScoreBoradProject/MWSTAGE-2020-04_win10/MWSTAGE/MWSDK/ChipLib/SW4063V1416/Components/Library\libMicroSpecific_JN516x.a
LOAD C:/Users/makot/Desktop/ScoreBoradProject/MWSTAGE-2020-04_win10/MWSTAGE/MWSDK/ChipLib/SW4063V1416/Components/Library\libBoot_JN516x.a
LOAD C:/Users/makot/Desktop/ScoreBoradProject/MWSTAGE-2020-04_win10/MWSTAGE/MWSDK/ChipLib/SW4063V1416/Components/Library\libPDM_EEPROM_JN516x_NO_RTOS.a
LOAD C:/Users/makot/Desktop/ScoreBoradProject/MWSTAGE-2020-04_win10/MWSTAGE/MWSDK/TWENET/current/lib/libTWENET_RED.a
LOAD C:/Users/makot/Desktop/ScoreBoradProject/MWSTAGE-2020-04_win10/MWSTAGE/MWSDK/TWENET/current/lib/libTWENEText_RED.a
LOAD C:/Users/makot/Desktop/ScoreBoradProject/MWSTAGE-2020-04_win10/MWSTAGE/MWSDK/TWENET/current/lib/libTWENETutils_RED.a
LOAD C:/Users/makot/Desktop/ScoreBoradProject/MWSTAGE-2020-04_win10/MWSTAGE/MWSDK/TWENET/current/lib/libTWENETstgs_RED.a
END GROUP
LOAD c:/users/makot/desktop/scoreboradproject/mwstage-2020-04_win10/mwstage/mwsdk/tools/ba-elf-ba2-r36379.w10/bin/../lib/gcc/ba-elf/4.7.4/../../../../ba-elf/lib/mcpu_jn51xx_sizeopt\libstdc++.a
LOAD c:/users/makot/desktop/scoreboradproject/mwstage-2020-04_win10/mwstage/mwsdk/tools/ba-elf-ba2-r36379.w10/bin/../lib/gcc/ba-elf/4.7.4/../../../../ba-elf/lib/mcpu_jn51xx_sizeopt\libm.a
LOAD c:/users/makot/desktop/scoreboradproject/mwstage-2020-04_win10/mwstage/mwsdk/tools/ba-elf-ba2-r36379.w10/bin/../lib/gcc/ba-elf/4.7.4/../../../../ba-elf/lib/mcpu_jn51xx_sizeopt\libc.a
LOAD c:/users/makot/desktop/scoreboradproject/mwstage-2020-04_win10/mwstage/mwsdk/tools/ba-elf-ba2-r36379.w10/bin/../lib/gcc/ba-elf/4.7.4/mcpu_jn51xx_sizeopt\libgcc.a
LOAD c:/users/makot/desktop/scoreboradproject/mwstage-2020-04_win10/mwstage/mwsdk/tools/ba-elf-ba2-r36379.w10/bin/../lib/gcc/ba-elf/4.7.4/../../../../ba-elf/lib/mcpu_jn51xx_sizeopt\libc.a
                0x0000000000001000                _minimum_heap_size = 0x1000
                0x0000000000000c00                _stack_size = 0xc00
                0x0000000000080038                exception_vsr_table = 0x80038
                0x0000000004000000                pSPIflashFncTable = 0x4000000
                0x0000000000000044                restore_state = 0x44
                0x000000000000004a                bZSPIWaitWIPClear = 0x4a
                0x0000000000000050                u16ZSPIflashRDID = 0x50
                0x0000000000000056                u8SelectFlashChipType = 0x56
                0x000000000000005c                memcpy = 0x5c
                0x0000000000000066                vBootFlashProg = 0x66
                [0x0000000000000d16]                __minimum_heap_size = DEFINED (__minimum_heap_size)?__minimum_heap_size:0xd16
                [0x0000000000000800]                __stack_size = DEFINED (__stack_size)?__stack_size:0x800
                0x0000000000000000                _SwConfig = (DEFINED (g_bSWConf_Debug) | (DEFINED (g_bSWConf_AltDebugPort) << 0x1))

.version        0x000000000007fffc        0x4
                0x000000000007fffc        0x4 LONG 0xf03000b

.bir            0x0000000000080000       0x10
                0x0000000000080000                _flash_start = ABSOLUTE (.)
                0x0000000000080000                _flash_beg = ABSOLUTE (.)
                0x0000000000080000        0x4 LONG 0x12345678
                0x0000000000080004        0x4 LONG 0x11223344
                0x0000000000080008        0x4 LONG 0x55667788
                0x000000000008000c        0x1 BYTE 0x8
                0x000000000008000d        0x1 BYTE 0x1
                0x000000000008000e        0x2 SHORT 0x0

.flashheader    0x0000000000080010       0x28
                0x0000000000080010        0x4 LONG 0x0
                0x0000000000080014        0x4 LONG 0x0
                0x0000000000080018        0x4 LONG 0x0
                0x000000000008001c        0x2 SHORT 0x0
                0x000000000008001e        0x2 SHORT 0x0 ABSOLUTE (_SwConfig)
                0x0000000000080020                _enc_start = ABSOLUTE (.)
                0x0000000000080020        0x4 LONG 0x101c4 ABSOLUTE (_image_len)
                0x0000000000080024        0x4 LONG 0x901b8 ABSOLUTE (_flash_data_start)
                0x0000000000080028        0x2 SHORT 0x13 ((ABSOLUTE (_ram_data_start) / 0x4) & 0xffff)
                0x000000000008002a        0x2 SHORT 0x3 ((ABSOLUTE (_ram_data_len) / 0x4) & 0xffff)
                0x000000000008002c        0x2 SHORT 0x16 ((ABSOLUTE (_bss_start) / 0x4) & 0xffff)
                0x000000000008002e        0x2 SHORT 0x592 ((ABSOLUTE (_bss_len) / 0x4) & 0xffff)
                0x0000000000080030        0x4 LONG 0x87d3c ABSOLUTE (AppWarmStart)
                0x0000000000080034        0x4 LONG 0x8735d ABSOLUTE (AppColdStart)
                0x0000000000000000                _enc_offset = (_enc_start & 0xf)
                0x0000000000000044                PROVIDE (vException_BusError, restore_state)
                0x0000000000000044                PROVIDE (vException_UnalignedAccess, restore_state)
                0x0000000000000044                PROVIDE (vException_IllegalInstruction, restore_state)
                0x0000000000000044                PROVIDE (vException_SysCall, restore_state)
                0x0000000000000044                PROVIDE (vException_Trap, restore_state)
                0x0000000000000044                PROVIDE (vException_StackOverflow, restore_state)
                0x0000000000080038                . = ABSOLUTE (exception_vsr_table)

.vsr_table      0x0000000000080038       0x18
                0x0000000000080038        0x4 LONG 0x44 ABSOLUTE (vException_BusError)
                0x000000000008003c        0x4 LONG 0x44 ABSOLUTE (vException_UnalignedAccess)
                0x0000000000080040        0x4 LONG 0x44 ABSOLUTE (vException_IllegalInstruction)
                0x0000000000080044        0x4 LONG 0x44 ABSOLUTE (vException_SysCall)
                0x0000000000080048        0x4 LONG 0x44 ABSOLUTE (vException_Trap)
                0x000000000008004c        0x4 LONG 0x44 ABSOLUTE (vException_StackOverflow)

.vsr_handlers   0x0000000000080050       0xaa
 *(.vsr_handlers)
 .vsr_handlers  0x0000000000080050       0xaa C:/Users/makot/Desktop/ScoreBoradProject/MWSTAGE-2020-04_win10/MWSTAGE/MWSDK/ChipLib/SW4063V1416/Components/Library\libBoot_JN516x.a(ExceptionHandler.o)
                0x0000000000080050                _exception_external_interrupt
                0x00000000000800f8                _default_vsr_dummy

.rodata         0x0000000000080100      0x6d4
 *(.rodata*)
 .rodata        0x0000000000080100      0x148 C:\Users\makot\AppData\Local\Temp\ccLi126e.ltrans0.ltrans.o
 .rodata        0x0000000000080248       0xd4 C:\Users\makot\AppData\Local\Temp\ccLi126e.ltrans1.ltrans.o
                0x0000000000080248                s_aprScanHandleEvt.18260
                0x0000000000080278                apvActionCalls
                0x0000000000080300                aprLPBMacVectorRamTable
                0x0000000000080314                psTamMacContext
                0x0000000000080318                psTAMcontext
 .rodata.str1.1
                0x000000000008031c       0x12 C:\Users\makot\AppData\Local\Temp\ccLi126e.ltrans3.ltrans.o
 *fill*         0x000000000008032e        0x2 00
 .rodata        0x0000000000080330       0xc0 C:\Users\makot\AppData\Local\Temp\ccLi126e.ltrans3.ltrans.o
 .rodata        0x00000000000803f0       0x1c C:\Users\makot\AppData\Local\Temp\ccLi126e.ltrans4.ltrans.o
 .rodata.str1.1
                0x000000000008040c       0x2d C:\Users\makot\AppData\Local\Temp\ccLi126e.ltrans6.ltrans.o
                                         0x30 (size before relaxing)
 *fill*         0x0000000000080439        0x3 00
 .rodata        0x000000000008043c       0x24 C:\Users\makot\AppData\Local\Temp\ccLi126e.ltrans7.ltrans.o
                0x0000000000080444                psTamXcvContext
 .rodata.str1.1
                0x0000000000080460       0x8b C:\Users\makot\AppData\Local\Temp\ccLi126e.ltrans7.ltrans.o
 .rodata.str1.1
                0x00000000000804eb       0x22 C:\Users\makot\AppData\Local\Temp\ccLi126e.ltrans8.ltrans.o
 .rodata        0x000000000008050d       0x14 C:\Users\makot\AppData\Local\Temp\ccLi126e.ltrans8.ltrans.o
 .rodata.str1.1
                0x0000000000080521       0x27 C:\Users\makot\AppData\Local\Temp\ccLi126e.ltrans9.ltrans.o
 .rodata        0x0000000000080548       0x7c C:\Users\makot\AppData\Local\Temp\ccLi126e.ltrans9.ltrans.o
                0x000000000008057c                u32MacLow_TOCOS
                0x0000000000080580                u32MacHigh_TOCOS
 .rodata        0x00000000000805c4        0x6 C:\Users\makot\AppData\Local\Temp\ccLi126e.ltrans10.ltrans.o
                0x00000000000805c4                aeXcvPhyEvtToScanEvt.5424.18263
 .rodata        0x00000000000805ca        0x4 C:\Users\makot\AppData\Local\Temp\ccLi126e.ltrans11.ltrans.o
 .rodata.str1.1
                0x00000000000805ce       0x7a C:\Users\makot\AppData\Local\Temp\ccLi126e.ltrans12.ltrans.o
                                         0x7f (size before relaxing)
 .rodata        0x0000000000080648       0x18 C:\Users\makot\AppData\Local\Temp\ccLi126e.ltrans12.ltrans.o
 .rodata        0x0000000000080660        0xa C:\Users\makot\AppData\Local\Temp\ccLi126e.ltrans13.ltrans.o
 .rodata        0x000000000008066a       0x14 C:\Users\makot\AppData\Local\Temp\ccLi126e.ltrans14.ltrans.o
 .rodata        0x000000000008067e       0x9a C:\Users\makot\AppData\Local\Temp\ccLi126e.ltrans15.ltrans.o
 .rodata.str1.1
                0x0000000000000000        0xe C:\Users\makot\AppData\Local\Temp\ccLi126e.ltrans16.ltrans.o
 .rodata.str1.1
                0x0000000000080718       0x3f C:\Users\makot\AppData\Local\Temp\ccLi126e.ltrans17.ltrans.o
 *fill*         0x0000000000080757        0x1 00
 .rodata        0x0000000000080758       0x30 C:\Users\makot\AppData\Local\Temp\ccLi126e.ltrans18.ltrans.o
                0x0000000000080758                au32TimerBaseAddress
                0x000000000008076c                CSWTCH.35.28849.28849
                0x0000000000080780                au32UartAddrOffset
 .rodata.str1.1
                0x0000000000080788       0x11 C:\Users\makot\AppData\Local\Temp\ccLi126e.ltrans19.ltrans.o
                                         0x22 (size before relaxing)
 *fill*         0x0000000000080799        0x3 00
 .rodata        0x000000000008079c       0x38 C:\Users\makot\AppData\Local\Temp\ccLi126e.ltrans19.ltrans.o
                0x000000000008079c                asStateFuncTbl.8172

.text           0x00000000000807d4     0xf9e3
 *(.text*)
 .text          0x00000000000807d4      0xcfc C:\Users\makot\AppData\Local\Temp\ccLi126e.ltrans0.ltrans.o
                0x00000000000807d4                mac_vLPBAdjustBeaconOffset
                0x0000000000080831                mac_u32LPBGetBeaconTimeout
                0x000000000008083a                eWEnDTmrExpiry.17901
                0x0000000000080845                eWEnDEdDone.17898
                0x00000000000808a0                eGenlDontCare.17895
                0x00000000000808a5                eGenlIllegal.17520
                0x00000000000808ac                u32GetTimer0
                0x00000000000808b3                vSetTimer0
                0x00000000000808c2                _out_fct.12563
                0x00000000000808d4                _out_null.12569
                0x00000000000808d7                SerCmdBinary_Output.11849
                0x0000000000080940                SerCmdBinary_u8Parse.11802
                0x0000000000080a48                SerCmdAscii_u8Parse.11734
                0x0000000000080bb1                vOutputStream.11715
                0x0000000000080bbd                vHandlerPatch.10110
                0x0000000000080bf4                _ZN3mwx2L112appdefs_crtpINS0_9NwkSimpleEE18_cbTweNet_vHwEventEPvmm.local.204
                0x0000000000080bf7                _ZN3mwx2L112appdefs_crtpINS0_9NwkSimpleEE17_cbTweNet_u8HwIntEPvmm.local.203
                0x0000000000080bfc                _ZN3mwx2L112appdefs_crtpINS0_9NwkSimpleEE18_cbTweNet_vTxEventEPvRNS0_12packet_ev_txE.local.208
                0x0000000000080c16                _ZN3mwx2L112appdefs_crtpINS0_9NwkSimpleEE19_cbTweNet_vNwkEventEPvRNS0_13packet_ev_nwkE.local.209
                0x0000000000080c27                _ZN3mwx2L112appdefs_crtpINS0_9NwkSimpleEE15_cbTweNet_vMainEPv.local.210
                0x0000000000080c2a                _ZN3mwx2L110serial_jen7vOutputEcPv.local.211
                0x0000000000080c36                vTACu32ToPayloadM
                0x0000000000080c4e                bTACframeInProgress
                0x0000000000080c78                bTACassessBeaconForPayload
                0x0000000000080cc9                bIsBbcSafeForTx
                0x0000000000080cfe                vTATwriteAclMaterialToHardware
                0x0000000000080d23                vTATsetBLE
                0x0000000000080d5a                vTATgetFramePayload
                0x0000000000080d77                eTATreadTXstatus
                0x0000000000080dbd                vTAHsetPhyStateDirect.part.0.22381
                0x0000000000080dd9                vMEMreturn
                0x0000000000080e4a                vTACinformOriginator
                0x0000000000080e6c                pvMEMget
                0x0000000000080e98                vTAMDEdetermineNullState
                0x0000000000080eb2                vTAMCOupdatePendingList
                0x0000000000080f84                vTAMCOsetCoordinator
                0x0000000000080faa                eScanHandleEvt.part.0.17931
                0x0000000000080fd3                mac_eDcfmIndPost
                0x0000000000080ff4                mac_psDcfmIndGetBuf
                0x0000000000081015                vMLMErxEnableConfirm
                0x0000000000081047                vMLMEcommStatus
                0x00000000000810aa                vMLMEcommStatusFromFrame
                0x00000000000810ee                vMLMEsyncLoss
                0x0000000000081121                vPMICpostFailedAssocDcfm
                0x0000000000081159                vPMICassocReqTO_2.16348
                0x0000000000081170                MAC_vPibSetPanId
                0x000000000008118b                vHandleTofRequest.14454
                0x000000000008118e                vAppApiDefSetPrbsSeed
                0x00000000000811b2                u8CCITT8
                0x00000000000811d8                Mac_vInit
                0x0000000000081224                bAES_CCM_KeyReg
                0x0000000000081263                bFifoPush.8816
                0x000000000008129c                vAppQApiPostMlme.8802
                0x00000000000812bb                vAppQApiPostMcps.8809
                0x00000000000812d6                pvFifoPull.8813
                0x00000000000812fd                psAppQApiGetMlmeBuffer.8799
                0x0000000000081305                psAppQApiGetMcpsBuffer.8806
                0x000000000008130d                PRSEV_vSetState
                0x000000000008131d                PRSEV_vProcessEv_core.7256
                0x00000000000813bf                PRSEV_vProcessEvPost
                0x00000000000813f1                _PRSEV_vProcessEvSingle
                0x00000000000813fe                ToCoNet_vMacStart
                0x000000000008140b                mwx::L1::duplciate_checker::_node_ele_init(mwx::L1::duplciate_checker::_node_ele*)
                0x000000000008142a                _ZN3mwx2L17smplbufIhNS0_12alloc_attachIhEEE9push_backERKh.local.51
                0x0000000000081447                _ZN3mwx2L113serial_parserINS0_10alloc_heapIhEEEC1Ev.local.71
                0x000000000008147e                _ZN3mwx2L112appdefs_virt8on_eventEmRm.local.125
                0x0000000000081490                _ZN3mwx2L112appdefs_virt18cbToCoNet_vTxEventERNS0_12packet_ev_txE.local.128
                0x00000000000814a2                _ZN3mwx2L112appdefs_virt19cbToCoNet_vNwkEventERNS0_13packet_ev_nwkE.local.130
                0x00000000000814b4                _ZN3mwx2L112appdefs_virt5setupEv.local.132
 .text.unlikely
                0x00000000000814d0       0x5f C:\Users\makot\AppData\Local\Temp\ccLi126e.ltrans0.ltrans.o
                0x00000000000814d0                PRSEV_u8Register
                0x000000000008150e                _PRSEV_vProcessEvSingleH
                0x000000000008151d                _ZN3mwx2L112appdefs_virt18cbToCoNet_vRxEventERNS0_9packet_rxE.local.129
 *fill*         0x000000000008152f        0x1 00
 .text          0x0000000000081530      0xbac C:\Users\makot\AppData\Local\Temp\ccLi126e.ltrans1.ltrans.o
                0x0000000000081530                eWBRTTxDone.17917
                0x000000000008154e                vTAMCOframeTXgoingIdle
                0x0000000000081568                vTAMCOframeTXcap
                0x000000000008158e                eWCoRRxDone.17908
                0x0000000000081638                eWBcnRxDone.17920
                0x0000000000081c22                vTAMCOframeRXcap
                0x0000000000081c35                vTAMCOframeRXgoingIdle
                0x0000000000081c4b                vTAMCOframeRXnobeacon
                0x0000000000081c5e                vTAMDEframeRX
                0x0000000000081c87                vTAMDEframeRXtrackingDR
                0x0000000000081cca                vTAMDEframePreSyncReq
                0x0000000000081ce2                vTAMCOframeTXbeacon
                0x0000000000081da9                vTAMDEframeRXsyncReq
                0x0000000000081ff9                vTAMDEint1FiredTrackingCAPgts
                0x00000000000820ac                eWONTTxDone.17914
 .text          0x00000000000820dc      0xf51 C:\Users\makot\AppData\Local\Temp\ccLi126e.ltrans2.ltrans.o
                0x00000000000820dc                ToCoNet_vInit
                0x0000000000082419                vExpireHead.27465
                0x0000000000082449                _ZN3mwx2L110twenet_mac8transmitERNS0_9packet_txE.local.53.constprop.329
                0x000000000008262a                _etoa.12657.constprop.348
                0x00000000000829d5                _vsnprintf.constprop.346
                0x0000000000082fe8                fctprintf
                0x000000000008300a                _ZN3mwx2L111_printobj_2ImhE9_do_printEPvPFvcS3_ES3_.local.202
                0x0000000000083021                MWX_DebugMsg.constprop.344
 .text.unlikely
                0x000000000008302d        0xf C:\Users\makot\AppData\Local\Temp\ccLi126e.ltrans2.ltrans.o
                0x000000000008302d                u32AppQApiInitInt_PATCH
 .text          0x000000000008303c      0xed1 C:\Users\makot\AppData\Local\Temp\ccLi126e.ltrans3.ltrans.o
                0x0000000000083234                u8HwEventHandler.7466
                0x00000000000832d9                _ftoa.12637.constprop.350
                0x0000000000083632                _ntoa_long_long.12611.constprop.347
                0x0000000000083707                _ntoa_long.12599.constprop.352
                0x00000000000837d4                vMicroIntEnableOnly.constprop.340
                0x0000000000083800                vMMAC_SetChannelAndPower
                0x00000000000839a9                vPhySetChannel
                0x00000000000839c8                QUEUE__u8RemoveItem
                0x0000000000083a22                QUEUE__vAddItem.constprop.330
                0x0000000000083a54                _ToCoNet_bRfChChannel
                0x0000000000083aeb                ToCoNet_ChMgr_bCh_Reconfig
                0x0000000000083b53                ToCoNet_ChMgr_vCh_TxFin
                0x0000000000083b7f                vHnd_E_STATE_WAIT_TX.8139
                0x0000000000083bef                vHnd_E_STATE_IDLE.8131
                0x0000000000083c44                vAHI_ProtocolPower.constprop.339
                0x0000000000083c52                vMMAC_ConfigureRadio
                0x0000000000083dfd                vAHI_SiMasterConfigure.constprop.319
                0x0000000000083e31                _ZN3mwx2L16twenet5beginEv.local.109.constprop.289
                0x0000000000083e76                _ZN3mwx2L114periph_buttons5beginEmht.constprop.288
                0x0000000000083ed9                vAHI_DoSetPullup.constprop.285
                0x0000000000083ef9                vAHI_DioWakeEnable.constprop.284
 .text          0x0000000000083f0d      0xacd C:\Users\makot\AppData\Local\Temp\ccLi126e.ltrans4.ltrans.o
                0x0000000000083f22                mac_vLPBStartTimer
                0x000000000008422d                vTimerCallback.28496
                0x0000000000084238                vProcessEvCoreTx.8108
                0x0000000000084322                vAHI_TimerEnable.part.1.28716.constprop.261
                0x000000000008438d                _ZN3mwx2L115periph_analogue10_adc_startEv.local.62.constprop.254
                0x0000000000084476                mwx::L1::periph_analogue::ADC_handler(unsigned long, unsigned long)
                0x00000000000844bd                bAHI_SetClockRate
                0x00000000000845c8                bAES_CCMstar
                0x0000000000084694                pvHeap_Alloc
                0x0000000000084697                operator new(unsigned long)
                0x00000000000846ba                u32AHI_Init
                0x000000000008477c                vMicroIntRestoreState
                0x0000000000084788                bAHI_DoEnableOutputs
                0x00000000000847b1                u8AHI_WakeTimerFiredStatus
                0x00000000000847c5                vAHI_WakeTimerStop.part.3.29181
                0x00000000000847e5                vAHI_UartSetRTSCTS.part.15.28962
                0x000000000008480c                vAHI_UartReset.part.4.28935
                0x0000000000084844                vAHI_UartSetControl.part.2.28919
                0x0000000000084895                vAHI_UartSetBaudDivisor.part.1.28915
                0x00000000000848d4                vAHI_WatchdogStop
                0x00000000000848eb                _ZN3mwx2L120periph_pulse_counter10_on_wakeupEv.part.11.3292
                0x0000000000084961                u32AHI_DioWakeStatus
                0x0000000000084972                vAHI_DioWakeEdge
                0x0000000000084992                vAHI_DioSetPullup
                0x00000000000849b2                vAHI_DioSetOutput
                0x00000000000849c6                vAHI_DioSetDirection
 .text.unlikely
                0x00000000000849da       0x69 C:\Users\makot\AppData\Local\Temp\ccLi126e.ltrans4.ltrans.o
                0x00000000000849da                vAHI_MemoryHold.28613
                0x0000000000084a1f                vAHI_CpuDoze
                0x0000000000084a32                vStartXtal32kExternalRc.28510
 *fill*         0x0000000000084a43        0x1 00
 .text          0x0000000000084a44      0xc98 C:\Users\makot\AppData\Local\Temp\ccLi126e.ltrans5.ltrans.o
                0x0000000000084a44                TSV_eStart
                0x0000000000084b28                vTAMDEstartSync
                0x0000000000084ba6                eTAMselect
                0x0000000000084ce8                vDeterminePowerState.21162
                0x0000000000084d6c                vTAMDEint1FiredTrackingBeacon
                0x0000000000084e0c                vTAMDEint2FiredTrackingDR
                0x0000000000084e31                vTAMDEframeTXtrackingDR
                0x0000000000084e8a                vTAMDEint2FiredPollActive
                0x0000000000084ebe                vTAMDEreqTXnullTrackingCAP
                0x0000000000084ed7                vTAM_TxRetryTimer
                0x0000000000084ee4                eTAStransmitRequest
                0x000000000008527f                vPMICassocReqTO_1.16341
                0x0000000000085307                vTAM_MCPSdataRequest
                0x000000000008534a                bTACcheckPANconflict
                0x0000000000085403                TSV_eOpen
                0x000000000008540b                vAppApiDefRestoreMacSettings
                0x00000000000854f2                vAppApiDefSaveMacSettings
                0x000000000008554f                mac_vLPBSleep
                0x000000000008560d                pvAppApiDefGetMacAddrLocation
                0x0000000000085616                eAppApiDefPlmeGet
                0x0000000000085668                eAppApiDefPlmeSet
 .text          0x00000000000856dc      0xa06 C:\Users\makot\AppData\Local\Temp\ccLi126e.ltrans6.ltrans.o
                0x00000000000856dc                setup()
                0x000000000008586c                ToCoNet_vMain
 .text          0x00000000000860e2      0x90f C:\Users\makot\AppData\Local\Temp\ccLi126e.ltrans7.ltrans.o
                0x00000000000860e2                MAC_pvCtor
                0x000000000008650b                u32AppApiDefInit
                0x00000000000865d6                _ToCoNet_vMacInit
                0x000000000008663c                _ToCoNet_vRfConfig
                0x00000000000867e6                mwx::L1::NwkSimple::on_create(unsigned long&)
                0x00000000000868b5                _ZN3mwx2L123twenet_instance_manager3useINS0_9NwkSimpleEEERT_v.local.171.constprop.304
 .text          0x00000000000869f1      0x7d3 C:\Users\makot\AppData\Local\Temp\ccLi126e.ltrans8.ltrans.o
                0x00000000000869f1                SerCmdAscii_Output.11783
                0x0000000000086a92                vAppQApiPostHwIntT.8795
                0x0000000000086b65                vRxChar.10135
                0x0000000000086bb6                vXCV_IntHandlerPhy
                0x0000000000086c68                vScanHandleTimer.17517
                0x0000000000086c6d                bAES_CCM_EncodeKey
                0x0000000000086d1a                TWE_fprintf.constprop.343
                0x0000000000086d53                _ZN3mwx2L16twenetC1Ev.local.82
                0x0000000000086e0b                _Z41__static_initialization_and_destruction_0ii.part.26.3737
                0x0000000000086fd6                SERIAL_i16RxChar
                0x0000000000087035                TWETERM_iGetC.12473
                0x0000000000087057                u8TAM_AES_WriteAuxilliarySecurityHeaderIntoBuffer
                0x00000000000870c9                u32AHI_ReadIndexSectorBits.constprop.220
                0x000000000008712a                vTAIsetCapTime
                0x000000000008714b                vTAIsetRxEnableTime
                0x000000000008716c                vDoGoActive.24204
                0x000000000008718e                vTAMRXEint2Fired
 .text.unlikely
                0x00000000000871c4       0xe9 C:\Users\makot\AppData\Local\Temp\ccLi126e.ltrans8.ltrans.o
                0x0000000000087224                _ZN3mwx2L114periph_twowireILi32EE9busy_waitEv.isra.0.6781
                0x000000000008726d                _ZN3mwx2L114periph_twowireILi32EE5writeEPKhh.local.154.constprop.297
 .text          0x00000000000872ad      0x60c C:\Users\makot\AppData\Local\Temp\ccLi126e.ltrans9.ltrans.o
                0x00000000000872ad                _ZN3mwx2L112appdefs_crtpINS0_9NwkSimpleEE9_on_eventEPvmRm.local.206
                0x00000000000872f6                vProcessEvCoreMac
                0x000000000008735d                AppColdStart
 .text.unlikely
                0x00000000000878b9      0x3ae C:\Users\makot\AppData\Local\Temp\ccLi126e.ltrans9.ltrans.o
                0x00000000000878b9                ToCoNet_vStart
 *fill*         0x0000000000087c67        0x1 00
 .text          0x0000000000087c68      0xa84 C:\Users\makot\AppData\Local\Temp\ccLi126e.ltrans10.ltrans.o
                0x0000000000087c68                vPostDcfm.17904
                0x0000000000087d3c                AppWarmStart
                0x0000000000087e0c                vSetNextChannel.17952
                0x0000000000087e65                MAC_vHandleMlmeReqRsp
                0x0000000000088615                vTAMDEint1FiredTracking
                0x0000000000088685                vTAMDEint1FiredSyncReq
 .text          0x00000000000886ec      0x9b6 C:\Users\makot\AppData\Local\Temp\ccLi126e.ltrans11.ltrans.o
                0x0000000000088737                vAHI_IntHandlerTickTimer
                0x000000000008877e                SERIAL_bTxChar
                0x0000000000088820                TWETERM_vFlush.12442
                0x0000000000088897                vTACintRXheader
                0x0000000000089092                eGenRxHdrDone.17911
 .text.unlikely
                0x00000000000890a2      0x66e C:\Users\makot\AppData\Local\Temp\ccLi126e.ltrans12.ltrans.o
                0x00000000000890a2                loop()
 *fill*         0x0000000000089710        0x0 00
 .text          0x0000000000089710      0xb24 C:\Users\makot\AppData\Local\Temp\ccLi126e.ltrans13.ltrans.o
                0x0000000000089710                pinMode(unsigned char, mwx::L1::enum_wapper<PIN_MODE::eMWX_DIO_MODE, unsigned char>)
                0x0000000000089893                bTAM_AES_CCMstarPatch
                0x00000000000899d7                bTAM_AES_CCMstarPatch2006
                0x0000000000089cb6                bTATsendFrame
                0x0000000000089d09                vTrySendFromDirectCAP.20495
                0x0000000000089d24                vTrySendFromDirectNoBeacon.20499
                0x0000000000089d4f                vTAMCOint1Fired
                0x0000000000089e6b                vTAMCOstartBeacon
                0x0000000000089ea6                vStartStoreValues.20563
                0x0000000000089f5d                bStartCallback.20592
                0x0000000000089f8c                vTAMCOint1FiredCAP
                0x0000000000089fff                vTAMCOreqTXnoBeacon
                0x000000000008a011                vTAMCOreqTXinCAP
                0x000000000008a037                vTrySendUnslotted.21040
                0x000000000008a051                bSendDataRequest.21042
                0x000000000008a163                bProcessBeaconRX.21045
 .text          0x000000000008a234      0x9e2 C:\Users\makot\AppData\Local\Temp\ccLi126e.ltrans14.ltrans.o
                0x000000000008a234                UART_vHandleUartInterrupt.10238
                0x000000000008a2bb                _ZN3mwx2L114processev_crtpINS0_9NwkSimpleEE14vProcessEvCoreEP8_tsEvent7teEventm.local.207
                0x000000000008a360                vXCV_IntHandlerBbc
                0x000000000008a403                mac_vLPBStopTimer
                0x000000000008a40e                vHnd_E_STATE_RUNNING.8147
                0x000000000008a65b                _ZN3mwx2L115periph_analogue5setupEbhPFvvE.isra.4.3275.constprop.280
                0x000000000008a6e1                vMLMEbeaconNotify
                0x000000000008a840                vTAMRXEsetPhy
                0x000000000008a903                vTAHsetPhyState
                0x000000000008a933                vTAMCOint2Fired
                0x000000000008a953                vSetPHYfromMacValue.21038
                0x000000000008a985                vTAMDEint1FiredWaitDR
                0x000000000008a992                vTACsetPHYfromMacValue
                0x000000000008a9b3                vTAMRXEsetReceiveForPibChange
                0x000000000008a9f3                vTimerStart
                0x000000000008ab0c                bAHI_ReadMACID
                0x000000000008ab52                vMCPSframeReceived
 .text          0x000000000008ac16      0xa90 C:\Users\makot\AppData\Local\Temp\ccLi126e.ltrans15.ltrans.o
                0x000000000008ac16                vAHI_IntHandlerAnalogPeriph
                0x000000000008ac36                vTTIBLETimerExpired
                0x000000000008ac41                vACI_CmdWaitBusy
                0x000000000008aca5                vACI_OptimisedCcmStar
                0x000000000008aebd                vTAIdisableInterrupt
                0x000000000008aed6                psRemove.part.0.27460
                0x000000000008af05                vMAC_MISCpollConfirm
                0x000000000008af37                MAC_u8AclFindInfo
                0x000000000008b061                vTASretrieveSecurity
                0x000000000008b083                MAC_bLookUpKeyDescriptor.25012
                0x000000000008b0fd                u8TSCframeIncrease
                0x000000000008b136                vTSCpostTransmitUpdate
                0x000000000008b167                vCopyToDataFromMacAddr.24922
                0x000000000008b19a                bTSCgetOutgoingInfo
                0x000000000008b2a3                vDoGoOff.24202
                0x000000000008b2bd                psTAQsearchFifo
                0x000000000008b306                bTAQremoveFromFifo
                0x000000000008b343                vTTITransactionTimerExpired
                0x000000000008b36d                vTAMinsertEvent
                0x000000000008b3d3                vTTITimer2Expired
                0x000000000008b3d7                vTTITimer1Expired
                0x000000000008b3db                vTAM_TxRetryTimeout
                0x000000000008b3df                vTACsetTxFrameDefaults
                0x000000000008b405                u8TACgetHeaderSize
                0x000000000008b442                bUpdateTime.23240
                0x000000000008b47d                vTACbuildBeacon
                0x000000000008b685                u32TACpayloadToU32M
 .text          0x000000000008b6a6      0x756 C:\Users\makot\AppData\Local\Temp\ccLi126e.ltrans16.ltrans.o
                0x000000000008b6a6                bAES_CCM_DecodeKey
                0x000000000008b762                SERIAL_vTxReady
                0x000000000008b86a                vHnd_E_STATE_FINISH_TX_FAIL.8116
                0x000000000008b921                vHnd_E_STATE_FINISH_TX_SUCCESS.8121
                0x000000000008b9b4                u8Write802_15_4HeaderIntoBuffer.26211
                0x000000000008bb14                cbAppColdStart.part.25.3732
                0x000000000008bd98                MWX_Panic
 .text.unlikely
                0x000000000008bdfc      0x181 C:\Users\makot\AppData\Local\Temp\ccLi126e.ltrans16.ltrans.o
                0x000000000008be75                bStartXtal32k.28520
 .text          0x000000000008bf7d      0x748 C:\Users\makot\AppData\Local\Temp\ccLi126e.ltrans17.ltrans.o
                0x000000000008bf7d                _ZN3mwx2L112appdefs_crtpINS0_9NwkSimpleEE18_cbTweNet_vRxEventEPvRNS0_9packet_rxE.local.205
                0x000000000008c48f                cbAppWarmStart.part.23.3573
                0x000000000008c624                _MWX_periph_init()
 *fill*         0x000000000008c6c5        0x3 00
 .text          0x000000000008c6c8      0x518 C:\Users\makot\AppData\Local\Temp\ccLi126e.ltrans18.ltrans.o
                0x000000000008c6c8                _ZN3mwx2L113serial_parserINS0_12alloc_attachIhEEE4putcINS0_10serial_jenEEEiiP15_tsTWETERM_FILE.local.155
                0x000000000008c6dc                _ZN3mwx2L113serial_parserINS0_10alloc_heapIhEEE4putcINS0_10serial_jenEEEiiP15_tsTWETERM_FILE.local.165
                0x000000000008c726                _ZN3mwx2L110serial_jen5beginEmh.isra.17.part.18.3306.constprop.271
                0x000000000008c999                vTimerConfig
                0x000000000008cb67                _ZN3mwx2L112periph_timer10_on_wakeupEv.local.123
                0x000000000008cb9f                _ZN3mwx2L16streamINS0_10serial_jenEElsERNS0_18MWX_Stream_EndLineE.isra.30.2208
                0x000000000008cbbb                _ZN3mwx2L16streamINS0_10serial_jenEE6_printEPKc.local.169
 .text          0x000000000008cbe0      0x53b C:\Users\makot\AppData\Local\Temp\ccLi126e.ltrans19.ltrans.o
                0x000000000008cbe0                vAppApiDefMcpsRequest
                0x000000000008cc0b                vHnd_E_STATE_PREPARE_TX.8126
                0x000000000008d0e7                vAppApiDefMlmeRequest
                0x000000000008d112                pvAppApiDefGetMacHandle
 *fill*         0x000000000008d11b        0x1 00
 .text.unlikely
                0x000000000008d11c      0x318 C:\Users\makot\AppData\Local\Temp\ccLi126e.ltrans19.ltrans.o
                0x000000000008d139                vProcessIncomingHwEvent.7635
 .text          0x000000000008d434      0x788 C:\Users\makot\AppData\Local\Temp\ccLi126e.ltrans20.ltrans.o
                0x000000000008d434                eGenTmrExpiry.18213
                0x000000000008d476                eWEDTEdDone.18216
                0x000000000008d49a                TSV_eStop
                0x000000000008d559                bPMICdisassocReqSent.16337
                0x000000000008d613                MAC_vHandleMcpsReqRsp
                0x000000000008d6a1                bMCPSframeTXcomplete.18948
                0x000000000008d6f6                bSendSyncLoss.23175
                0x000000000008d70e                bPollReqSent.26771
                0x000000000008d726                bTASsendCommStatusInd
                0x000000000008d73b                bAssocRespSent.16333
                0x000000000008d74e                eTACprocessFrameTXcomplete
                0x000000000008d8cd                vTAMCOframeTXnobeacon
                0x000000000008d8e3                vTAMCOframeStarting
                0x000000000008d8fc                vTAMDEframeTXDEnull
                0x000000000008d921                vTAMDEframeTXtrackingCAPgts
                0x000000000008d94f                bPMICassocReqSent.16329
                0x000000000008d9d1                bPMICassocReqPollSent.16344
                0x000000000008da25                eWChCChanChgd.17928
 .text          0x000000000008dbbc       0x25 c:/users/makot/desktop/scoreboradproject/mwstage-2020-04_win10/mwstage/mwsdk/tools/ba-elf-ba2-r36379.w10/bin/../lib/gcc/ba-elf/4.7.4/../../../../ba-elf/lib/mcpu_jn51xx_sizeopt\libc.a(lib_a-memcmp.o)
                0x000000000008dbbc                memcmp
 .text          0x000000000008dbe1       0x19 c:/users/makot/desktop/scoreboradproject/mwstage-2020-04_win10/mwstage/mwsdk/tools/ba-elf-ba2-r36379.w10/bin/../lib/gcc/ba-elf/4.7.4/../../../../ba-elf/lib/mcpu_jn51xx_sizeopt\libc.a(lib_a-memcpy.o)
 *fill*         0x000000000008dbfa        0x2 00
 .text          0x000000000008dbfc      0x204 c:/users/makot/desktop/scoreboradproject/mwstage-2020-04_win10/mwstage/mwsdk/tools/ba-elf-ba2-r36379.w10/bin/../lib/gcc/ba-elf/4.7.4/mcpu_jn51xx_sizeopt\libgcc.a(__udivsi3.o)
                0x000000000008dbfc                __udivsi3
 .text          0x000000000008de00       0x30 c:/users/makot/desktop/scoreboradproject/mwstage-2020-04_win10/mwstage/mwsdk/tools/ba-elf-ba2-r36379.w10/bin/../lib/gcc/ba-elf/4.7.4/mcpu_jn51xx_sizeopt\libgcc.a(__divsi3.o)
                0x000000000008de00                __divsi3
 .text          0x000000000008de30      0x1b0 c:/users/makot/desktop/scoreboradproject/mwstage-2020-04_win10/mwstage/mwsdk/tools/ba-elf-ba2-r36379.w10/bin/../lib/gcc/ba-elf/4.7.4/mcpu_jn51xx_sizeopt\libgcc.a(__umodsi3.o)
                0x000000000008de30                __umodsi3
 .text          0x000000000008dfe0       0x24 c:/users/makot/desktop/scoreboradproject/mwstage-2020-04_win10/mwstage/mwsdk/tools/ba-elf-ba2-r36379.w10/bin/../lib/gcc/ba-elf/4.7.4/mcpu_jn51xx_sizeopt\libgcc.a(__modsi3.o)
                0x000000000008dfe0                __modsi3
 .text          0x000000000008e004       0x39 c:/users/makot/desktop/scoreboradproject/mwstage-2020-04_win10/mwstage/mwsdk/tools/ba-elf-ba2-r36379.w10/bin/../lib/gcc/ba-elf/4.7.4/mcpu_jn51xx_sizeopt\libgcc.a(_fixunsdfsi.o)
                0x000000000008e004                __fixunsdfsi
 .text          0x000000000008e03d      0x350 c:/users/makot/desktop/scoreboradproject/mwstage-2020-04_win10/mwstage/mwsdk/tools/ba-elf-ba2-r36379.w10/bin/../lib/gcc/ba-elf/4.7.4/mcpu_jn51xx_sizeopt\libgcc.a(_udivdi3.o)
                0x000000000008e03d                __udivdi3
 .text          0x000000000008e38d      0x312 c:/users/makot/desktop/scoreboradproject/mwstage-2020-04_win10/mwstage/mwsdk/tools/ba-elf-ba2-r36379.w10/bin/../lib/gcc/ba-elf/4.7.4/mcpu_jn51xx_sizeopt\libgcc.a(_umoddi3.o)
                0x000000000008e38d                __umoddi3
 .text          0x000000000008e69f      0x682 c:/users/makot/desktop/scoreboradproject/mwstage-2020-04_win10/mwstage/mwsdk/tools/ba-elf-ba2-r36379.w10/bin/../lib/gcc/ba-elf/4.7.4/mcpu_jn51xx_sizeopt\libgcc.a(adddf3.o)
                0x000000000008e69f                __adddf3
 *fill*         0x000000000008ed21        0x3 00
 .text          0x000000000008ed24      0x5c8 c:/users/makot/desktop/scoreboradproject/mwstage-2020-04_win10/mwstage/mwsdk/tools/ba-elf-ba2-r36379.w10/bin/../lib/gcc/ba-elf/4.7.4/mcpu_jn51xx_sizeopt\libgcc.a(divdf3.o)
                0x000000000008ed24                __divdf3
 .text          0x000000000008f2ec       0x7f c:/users/makot/desktop/scoreboradproject/mwstage-2020-04_win10/mwstage/mwsdk/tools/ba-elf-ba2-r36379.w10/bin/../lib/gcc/ba-elf/4.7.4/mcpu_jn51xx_sizeopt\libgcc.a(eqdf2.o)
                0x000000000008f2ec                __nedf2
                0x000000000008f2ec                __eqdf2
 .text          0x000000000008f36b       0xca c:/users/makot/desktop/scoreboradproject/mwstage-2020-04_win10/mwstage/mwsdk/tools/ba-elf-ba2-r36379.w10/bin/../lib/gcc/ba-elf/4.7.4/mcpu_jn51xx_sizeopt\libgcc.a(gedf2.o)
                0x000000000008f36b                __gedf2
                0x000000000008f36b                __gtdf2
 .text          0x000000000008f435       0xcb c:/users/makot/desktop/scoreboradproject/mwstage-2020-04_win10/mwstage/mwsdk/tools/ba-elf-ba2-r36379.w10/bin/../lib/gcc/ba-elf/4.7.4/mcpu_jn51xx_sizeopt\libgcc.a(ledf2.o)
                0x000000000008f435                __ledf2
                0x000000000008f435                __ltdf2
 .text          0x000000000008f500      0x488 c:/users/makot/desktop/scoreboradproject/mwstage-2020-04_win10/mwstage/mwsdk/tools/ba-elf-ba2-r36379.w10/bin/../lib/gcc/ba-elf/4.7.4/mcpu_jn51xx_sizeopt\libgcc.a(muldf3.o)
                0x000000000008f500                __muldf3
 .text          0x000000000008f988      0x693 c:/users/makot/desktop/scoreboradproject/mwstage-2020-04_win10/mwstage/mwsdk/tools/ba-elf-ba2-r36379.w10/bin/../lib/gcc/ba-elf/4.7.4/mcpu_jn51xx_sizeopt\libgcc.a(subdf3.o)
                0x000000000008f988                __subdf3
 .text          0x000000000009001b       0x64 c:/users/makot/desktop/scoreboradproject/mwstage-2020-04_win10/mwstage/mwsdk/tools/ba-elf-ba2-r36379.w10/bin/../lib/gcc/ba-elf/4.7.4/mcpu_jn51xx_sizeopt\libgcc.a(fixdfsi.o)
                0x000000000009001b                __fixdfsi
 .text          0x000000000009007f       0x61 c:/users/makot/desktop/scoreboradproject/mwstage-2020-04_win10/mwstage/mwsdk/tools/ba-elf-ba2-r36379.w10/bin/../lib/gcc/ba-elf/4.7.4/mcpu_jn51xx_sizeopt\libgcc.a(floatsidf.o)
                0x000000000009007f                __floatsidf
 .text          0x00000000000900e0       0x4f c:/users/makot/desktop/scoreboradproject/mwstage-2020-04_win10/mwstage/mwsdk/tools/ba-elf-ba2-r36379.w10/bin/../lib/gcc/ba-elf/4.7.4/mcpu_jn51xx_sizeopt\libgcc.a(floatunsidf.o)
                0x00000000000900e0                __floatunsidf
 .text          0x000000000009012f       0x27 C:/Users/makot/Desktop/ScoreBoradProject/MWSTAGE-2020-04_win10/MWSTAGE/MWSDK/ChipLib/SW4063V1416/Components/Library\libHardwareApi_JN5169.a(AHI_Interrupt.o)
                0x000000000009012f                vAHI_InterruptSetPriority
                0x000000000009014d                vAHI_InterruptSetActivePriorityLevel
 .text.vMicroSyscall
                0x0000000000090156       0x17 C:/Users/makot/Desktop/ScoreBoradProject/MWSTAGE-2020-04_win10/MWSTAGE/MWSDK/ChipLib/SW4063V1416/Components/Library\libMicroSpecific_JN516x.a(MicroSyscall_ba.o)
                0x0000000000090156                vMicroSyscall
 .text          0x000000000009016d       0x12 c:/users/makot/desktop/scoreboradproject/mwstage-2020-04_win10/mwstage/mwsdk/tools/ba-elf-ba2-r36379.w10/bin/../lib/gcc/ba-elf/4.7.4/../../../../ba-elf/lib/mcpu_jn51xx_sizeopt\libc.a(lib_a-memset.o)
                0x000000000009016d                memset
 .text          0x000000000009017f       0x38 c:/users/makot/desktop/scoreboradproject/mwstage-2020-04_win10/mwstage/mwsdk/tools/ba-elf-ba2-r36379.w10/bin/../lib/gcc/ba-elf/4.7.4/../../../../ba-elf/lib/mcpu_jn51xx_sizeopt\libc.a(lib_a-strncmp.o)
                0x000000000009017f                strncmp
                0x00000000000901b7                _flash_end = ABSOLUTE (.)

.rela.dyn       0x00000000000901b8        0x0
 .rela.text     0x0000000000000000        0x0 C:\Users\makot\AppData\Local\Temp\ccLi126e.ltrans0.ltrans.o
 .rela.text.unlikely
                0x0000000000000000        0x0 C:\Users\makot\AppData\Local\Temp\ccLi126e.ltrans0.ltrans.o
 .rela.rodata   0x0000000000000000        0x0 C:\Users\makot\AppData\Local\Temp\ccLi126e.ltrans0.ltrans.o
 .rela.data     0x0000000000000000        0x0 C:\Users\makot\AppData\Local\Temp\ccLi126e.ltrans0.ltrans.o
                0x000000000400004c                . = ORIGIN (ram)

.data           0x000000000400004c        0xc load address 0x00000000000901b8
                0x000000000400004c                _ram_data_start = ABSOLUTE (.)
 *(.data*)
 .data          0x000000000400004c        0x1 C:\Users\makot\AppData\Local\Temp\ccLi126e.ltrans3.ltrans.o
 *fill*         0x000000000400004d        0x3 00
 .data          0x0000000004000050        0x4 C:\Users\makot\AppData\Local\Temp\ccLi126e.ltrans4.ltrans.o
                0x0000000004000050                u32HeapStart
 .data          0x0000000004000054        0x1 C:\Users\makot\AppData\Local\Temp\ccLi126e.ltrans7.ltrans.o
 .data.initinboot
                0x0000000004000055        0x1 C:\Users\makot\AppData\Local\Temp\ccLi126e.ltrans7.ltrans.o
                0x0000000004000055                gMAC_u8MaxBuffers
 .data          0x0000000004000056        0x1 C:\Users\makot\AppData\Local\Temp\ccLi126e.ltrans19.ltrans.o
                0x0000000004000056                u8TxWkrNow.8250
 *(.data.*)
                0x0000000004000058                . = ALIGN (0x4)
 *fill*         0x0000000004000057        0x1 00
                0x0000000004000058                _ram_data_end = ABSOLUTE (.)

.bss            0x0000000004000058     0x1648 load address 0x00000000000901c4
                0x0000000004000058                _bss_start = ABSOLUTE (.)
 *(.bss*)
 .bss           0x0000000004000058        0xc C:\Users\makot\AppData\Local\Temp\ccLi126e.ltrans0.ltrans.o
 .bss           0x0000000004000064       0x40 C:\Users\makot\AppData\Local\Temp\ccLi126e.ltrans1.ltrans.o
                0x0000000004000064                g_sLP
                0x00000000040000a0                g_pvMac
 .bss.initinboot
                0x00000000040000a4      0x1c0 C:\Users\makot\AppData\Local\Temp\ccLi126e.ltrans1.ltrans.o
                0x00000000040000a4                g_sMac
 .bss           0x0000000004000264      0x728 C:\Users\makot\AppData\Local\Temp\ccLi126e.ltrans2.ltrans.o
                0x0000000004000264                pvPostFunc.7337
                0x0000000004000268                u32PostArg.7336
                0x000000000400026c                evPost.7335
                0x0000000004000270                prSpiAppCallback.28484
                0x0000000004000274                prSiAppCallback.29719
                0x0000000004000278                prAppMcpsCallback.9038
                0x000000000400027c                prAppMlmeCallback.9039
 .bss.initinboot
                0x000000000400098c        0x4 C:\Users\makot\AppData\Local\Temp\ccLi126e.ltrans2.ltrans.o
                0x000000000400098c                prSysCtrlAppCallback.28692
 .bss           0x0000000004000990       0x18 C:\Users\makot\AppData\Local\Temp\ccLi126e.ltrans3.ltrans.o
                0x0000000004000990                bForceInitialize.8208
 .bss           0x00000000040009a8        0x8 C:\Users\makot\AppData\Local\Temp\ccLi126e.ltrans4.ltrans.o
 .bss.dontinitinboot
                0x00000000040009b0        0x4 C:\Users\makot\AppData\Local\Temp\ccLi126e.ltrans4.ltrans.o
 .bss           0x00000000040009b4       0x1c C:\Users\makot\AppData\Local\Temp\ccLi126e.ltrans5.ltrans.o
 .bss.initinboot
                0x00000000040009d0        0x1 C:\Users\makot\AppData\Local\Temp\ccLi126e.ltrans5.ltrans.o
 *fill*         0x00000000040009d1        0x3 00
 .bss           0x00000000040009d4      0x17c C:\Users\makot\AppData\Local\Temp\ccLi126e.ltrans6.ltrans.o
                0x00000000040009d4                sMcpsIndQueue.9034
                0x00000000040009e4                bRxQueue_Init.9981
                0x00000000040009e5                u8AppId_Pkt_head.9983
                0x00000000040009e8                u32AppId.9979
                0x00000000040009ec                sMcpsIndBufferQueue.9032
                0x00000000040009fc                sMlmeIndQueue.9035
                0x0000000004000a0c                sMlmeIndBufferQueue.9033
                0x0000000004000a1c                sHwIndQueue.9036
                0x0000000004000a2c                sHwIndBufferQueue.9037
                0x0000000004000a3c                _u32_INT_adc_comp
                0x0000000004000a40                _u32_INT_ticktimer
                0x0000000004000a44                the_vhw
                0x0000000004000a64                the_vapp
                0x0000000004000a84                the_vnet
                0x0000000004000aa4                _periph_availmap
                0x0000000004000aa8                Wire
                0x0000000004000ad8                Serial
                0x0000000004000af4                SerialParser
                0x0000000004000b3c                Buttons
 .bss           0x0000000004000b50       0x24 C:\Users\makot\AppData\Local\Temp\ccLi126e.ltrans7.ltrans.o
                0x0000000004000b50                i8TxPower.19748
                0x0000000004000b54                g_sXcv
                0x0000000004000b58                prMcpsRequest.13342
                0x0000000004000b5c                prMlmeRequest.13341
                0x0000000004000b60                prOriginalHandler.10114
 .bss.initinboot
                0x0000000004000b74        0x8 C:\Users\makot\AppData\Local\Temp\ccLi126e.ltrans7.ltrans.o
                0x0000000004000b74                g_u32MacAddrLocation
                0x0000000004000b78                prvUserTxStartedCallback
 .bss           0x0000000004000b7c        0x4 C:\Users\makot\AppData\Local\Temp\ccLi126e.ltrans8.ltrans.o
                0x0000000004000b7c                prAppHwCallback.9040
 .bss           0x0000000004000b80      0x288 C:\Users\makot\AppData\Local\Temp\ccLi126e.ltrans9.ltrans.o
                0x0000000004000b80                psRxQueueList.9980
                0x0000000004000b94                asEventHandler.7323
                0x0000000004000c34                sEvVars
                0x0000000004000c50                u32TickCount_ms
                0x0000000004000c54                au8Txdatabuff_idx_sTxQueue
                0x0000000004000c58                u8TxBuffSiz_sTxQueue
                0x0000000004000c5c                sTxdatabuff_sTxQueue
                0x0000000004000c60                sTxQueue
                0x0000000004000c7c                au8Rxdatabuff_idx_sRxQueue
                0x0000000004000c80                u8RxBuffSiz_sRxQueue
                0x0000000004000c84                sRxdatabuff_sRxQueue
                0x0000000004000c88                sRxQueue
                0x0000000004000ca4                au8Rxdatabuff_idx_sRxQueueCmd
                0x0000000004000ca8                u8RxBuffSiz_sRxQueueCmd
                0x0000000004000cac                sRxdatabuff_sRxQueueCmd
                0x0000000004000cb0                sRxQueueCmd.7774
                0x0000000004000ccc                sContext.10104
                0x0000000004000cf8                the_twelite
                0x0000000004000d98                TWENET_u8RFdevice_minor.9408
                0x0000000004000d99                TWENET_u8RFdevice_major.9407
                0x0000000004000d9a                _TWENET_TX_POWER_MAX
                0x0000000004000d9c                sToCoNet_Modules
 .bss           0x0000000004000e08       0x88 C:\Users\makot\AppData\Local\Temp\ccLi126e.ltrans10.ltrans.o
                0x0000000004000e08                _ZL5_vcbs.3857
                0x0000000004000e14                sToCoNet_AppContext
                0x0000000004000e30                sToCoNet_Context
                0x0000000004000e78                sAssocSecurity.16958
                0x0000000004000e84                g_bJenieBackwardsCompatibilityMode
 .bss           0x0000000004000e90        0xc C:\Users\makot\AppData\Local\Temp\ccLi126e.ltrans11.ltrans.o
 .bss           0x0000000004000e9c       0x4c C:\Users\makot\AppData\Local\Temp\ccLi126e.ltrans12.ltrans.o
                0x0000000004000e9c                the_mac
                0x0000000004000eac                asSerialPorts
 .bss.dontinitinboot
                0x0000000004000ee8        0x1 C:\Users\makot\AppData\Local\Temp\ccLi126e.ltrans13.ltrans.o
                0x0000000004000ee8                u8SecurityMode.26238
 *fill*         0x0000000004000ee9        0x3 00
 .bss           0x0000000004000eec       0x24 C:\Users\makot\AppData\Local\Temp\ccLi126e.ltrans14.ltrans.o
                0x0000000004000eec                TxWorker_u8Num.8207
                0x0000000004000eed                bTxEventQueued.24070
                0x0000000004000eee                u8TxEventStatus.24071
                0x0000000004000ef0                sAppHousekeeping
                0x0000000004000f08                prApAppCallback.28250
                0x0000000004000f0c                bIntEnableFlag.28247
 .bss           0x0000000004000f10        0x1 C:\Users\makot\AppData\Local\Temp\ccLi126e.ltrans15.ltrans.o
                0x0000000004000f10                u8TAM_TxStatusOverride
 *fill*         0x0000000004000f11        0x3 00
 .bss           0x0000000004000f14      0x618 C:\Users\makot\AppData\Local\Temp\ccLi126e.ltrans16.ltrans.o
                0x0000000004000f14                SPI
                0x0000000004000f18                gbTimeOutFlag.28688
 .bss           0x000000000400152c       0x68 C:\Users\makot\AppData\Local\Temp\ccLi126e.ltrans17.ltrans.o
                0x000000000400152c                _psSerial
                0x0000000004001530                Timer4
                0x0000000004001538                Timer3
                0x0000000004001540                Timer2
                0x0000000004001548                Timer1
                0x0000000004001550                Timer0
                0x0000000004001558                Analogue
                0x0000000004001570                Serial1
 .bss           0x0000000004001594       0x9c C:\Users\makot\AppData\Local\Temp\ccLi126e.ltrans18.ltrans.o
                0x0000000004001594                apfTimerAppCallback.28901
                0x00000000040015a8                prTickTimeAppCallback
                0x00000000040015ac                au16TimerSettings.28850
                0x00000000040015b8                prUart1AppCallback.29156
                0x00000000040015bc                prUart0AppCallback.29155
                0x00000000040015c0                asUARTS.10280
                0x00000000040015e0                sOpt.10287
 .bss           0x0000000004001630       0x1c C:\Users\makot\AppData\Local\Temp\ccLi126e.ltrans19.ltrans.o
                0x0000000004001630                PulseCounter1
                0x0000000004001634                PulseCounter0
                0x0000000004001638                sCh_Context.8672
                0x000000000400163c                u32MyAddr.9982
                0x0000000004001640                asTx.8206
 .bss           0x000000000400164c       0x14 C:\Users\makot\AppData\Local\Temp\ccLi126e.ltrans20.ltrans.o
                0x000000000400164c                s_sTimerList
                0x000000000400165c                u8AssocResponsesInProgress.16957
 .bss.dontinitinboot
                0x0000000004001660       0x40 C:/Users/makot/Desktop/ScoreBoradProject/MWSTAGE-2020-04_win10/MWSTAGE/MWSDK/ChipLib/SW4063V1416/Components/Library\libBoot_JN516x.a(ExceptionHandler.o)
                0x0000000004001660                isr_handlers
 *(.bss.*)
 *(.scommon*)
 *(.scommon.*)
 *(COMMON)
                0x00000000040016a0                . = ALIGN (0x4)
                0x00000000040016a0                _bss_end = ABSOLUTE (.)
                0x00000000040016a0                end = .

.heap           0x00000000040016a0      0xd16 load address 0x000000000009180c
                0x00000000040016a0                _heap_start = ABSOLUTE (.)
                0x00000000040023b6                . = (. + __minimum_heap_size)
 *fill*         0x00000000040016a0      0xd16 00

.stack          0x0000000004007800      0x800 load address 0x000000000009796c
                0x0000000004007800                _heap_end = ABSOLUTE (.)
                0x0000000004007800                _stack_low_water_mark = ABSOLUTE (.)
                0x0000000004008000                . = (. + __stack_size)
 *fill*         0x0000000004007800      0x800 00
                0x0000000004008000                _stack = .

.test           0x00000000000901c4        0x1
                0x00000000000901c4        0x1 BYTE 0xff
                0x00000000000901b8                _flash_data_start = LOADADDR (.data)
                0x000000000000000c                _ram_data_len = (((_ram_data_end - _ram_data_start) + 0x3) & 0xfffffffffffffffc)
                0x0000000000001648                _bss_len = (((_bss_end - _bss_start) + 0x3) & 0xfffffffffffffffc)
                0x00000000000101c4                _image_len = ((((_flash_end - _flash_start) + _ram_data_len) + 0x3) & 0xfffffffffffffffc)
                0x0000000004008000                _ram_top = (ABSOLUTE (ORIGIN (ram)) + 0x7fb4)
                0x0000000004008000                ram_top = (ABSOLUTE (ORIGIN (ram)) + 0x7fb4)
                0x0000000001001580                _app_ram_start = 0x1001580
                0x0000000004000050                PROVIDE (_heap_location, u32HeapStart)
                0x0000000004000050                PROVIDE (heap_location, u32HeapStart)
                0x0000000000085403                TSV_eOpenVector = TSV_eOpen
                0x0000000000084a44                TSV_eStartVector = TSV_eStart
                0x000000000008d49a                TSV_eStopVector = TSV_eStop
                0x000000000008d112                pvAppApiGetMacHandle = pvAppApiDefGetMacHandle
                0x000000000008650b                u32AppApiInit = u32AppApiDefInit
                0x000000000008d0e7                vAppApiMlmeRequest = vAppApiDefMlmeRequest
                0x000000000008cbe0                vAppApiMcpsRequest = vAppApiDefMcpsRequest
                0x0000000000085668                eAppApiPlmeSet = eAppApiDefPlmeSet
                0x0000000000085616                eAppApiPlmeGet = eAppApiDefPlmeGet
                0x000000000008560d                pvAppApiGetMacAddrLocation = pvAppApiDefGetMacAddrLocation
                0x00000000000854f2                vAppApiSaveMacSettings = vAppApiDefSaveMacSettings
                0x000000000008540b                vAppApiRestoreMacSettings = vAppApiDefRestoreMacSettings
OUTPUT(objs_RED/WirelessUart_receive_RED_L1300_V0-1-0.elf elf32-ba)

.comment        0x0000000000000000       0x11
 .comment       0x0000000000000000       0x12 C:\Users\makot\AppData\Local\Temp\ccLi126e.ltrans0.ltrans.o
 .comment       0x0000000000000000       0x12 C:\Users\makot\AppData\Local\Temp\ccLi126e.ltrans1.ltrans.o
 .comment       0x0000000000000000       0x12 C:\Users\makot\AppData\Local\Temp\ccLi126e.ltrans2.ltrans.o
 .comment       0x0000000000000000       0x12 C:\Users\makot\AppData\Local\Temp\ccLi126e.ltrans3.ltrans.o
 .comment       0x0000000000000000       0x12 C:\Users\makot\AppData\Local\Temp\ccLi126e.ltrans4.ltrans.o
 .comment       0x0000000000000000       0x12 C:\Users\makot\AppData\Local\Temp\ccLi126e.ltrans5.ltrans.o
 .comment       0x0000000000000000       0x12 C:\Users\makot\AppData\Local\Temp\ccLi126e.ltrans6.ltrans.o
 .comment       0x0000000000000000       0x12 C:\Users\makot\AppData\Local\Temp\ccLi126e.ltrans7.ltrans.o
 .comment       0x0000000000000000       0x12 C:\Users\makot\AppData\Local\Temp\ccLi126e.ltrans8.ltrans.o
 .comment       0x0000000000000000       0x12 C:\Users\makot\AppData\Local\Temp\ccLi126e.ltrans9.ltrans.o
 .comment       0x0000000000000000       0x12 C:\Users\makot\AppData\Local\Temp\ccLi126e.ltrans10.ltrans.o
 .comment       0x0000000000000000       0x12 C:\Users\makot\AppData\Local\Temp\ccLi126e.ltrans11.ltrans.o
 .comment       0x0000000000000000       0x12 C:\Users\makot\AppData\Local\Temp\ccLi126e.ltrans12.ltrans.o
 .comment       0x0000000000000000       0x12 C:\Users\makot\AppData\Local\Temp\ccLi126e.ltrans13.ltrans.o
 .comment       0x0000000000000000       0x12 C:\Users\makot\AppData\Local\Temp\ccLi126e.ltrans14.ltrans.o
 .comment       0x0000000000000000       0x12 C:\Users\makot\AppData\Local\Temp\ccLi126e.ltrans15.ltrans.o
 .comment       0x0000000000000000       0x12 C:\Users\makot\AppData\Local\Temp\ccLi126e.ltrans16.ltrans.o
 .comment       0x0000000000000000       0x12 C:\Users\makot\AppData\Local\Temp\ccLi126e.ltrans17.ltrans.o
 .comment       0x0000000000000000       0x12 C:\Users\makot\AppData\Local\Temp\ccLi126e.ltrans18.ltrans.o
 .comment       0x0000000000000000       0x12 C:\Users\makot\AppData\Local\Temp\ccLi126e.ltrans19.ltrans.o
 .comment       0x0000000000000000       0x12 C:\Users\makot\AppData\Local\Temp\ccLi126e.ltrans20.ltrans.o
 .comment       0x0000000000000000       0x12 c:/users/makot/desktop/scoreboradproject/mwstage-2020-04_win10/mwstage/mwsdk/tools/ba-elf-ba2-r36379.w10/bin/../lib/gcc/ba-elf/4.7.4/../../../../ba-elf/lib/mcpu_jn51xx_sizeopt\libc.a(lib_a-memcmp.o)
 .comment       0x0000000000000000       0x12 c:/users/makot/desktop/scoreboradproject/mwstage-2020-04_win10/mwstage/mwsdk/tools/ba-elf-ba2-r36379.w10/bin/../lib/gcc/ba-elf/4.7.4/../../../../ba-elf/lib/mcpu_jn51xx_sizeopt\libc.a(lib_a-memcpy.o)
 .comment       0x0000000000000000       0x12 c:/users/makot/desktop/scoreboradproject/mwstage-2020-04_win10/mwstage/mwsdk/tools/ba-elf-ba2-r36379.w10/bin/../lib/gcc/ba-elf/4.7.4/mcpu_jn51xx_sizeopt\libgcc.a(_fixunsdfsi.o)
 .comment       0x0000000000000000       0x12 c:/users/makot/desktop/scoreboradproject/mwstage-2020-04_win10/mwstage/mwsdk/tools/ba-elf-ba2-r36379.w10/bin/../lib/gcc/ba-elf/4.7.4/mcpu_jn51xx_sizeopt\libgcc.a(_udivdi3.o)
 .comment       0x0000000000000000       0x12 c:/users/makot/desktop/scoreboradproject/mwstage-2020-04_win10/mwstage/mwsdk/tools/ba-elf-ba2-r36379.w10/bin/../lib/gcc/ba-elf/4.7.4/mcpu_jn51xx_sizeopt\libgcc.a(_umoddi3.o)
 .comment       0x0000000000000000       0x12 c:/users/makot/desktop/scoreboradproject/mwstage-2020-04_win10/mwstage/mwsdk/tools/ba-elf-ba2-r36379.w10/bin/../lib/gcc/ba-elf/4.7.4/mcpu_jn51xx_sizeopt\libgcc.a(adddf3.o)
 .comment       0x0000000000000000       0x12 c:/users/makot/desktop/scoreboradproject/mwstage-2020-04_win10/mwstage/mwsdk/tools/ba-elf-ba2-r36379.w10/bin/../lib/gcc/ba-elf/4.7.4/mcpu_jn51xx_sizeopt\libgcc.a(divdf3.o)
 .comment       0x0000000000000000       0x12 c:/users/makot/desktop/scoreboradproject/mwstage-2020-04_win10/mwstage/mwsdk/tools/ba-elf-ba2-r36379.w10/bin/../lib/gcc/ba-elf/4.7.4/mcpu_jn51xx_sizeopt\libgcc.a(eqdf2.o)
 .comment       0x0000000000000000       0x12 c:/users/makot/desktop/scoreboradproject/mwstage-2020-04_win10/mwstage/mwsdk/tools/ba-elf-ba2-r36379.w10/bin/../lib/gcc/ba-elf/4.7.4/mcpu_jn51xx_sizeopt\libgcc.a(gedf2.o)
 .comment       0x0000000000000000       0x12 c:/users/makot/desktop/scoreboradproject/mwstage-2020-04_win10/mwstage/mwsdk/tools/ba-elf-ba2-r36379.w10/bin/../lib/gcc/ba-elf/4.7.4/mcpu_jn51xx_sizeopt\libgcc.a(ledf2.o)
 .comment       0x0000000000000000       0x12 c:/users/makot/desktop/scoreboradproject/mwstage-2020-04_win10/mwstage/mwsdk/tools/ba-elf-ba2-r36379.w10/bin/../lib/gcc/ba-elf/4.7.4/mcpu_jn51xx_sizeopt\libgcc.a(muldf3.o)
 .comment       0x0000000000000000       0x12 c:/users/makot/desktop/scoreboradproject/mwstage-2020-04_win10/mwstage/mwsdk/tools/ba-elf-ba2-r36379.w10/bin/../lib/gcc/ba-elf/4.7.4/mcpu_jn51xx_sizeopt\libgcc.a(subdf3.o)
 .comment       0x0000000000000000       0x12 c:/users/makot/desktop/scoreboradproject/mwstage-2020-04_win10/mwstage/mwsdk/tools/ba-elf-ba2-r36379.w10/bin/../lib/gcc/ba-elf/4.7.4/mcpu_jn51xx_sizeopt\libgcc.a(fixdfsi.o)
 .comment       0x0000000000000000       0x12 c:/users/makot/desktop/scoreboradproject/mwstage-2020-04_win10/mwstage/mwsdk/tools/ba-elf-ba2-r36379.w10/bin/../lib/gcc/ba-elf/4.7.4/mcpu_jn51xx_sizeopt\libgcc.a(floatsidf.o)
 .comment       0x0000000000000000       0x12 c:/users/makot/desktop/scoreboradproject/mwstage-2020-04_win10/mwstage/mwsdk/tools/ba-elf-ba2-r36379.w10/bin/../lib/gcc/ba-elf/4.7.4/mcpu_jn51xx_sizeopt\libgcc.a(floatunsidf.o)
 .comment       0x0000000000000000       0x11 C:/Users/makot/Desktop/ScoreBoradProject/MWSTAGE-2020-04_win10/MWSTAGE/MWSDK/ChipLib/SW4063V1416/Components/Library\libMicroSpecific_JN516x.a(MicroSyscall_ba.o)
                                         0x12 (size before relaxing)
 .comment       0x0000000000000000       0x12 c:/users/makot/desktop/scoreboradproject/mwstage-2020-04_win10/mwstage/mwsdk/tools/ba-elf-ba2-r36379.w10/bin/../lib/gcc/ba-elf/4.7.4/../../../../ba-elf/lib/mcpu_jn51xx_sizeopt\libc.a(lib_a-memset.o)
 .comment       0x0000000000000000       0x12 c:/users/makot/desktop/scoreboradproject/mwstage-2020-04_win10/mwstage/mwsdk/tools/ba-elf-ba2-r36379.w10/bin/../lib/gcc/ba-elf/4.7.4/../../../../ba-elf/lib/mcpu_jn51xx_sizeopt\libc.a(lib_a-strncmp.o)

.debug_info     0x0000000000000000     0x3526
 .debug_info    0x0000000000000000       0xf3 c:/users/makot/desktop/scoreboradproject/mwstage-2020-04_win10/mwstage/mwsdk/tools/ba-elf-ba2-r36379.w10/bin/../lib/gcc/ba-elf/4.7.4/../../../../ba-elf/lib/mcpu_jn51xx_sizeopt\libc.a(lib_a-memcmp.o)
 .debug_info    0x00000000000000f3      0x106 c:/users/makot/desktop/scoreboradproject/mwstage-2020-04_win10/mwstage/mwsdk/tools/ba-elf-ba2-r36379.w10/bin/../lib/gcc/ba-elf/4.7.4/../../../../ba-elf/lib/mcpu_jn51xx_sizeopt\libc.a(lib_a-memcpy.o)
 .debug_info    0x00000000000001f9       0xb7 c:/users/makot/desktop/scoreboradproject/mwstage-2020-04_win10/mwstage/mwsdk/tools/ba-elf-ba2-r36379.w10/bin/../lib/gcc/ba-elf/4.7.4/mcpu_jn51xx_sizeopt\libgcc.a(__udivsi3.o)
 .debug_info    0x00000000000002b0       0xb7 c:/users/makot/desktop/scoreboradproject/mwstage-2020-04_win10/mwstage/mwsdk/tools/ba-elf-ba2-r36379.w10/bin/../lib/gcc/ba-elf/4.7.4/mcpu_jn51xx_sizeopt\libgcc.a(__divsi3.o)
 .debug_info    0x0000000000000367       0xb7 c:/users/makot/desktop/scoreboradproject/mwstage-2020-04_win10/mwstage/mwsdk/tools/ba-elf-ba2-r36379.w10/bin/../lib/gcc/ba-elf/4.7.4/mcpu_jn51xx_sizeopt\libgcc.a(__umodsi3.o)
 .debug_info    0x000000000000041e       0xb7 c:/users/makot/desktop/scoreboradproject/mwstage-2020-04_win10/mwstage/mwsdk/tools/ba-elf-ba2-r36379.w10/bin/../lib/gcc/ba-elf/4.7.4/mcpu_jn51xx_sizeopt\libgcc.a(__modsi3.o)
 .debug_info    0x00000000000004d5       0xd3 c:/users/makot/desktop/scoreboradproject/mwstage-2020-04_win10/mwstage/mwsdk/tools/ba-elf-ba2-r36379.w10/bin/../lib/gcc/ba-elf/4.7.4/mcpu_jn51xx_sizeopt\libgcc.a(_fixunsdfsi.o)
 .debug_info    0x00000000000005a8      0x648 c:/users/makot/desktop/scoreboradproject/mwstage-2020-04_win10/mwstage/mwsdk/tools/ba-elf-ba2-r36379.w10/bin/../lib/gcc/ba-elf/4.7.4/mcpu_jn51xx_sizeopt\libgcc.a(_udivdi3.o)
 .debug_info    0x0000000000000bf0      0x69d c:/users/makot/desktop/scoreboradproject/mwstage-2020-04_win10/mwstage/mwsdk/tools/ba-elf-ba2-r36379.w10/bin/../lib/gcc/ba-elf/4.7.4/mcpu_jn51xx_sizeopt\libgcc.a(_umoddi3.o)
 .debug_info    0x000000000000128d      0x4b2 c:/users/makot/desktop/scoreboradproject/mwstage-2020-04_win10/mwstage/mwsdk/tools/ba-elf-ba2-r36379.w10/bin/../lib/gcc/ba-elf/4.7.4/mcpu_jn51xx_sizeopt\libgcc.a(adddf3.o)
 .debug_info    0x000000000000173f      0x5c5 c:/users/makot/desktop/scoreboradproject/mwstage-2020-04_win10/mwstage/mwsdk/tools/ba-elf-ba2-r36379.w10/bin/../lib/gcc/ba-elf/4.7.4/mcpu_jn51xx_sizeopt\libgcc.a(divdf3.o)
 .debug_info    0x0000000000001d04      0x1e7 c:/users/makot/desktop/scoreboradproject/mwstage-2020-04_win10/mwstage/mwsdk/tools/ba-elf-ba2-r36379.w10/bin/../lib/gcc/ba-elf/4.7.4/mcpu_jn51xx_sizeopt\libgcc.a(eqdf2.o)
 .debug_info    0x0000000000001eeb      0x20b c:/users/makot/desktop/scoreboradproject/mwstage-2020-04_win10/mwstage/mwsdk/tools/ba-elf-ba2-r36379.w10/bin/../lib/gcc/ba-elf/4.7.4/mcpu_jn51xx_sizeopt\libgcc.a(gedf2.o)
 .debug_info    0x00000000000020f6      0x20b c:/users/makot/desktop/scoreboradproject/mwstage-2020-04_win10/mwstage/mwsdk/tools/ba-elf-ba2-r36379.w10/bin/../lib/gcc/ba-elf/4.7.4/mcpu_jn51xx_sizeopt\libgcc.a(ledf2.o)
 .debug_info    0x0000000000002301      0x5c7 c:/users/makot/desktop/scoreboradproject/mwstage-2020-04_win10/mwstage/mwsdk/tools/ba-elf-ba2-r36379.w10/bin/../lib/gcc/ba-elf/4.7.4/mcpu_jn51xx_sizeopt\libgcc.a(muldf3.o)
 .debug_info    0x00000000000028c8      0x4b2 c:/users/makot/desktop/scoreboradproject/mwstage-2020-04_win10/mwstage/mwsdk/tools/ba-elf-ba2-r36379.w10/bin/../lib/gcc/ba-elf/4.7.4/mcpu_jn51xx_sizeopt\libgcc.a(subdf3.o)
 .debug_info    0x0000000000002d7a      0x1b7 c:/users/makot/desktop/scoreboradproject/mwstage-2020-04_win10/mwstage/mwsdk/tools/ba-elf-ba2-r36379.w10/bin/../lib/gcc/ba-elf/4.7.4/mcpu_jn51xx_sizeopt\libgcc.a(fixdfsi.o)
 .debug_info    0x0000000000002f31      0x1d6 c:/users/makot/desktop/scoreboradproject/mwstage-2020-04_win10/mwstage/mwsdk/tools/ba-elf-ba2-r36379.w10/bin/../lib/gcc/ba-elf/4.7.4/mcpu_jn51xx_sizeopt\libgcc.a(floatsidf.o)
 .debug_info    0x0000000000003107      0x1cb c:/users/makot/desktop/scoreboradproject/mwstage-2020-04_win10/mwstage/mwsdk/tools/ba-elf-ba2-r36379.w10/bin/../lib/gcc/ba-elf/4.7.4/mcpu_jn51xx_sizeopt\libgcc.a(floatunsidf.o)
 .debug_info    0x00000000000032d2       0xaa C:/Users/makot/Desktop/ScoreBoradProject/MWSTAGE-2020-04_win10/MWSTAGE/MWSDK/ChipLib/SW4063V1416/Components/Library\libBoot_JN516x.a(ExceptionHandler.o)
 .debug_info    0x000000000000337c       0xd7 c:/users/makot/desktop/scoreboradproject/mwstage-2020-04_win10/mwstage/mwsdk/tools/ba-elf-ba2-r36379.w10/bin/../lib/gcc/ba-elf/4.7.4/../../../../ba-elf/lib/mcpu_jn51xx_sizeopt\libc.a(lib_a-memset.o)
 .debug_info    0x0000000000003453       0xd3 c:/users/makot/desktop/scoreboradproject/mwstage-2020-04_win10/mwstage/mwsdk/tools/ba-elf-ba2-r36379.w10/bin/../lib/gcc/ba-elf/4.7.4/../../../../ba-elf/lib/mcpu_jn51xx_sizeopt\libc.a(lib_a-strncmp.o)

.debug_abbrev   0x0000000000000000     0x11ae
 .debug_abbrev  0x0000000000000000       0x8e c:/users/makot/desktop/scoreboradproject/mwstage-2020-04_win10/mwstage/mwsdk/tools/ba-elf-ba2-r36379.w10/bin/../lib/gcc/ba-elf/4.7.4/../../../../ba-elf/lib/mcpu_jn51xx_sizeopt\libc.a(lib_a-memcmp.o)
 .debug_abbrev  0x000000000000008e       0xa4 c:/users/makot/desktop/scoreboradproject/mwstage-2020-04_win10/mwstage/mwsdk/tools/ba-elf-ba2-r36379.w10/bin/../lib/gcc/ba-elf/4.7.4/../../../../ba-elf/lib/mcpu_jn51xx_sizeopt\libc.a(lib_a-memcpy.o)
 .debug_abbrev  0x0000000000000132       0x14 c:/users/makot/desktop/scoreboradproject/mwstage-2020-04_win10/mwstage/mwsdk/tools/ba-elf-ba2-r36379.w10/bin/../lib/gcc/ba-elf/4.7.4/mcpu_jn51xx_sizeopt\libgcc.a(__udivsi3.o)
 .debug_abbrev  0x0000000000000146       0x14 c:/users/makot/desktop/scoreboradproject/mwstage-2020-04_win10/mwstage/mwsdk/tools/ba-elf-ba2-r36379.w10/bin/../lib/gcc/ba-elf/4.7.4/mcpu_jn51xx_sizeopt\libgcc.a(__divsi3.o)
 .debug_abbrev  0x000000000000015a       0x14 c:/users/makot/desktop/scoreboradproject/mwstage-2020-04_win10/mwstage/mwsdk/tools/ba-elf-ba2-r36379.w10/bin/../lib/gcc/ba-elf/4.7.4/mcpu_jn51xx_sizeopt\libgcc.a(__umodsi3.o)
 .debug_abbrev  0x000000000000016e       0x14 c:/users/makot/desktop/scoreboradproject/mwstage-2020-04_win10/mwstage/mwsdk/tools/ba-elf-ba2-r36379.w10/bin/../lib/gcc/ba-elf/4.7.4/mcpu_jn51xx_sizeopt\libgcc.a(__modsi3.o)
 .debug_abbrev  0x0000000000000182       0x60 c:/users/makot/desktop/scoreboradproject/mwstage-2020-04_win10/mwstage/mwsdk/tools/ba-elf-ba2-r36379.w10/bin/../lib/gcc/ba-elf/4.7.4/mcpu_jn51xx_sizeopt\libgcc.a(_fixunsdfsi.o)
 .debug_abbrev  0x00000000000001e2      0x15d c:/users/makot/desktop/scoreboradproject/mwstage-2020-04_win10/mwstage/mwsdk/tools/ba-elf-ba2-r36379.w10/bin/../lib/gcc/ba-elf/4.7.4/mcpu_jn51xx_sizeopt\libgcc.a(_udivdi3.o)
 .debug_abbrev  0x000000000000033f      0x175 c:/users/makot/desktop/scoreboradproject/mwstage-2020-04_win10/mwstage/mwsdk/tools/ba-elf-ba2-r36379.w10/bin/../lib/gcc/ba-elf/4.7.4/mcpu_jn51xx_sizeopt\libgcc.a(_umoddi3.o)
 .debug_abbrev  0x00000000000004b4      0x133 c:/users/makot/desktop/scoreboradproject/mwstage-2020-04_win10/mwstage/mwsdk/tools/ba-elf-ba2-r36379.w10/bin/../lib/gcc/ba-elf/4.7.4/mcpu_jn51xx_sizeopt\libgcc.a(adddf3.o)
 .debug_abbrev  0x00000000000005e7      0x12f c:/users/makot/desktop/scoreboradproject/mwstage-2020-04_win10/mwstage/mwsdk/tools/ba-elf-ba2-r36379.w10/bin/../lib/gcc/ba-elf/4.7.4/mcpu_jn51xx_sizeopt\libgcc.a(divdf3.o)
 .debug_abbrev  0x0000000000000716      0x128 c:/users/makot/desktop/scoreboradproject/mwstage-2020-04_win10/mwstage/mwsdk/tools/ba-elf-ba2-r36379.w10/bin/../lib/gcc/ba-elf/4.7.4/mcpu_jn51xx_sizeopt\libgcc.a(eqdf2.o)
 .debug_abbrev  0x000000000000083e      0x137 c:/users/makot/desktop/scoreboradproject/mwstage-2020-04_win10/mwstage/mwsdk/tools/ba-elf-ba2-r36379.w10/bin/../lib/gcc/ba-elf/4.7.4/mcpu_jn51xx_sizeopt\libgcc.a(gedf2.o)
 .debug_abbrev  0x0000000000000975      0x139 c:/users/makot/desktop/scoreboradproject/mwstage-2020-04_win10/mwstage/mwsdk/tools/ba-elf-ba2-r36379.w10/bin/../lib/gcc/ba-elf/4.7.4/mcpu_jn51xx_sizeopt\libgcc.a(ledf2.o)
 .debug_abbrev  0x0000000000000aae      0x141 c:/users/makot/desktop/scoreboradproject/mwstage-2020-04_win10/mwstage/mwsdk/tools/ba-elf-ba2-r36379.w10/bin/../lib/gcc/ba-elf/4.7.4/mcpu_jn51xx_sizeopt\libgcc.a(muldf3.o)
 .debug_abbrev  0x0000000000000bef      0x133 c:/users/makot/desktop/scoreboradproject/mwstage-2020-04_win10/mwstage/mwsdk/tools/ba-elf-ba2-r36379.w10/bin/../lib/gcc/ba-elf/4.7.4/mcpu_jn51xx_sizeopt\libgcc.a(subdf3.o)
 .debug_abbrev  0x0000000000000d22      0x12a c:/users/makot/desktop/scoreboradproject/mwstage-2020-04_win10/mwstage/mwsdk/tools/ba-elf-ba2-r36379.w10/bin/../lib/gcc/ba-elf/4.7.4/mcpu_jn51xx_sizeopt\libgcc.a(fixdfsi.o)
 .debug_abbrev  0x0000000000000e4c      0x128 c:/users/makot/desktop/scoreboradproject/mwstage-2020-04_win10/mwstage/mwsdk/tools/ba-elf-ba2-r36379.w10/bin/../lib/gcc/ba-elf/4.7.4/mcpu_jn51xx_sizeopt\libgcc.a(floatsidf.o)
 .debug_abbrev  0x0000000000000f74      0x128 c:/users/makot/desktop/scoreboradproject/mwstage-2020-04_win10/mwstage/mwsdk/tools/ba-elf-ba2-r36379.w10/bin/../lib/gcc/ba-elf/4.7.4/mcpu_jn51xx_sizeopt\libgcc.a(floatunsidf.o)
 .debug_abbrev  0x000000000000109c       0x14 C:/Users/makot/Desktop/ScoreBoradProject/MWSTAGE-2020-04_win10/MWSTAGE/MWSDK/ChipLib/SW4063V1416/Components/Library\libBoot_JN516x.a(ExceptionHandler.o)
 .debug_abbrev  0x00000000000010b0       0x8e c:/users/makot/desktop/scoreboradproject/mwstage-2020-04_win10/mwstage/mwsdk/tools/ba-elf-ba2-r36379.w10/bin/../lib/gcc/ba-elf/4.7.4/../../../../ba-elf/lib/mcpu_jn51xx_sizeopt\libc.a(lib_a-memset.o)
 .debug_abbrev  0x000000000000113e       0x70 c:/users/makot/desktop/scoreboradproject/mwstage-2020-04_win10/mwstage/mwsdk/tools/ba-elf-ba2-r36379.w10/bin/../lib/gcc/ba-elf/4.7.4/../../../../ba-elf/lib/mcpu_jn51xx_sizeopt\libc.a(lib_a-strncmp.o)

.debug_loc      0x0000000000000000     0x59f6
 .debug_loc     0x0000000000000000       0x73 c:/users/makot/desktop/scoreboradproject/mwstage-2020-04_win10/mwstage/mwsdk/tools/ba-elf-ba2-r36379.w10/bin/../lib/gcc/ba-elf/4.7.4/../../../../ba-elf/lib/mcpu_jn51xx_sizeopt\libc.a(lib_a-memcmp.o)
 .debug_loc     0x0000000000000073       0x39 c:/users/makot/desktop/scoreboradproject/mwstage-2020-04_win10/mwstage/mwsdk/tools/ba-elf-ba2-r36379.w10/bin/../lib/gcc/ba-elf/4.7.4/../../../../ba-elf/lib/mcpu_jn51xx_sizeopt\libc.a(lib_a-memcpy.o)
 .debug_loc     0x00000000000000ac       0x48 c:/users/makot/desktop/scoreboradproject/mwstage-2020-04_win10/mwstage/mwsdk/tools/ba-elf-ba2-r36379.w10/bin/../lib/gcc/ba-elf/4.7.4/mcpu_jn51xx_sizeopt\libgcc.a(_fixunsdfsi.o)
 .debug_loc     0x00000000000000f4      0xa7b c:/users/makot/desktop/scoreboradproject/mwstage-2020-04_win10/mwstage/mwsdk/tools/ba-elf-ba2-r36379.w10/bin/../lib/gcc/ba-elf/4.7.4/mcpu_jn51xx_sizeopt\libgcc.a(_udivdi3.o)
 .debug_loc     0x0000000000000b6f      0x985 c:/users/makot/desktop/scoreboradproject/mwstage-2020-04_win10/mwstage/mwsdk/tools/ba-elf-ba2-r36379.w10/bin/../lib/gcc/ba-elf/4.7.4/mcpu_jn51xx_sizeopt\libgcc.a(_umoddi3.o)
 .debug_loc     0x00000000000014f4     0x10f3 c:/users/makot/desktop/scoreboradproject/mwstage-2020-04_win10/mwstage/mwsdk/tools/ba-elf-ba2-r36379.w10/bin/../lib/gcc/ba-elf/4.7.4/mcpu_jn51xx_sizeopt\libgcc.a(adddf3.o)
 .debug_loc     0x00000000000025e7     0x117e c:/users/makot/desktop/scoreboradproject/mwstage-2020-04_win10/mwstage/mwsdk/tools/ba-elf-ba2-r36379.w10/bin/../lib/gcc/ba-elf/4.7.4/mcpu_jn51xx_sizeopt\libgcc.a(divdf3.o)
 .debug_loc     0x0000000000003765       0x83 c:/users/makot/desktop/scoreboradproject/mwstage-2020-04_win10/mwstage/mwsdk/tools/ba-elf-ba2-r36379.w10/bin/../lib/gcc/ba-elf/4.7.4/mcpu_jn51xx_sizeopt\libgcc.a(eqdf2.o)
 .debug_loc     0x00000000000037e8      0x154 c:/users/makot/desktop/scoreboradproject/mwstage-2020-04_win10/mwstage/mwsdk/tools/ba-elf-ba2-r36379.w10/bin/../lib/gcc/ba-elf/4.7.4/mcpu_jn51xx_sizeopt\libgcc.a(gedf2.o)
 .debug_loc     0x000000000000393c       0xe6 c:/users/makot/desktop/scoreboradproject/mwstage-2020-04_win10/mwstage/mwsdk/tools/ba-elf-ba2-r36379.w10/bin/../lib/gcc/ba-elf/4.7.4/mcpu_jn51xx_sizeopt\libgcc.a(ledf2.o)
 .debug_loc     0x0000000000003a22      0xa0e c:/users/makot/desktop/scoreboradproject/mwstage-2020-04_win10/mwstage/mwsdk/tools/ba-elf-ba2-r36379.w10/bin/../lib/gcc/ba-elf/4.7.4/mcpu_jn51xx_sizeopt\libgcc.a(muldf3.o)
 .debug_loc     0x0000000000004430     0x114e c:/users/makot/desktop/scoreboradproject/mwstage-2020-04_win10/mwstage/mwsdk/tools/ba-elf-ba2-r36379.w10/bin/../lib/gcc/ba-elf/4.7.4/mcpu_jn51xx_sizeopt\libgcc.a(subdf3.o)
 .debug_loc     0x000000000000557e       0xa8 c:/users/makot/desktop/scoreboradproject/mwstage-2020-04_win10/mwstage/mwsdk/tools/ba-elf-ba2-r36379.w10/bin/../lib/gcc/ba-elf/4.7.4/mcpu_jn51xx_sizeopt\libgcc.a(fixdfsi.o)
 .debug_loc     0x0000000000005626      0x1be c:/users/makot/desktop/scoreboradproject/mwstage-2020-04_win10/mwstage/mwsdk/tools/ba-elf-ba2-r36379.w10/bin/../lib/gcc/ba-elf/4.7.4/mcpu_jn51xx_sizeopt\libgcc.a(floatsidf.o)
 .debug_loc     0x00000000000057e4      0x179 c:/users/makot/desktop/scoreboradproject/mwstage-2020-04_win10/mwstage/mwsdk/tools/ba-elf-ba2-r36379.w10/bin/../lib/gcc/ba-elf/4.7.4/mcpu_jn51xx_sizeopt\libgcc.a(floatunsidf.o)
 .debug_loc     0x000000000000595d       0x3f c:/users/makot/desktop/scoreboradproject/mwstage-2020-04_win10/mwstage/mwsdk/tools/ba-elf-ba2-r36379.w10/bin/../lib/gcc/ba-elf/4.7.4/../../../../ba-elf/lib/mcpu_jn51xx_sizeopt\libc.a(lib_a-memset.o)
 .debug_loc     0x000000000000599c       0x5a c:/users/makot/desktop/scoreboradproject/mwstage-2020-04_win10/mwstage/mwsdk/tools/ba-elf-ba2-r36379.w10/bin/../lib/gcc/ba-elf/4.7.4/../../../../ba-elf/lib/mcpu_jn51xx_sizeopt\libc.a(lib_a-strncmp.o)

.debug_aranges  0x0000000000000000      0x2c0
 .debug_aranges
                0x0000000000000000       0x20 c:/users/makot/desktop/scoreboradproject/mwstage-2020-04_win10/mwstage/mwsdk/tools/ba-elf-ba2-r36379.w10/bin/../lib/gcc/ba-elf/4.7.4/../../../../ba-elf/lib/mcpu_jn51xx_sizeopt\libc.a(lib_a-memcmp.o)
 .debug_aranges
                0x0000000000000020       0x20 c:/users/makot/desktop/scoreboradproject/mwstage-2020-04_win10/mwstage/mwsdk/tools/ba-elf-ba2-r36379.w10/bin/../lib/gcc/ba-elf/4.7.4/../../../../ba-elf/lib/mcpu_jn51xx_sizeopt\libc.a(lib_a-memcpy.o)
 .debug_aranges
                0x0000000000000040       0x20 c:/users/makot/desktop/scoreboradproject/mwstage-2020-04_win10/mwstage/mwsdk/tools/ba-elf-ba2-r36379.w10/bin/../lib/gcc/ba-elf/4.7.4/mcpu_jn51xx_sizeopt\libgcc.a(__udivsi3.o)
 .debug_aranges
                0x0000000000000060       0x20 c:/users/makot/desktop/scoreboradproject/mwstage-2020-04_win10/mwstage/mwsdk/tools/ba-elf-ba2-r36379.w10/bin/../lib/gcc/ba-elf/4.7.4/mcpu_jn51xx_sizeopt\libgcc.a(__divsi3.o)
 .debug_aranges
                0x0000000000000080       0x20 c:/users/makot/desktop/scoreboradproject/mwstage-2020-04_win10/mwstage/mwsdk/tools/ba-elf-ba2-r36379.w10/bin/../lib/gcc/ba-elf/4.7.4/mcpu_jn51xx_sizeopt\libgcc.a(__umodsi3.o)
 .debug_aranges
                0x00000000000000a0       0x20 c:/users/makot/desktop/scoreboradproject/mwstage-2020-04_win10/mwstage/mwsdk/tools/ba-elf-ba2-r36379.w10/bin/../lib/gcc/ba-elf/4.7.4/mcpu_jn51xx_sizeopt\libgcc.a(__modsi3.o)
 .debug_aranges
                0x00000000000000c0       0x20 c:/users/makot/desktop/scoreboradproject/mwstage-2020-04_win10/mwstage/mwsdk/tools/ba-elf-ba2-r36379.w10/bin/../lib/gcc/ba-elf/4.7.4/mcpu_jn51xx_sizeopt\libgcc.a(_fixunsdfsi.o)
 .debug_aranges
                0x00000000000000e0       0x20 c:/users/makot/desktop/scoreboradproject/mwstage-2020-04_win10/mwstage/mwsdk/tools/ba-elf-ba2-r36379.w10/bin/../lib/gcc/ba-elf/4.7.4/mcpu_jn51xx_sizeopt\libgcc.a(_udivdi3.o)
 .debug_aranges
                0x0000000000000100       0x20 c:/users/makot/desktop/scoreboradproject/mwstage-2020-04_win10/mwstage/mwsdk/tools/ba-elf-ba2-r36379.w10/bin/../lib/gcc/ba-elf/4.7.4/mcpu_jn51xx_sizeopt\libgcc.a(_umoddi3.o)
 .debug_aranges
                0x0000000000000120       0x20 c:/users/makot/desktop/scoreboradproject/mwstage-2020-04_win10/mwstage/mwsdk/tools/ba-elf-ba2-r36379.w10/bin/../lib/gcc/ba-elf/4.7.4/mcpu_jn51xx_sizeopt\libgcc.a(adddf3.o)
 .debug_aranges
                0x0000000000000140       0x20 c:/users/makot/desktop/scoreboradproject/mwstage-2020-04_win10/mwstage/mwsdk/tools/ba-elf-ba2-r36379.w10/bin/../lib/gcc/ba-elf/4.7.4/mcpu_jn51xx_sizeopt\libgcc.a(divdf3.o)
 .debug_aranges
                0x0000000000000160       0x20 c:/users/makot/desktop/scoreboradproject/mwstage-2020-04_win10/mwstage/mwsdk/tools/ba-elf-ba2-r36379.w10/bin/../lib/gcc/ba-elf/4.7.4/mcpu_jn51xx_sizeopt\libgcc.a(eqdf2.o)
 .debug_aranges
                0x0000000000000180       0x20 c:/users/makot/desktop/scoreboradproject/mwstage-2020-04_win10/mwstage/mwsdk/tools/ba-elf-ba2-r36379.w10/bin/../lib/gcc/ba-elf/4.7.4/mcpu_jn51xx_sizeopt\libgcc.a(gedf2.o)
 .debug_aranges
                0x00000000000001a0       0x20 c:/users/makot/desktop/scoreboradproject/mwstage-2020-04_win10/mwstage/mwsdk/tools/ba-elf-ba2-r36379.w10/bin/../lib/gcc/ba-elf/4.7.4/mcpu_jn51xx_sizeopt\libgcc.a(ledf2.o)
 .debug_aranges
                0x00000000000001c0       0x20 c:/users/makot/desktop/scoreboradproject/mwstage-2020-04_win10/mwstage/mwsdk/tools/ba-elf-ba2-r36379.w10/bin/../lib/gcc/ba-elf/4.7.4/mcpu_jn51xx_sizeopt\libgcc.a(muldf3.o)
 .debug_aranges
                0x00000000000001e0       0x20 c:/users/makot/desktop/scoreboradproject/mwstage-2020-04_win10/mwstage/mwsdk/tools/ba-elf-ba2-r36379.w10/bin/../lib/gcc/ba-elf/4.7.4/mcpu_jn51xx_sizeopt\libgcc.a(subdf3.o)
 .debug_aranges
                0x0000000000000200       0x20 c:/users/makot/desktop/scoreboradproject/mwstage-2020-04_win10/mwstage/mwsdk/tools/ba-elf-ba2-r36379.w10/bin/../lib/gcc/ba-elf/4.7.4/mcpu_jn51xx_sizeopt\libgcc.a(fixdfsi.o)
 .debug_aranges
                0x0000000000000220       0x20 c:/users/makot/desktop/scoreboradproject/mwstage-2020-04_win10/mwstage/mwsdk/tools/ba-elf-ba2-r36379.w10/bin/../lib/gcc/ba-elf/4.7.4/mcpu_jn51xx_sizeopt\libgcc.a(floatsidf.o)
 .debug_aranges
                0x0000000000000240       0x20 c:/users/makot/desktop/scoreboradproject/mwstage-2020-04_win10/mwstage/mwsdk/tools/ba-elf-ba2-r36379.w10/bin/../lib/gcc/ba-elf/4.7.4/mcpu_jn51xx_sizeopt\libgcc.a(floatunsidf.o)
 .debug_aranges
                0x0000000000000260       0x20 C:/Users/makot/Desktop/ScoreBoradProject/MWSTAGE-2020-04_win10/MWSTAGE/MWSDK/ChipLib/SW4063V1416/Components/Library\libBoot_JN516x.a(ExceptionHandler.o)
 .debug_aranges
                0x0000000000000280       0x20 c:/users/makot/desktop/scoreboradproject/mwstage-2020-04_win10/mwstage/mwsdk/tools/ba-elf-ba2-r36379.w10/bin/../lib/gcc/ba-elf/4.7.4/../../../../ba-elf/lib/mcpu_jn51xx_sizeopt\libc.a(lib_a-memset.o)
 .debug_aranges
                0x00000000000002a0       0x20 c:/users/makot/desktop/scoreboradproject/mwstage-2020-04_win10/mwstage/mwsdk/tools/ba-elf-ba2-r36379.w10/bin/../lib/gcc/ba-elf/4.7.4/../../../../ba-elf/lib/mcpu_jn51xx_sizeopt\libc.a(lib_a-strncmp.o)

.debug_line     0x0000000000000000     0x2d38
 .debug_line    0x0000000000000000      0x15a c:/users/makot/desktop/scoreboradproject/mwstage-2020-04_win10/mwstage/mwsdk/tools/ba-elf-ba2-r36379.w10/bin/../lib/gcc/ba-elf/4.7.4/../../../../ba-elf/lib/mcpu_jn51xx_sizeopt\libc.a(lib_a-memcmp.o)
 .debug_line    0x000000000000015a      0x14e c:/users/makot/desktop/scoreboradproject/mwstage-2020-04_win10/mwstage/mwsdk/tools/ba-elf-ba2-r36379.w10/bin/../lib/gcc/ba-elf/4.7.4/../../../../ba-elf/lib/mcpu_jn51xx_sizeopt\libc.a(lib_a-memcpy.o)
 .debug_line    0x00000000000002a8      0x47b c:/users/makot/desktop/scoreboradproject/mwstage-2020-04_win10/mwstage/mwsdk/tools/ba-elf-ba2-r36379.w10/bin/../lib/gcc/ba-elf/4.7.4/mcpu_jn51xx_sizeopt\libgcc.a(__udivsi3.o)
 .debug_line    0x0000000000000723       0xbb c:/users/makot/desktop/scoreboradproject/mwstage-2020-04_win10/mwstage/mwsdk/tools/ba-elf-ba2-r36379.w10/bin/../lib/gcc/ba-elf/4.7.4/mcpu_jn51xx_sizeopt\libgcc.a(__divsi3.o)
 .debug_line    0x00000000000007de      0x3c7 c:/users/makot/desktop/scoreboradproject/mwstage-2020-04_win10/mwstage/mwsdk/tools/ba-elf-ba2-r36379.w10/bin/../lib/gcc/ba-elf/4.7.4/mcpu_jn51xx_sizeopt\libgcc.a(__umodsi3.o)
 .debug_line    0x0000000000000ba5       0xa3 c:/users/makot/desktop/scoreboradproject/mwstage-2020-04_win10/mwstage/mwsdk/tools/ba-elf-ba2-r36379.w10/bin/../lib/gcc/ba-elf/4.7.4/mcpu_jn51xx_sizeopt\libgcc.a(__modsi3.o)
 .debug_line    0x0000000000000c48       0x9f c:/users/makot/desktop/scoreboradproject/mwstage-2020-04_win10/mwstage/mwsdk/tools/ba-elf-ba2-r36379.w10/bin/../lib/gcc/ba-elf/4.7.4/mcpu_jn51xx_sizeopt\libgcc.a(_fixunsdfsi.o)
 .debug_line    0x0000000000000ce7      0x1b7 c:/users/makot/desktop/scoreboradproject/mwstage-2020-04_win10/mwstage/mwsdk/tools/ba-elf-ba2-r36379.w10/bin/../lib/gcc/ba-elf/4.7.4/mcpu_jn51xx_sizeopt\libgcc.a(_udivdi3.o)
 .debug_line    0x0000000000000e9e      0x1b7 c:/users/makot/desktop/scoreboradproject/mwstage-2020-04_win10/mwstage/mwsdk/tools/ba-elf-ba2-r36379.w10/bin/../lib/gcc/ba-elf/4.7.4/mcpu_jn51xx_sizeopt\libgcc.a(_umoddi3.o)
 .debug_line    0x0000000000001055      0x63d c:/users/makot/desktop/scoreboradproject/mwstage-2020-04_win10/mwstage/mwsdk/tools/ba-elf-ba2-r36379.w10/bin/../lib/gcc/ba-elf/4.7.4/mcpu_jn51xx_sizeopt\libgcc.a(adddf3.o)
 .debug_line    0x0000000000001692      0x3b5 c:/users/makot/desktop/scoreboradproject/mwstage-2020-04_win10/mwstage/mwsdk/tools/ba-elf-ba2-r36379.w10/bin/../lib/gcc/ba-elf/4.7.4/mcpu_jn51xx_sizeopt\libgcc.a(divdf3.o)
 .debug_line    0x0000000000001a47       0xf1 c:/users/makot/desktop/scoreboradproject/mwstage-2020-04_win10/mwstage/mwsdk/tools/ba-elf-ba2-r36379.w10/bin/../lib/gcc/ba-elf/4.7.4/mcpu_jn51xx_sizeopt\libgcc.a(eqdf2.o)
 .debug_line    0x0000000000001b38      0x15f c:/users/makot/desktop/scoreboradproject/mwstage-2020-04_win10/mwstage/mwsdk/tools/ba-elf-ba2-r36379.w10/bin/../lib/gcc/ba-elf/4.7.4/mcpu_jn51xx_sizeopt\libgcc.a(gedf2.o)
 .debug_line    0x0000000000001c97      0x15f c:/users/makot/desktop/scoreboradproject/mwstage-2020-04_win10/mwstage/mwsdk/tools/ba-elf-ba2-r36379.w10/bin/../lib/gcc/ba-elf/4.7.4/mcpu_jn51xx_sizeopt\libgcc.a(ledf2.o)
 .debug_line    0x0000000000001df6      0x269 c:/users/makot/desktop/scoreboradproject/mwstage-2020-04_win10/mwstage/mwsdk/tools/ba-elf-ba2-r36379.w10/bin/../lib/gcc/ba-elf/4.7.4/mcpu_jn51xx_sizeopt\libgcc.a(muldf3.o)
 .debug_line    0x000000000000205f      0x656 c:/users/makot/desktop/scoreboradproject/mwstage-2020-04_win10/mwstage/mwsdk/tools/ba-elf-ba2-r36379.w10/bin/../lib/gcc/ba-elf/4.7.4/mcpu_jn51xx_sizeopt\libgcc.a(subdf3.o)
 .debug_line    0x00000000000026b5       0xc8 c:/users/makot/desktop/scoreboradproject/mwstage-2020-04_win10/mwstage/mwsdk/tools/ba-elf-ba2-r36379.w10/bin/../lib/gcc/ba-elf/4.7.4/mcpu_jn51xx_sizeopt\libgcc.a(fixdfsi.o)
 .debug_line    0x000000000000277d       0xbc c:/users/makot/desktop/scoreboradproject/mwstage-2020-04_win10/mwstage/mwsdk/tools/ba-elf-ba2-r36379.w10/bin/../lib/gcc/ba-elf/4.7.4/mcpu_jn51xx_sizeopt\libgcc.a(floatsidf.o)
 .debug_line    0x0000000000002839       0xbe c:/users/makot/desktop/scoreboradproject/mwstage-2020-04_win10/mwstage/mwsdk/tools/ba-elf-ba2-r36379.w10/bin/../lib/gcc/ba-elf/4.7.4/mcpu_jn51xx_sizeopt\libgcc.a(floatunsidf.o)
 .debug_line    0x00000000000028f7      0x197 C:/Users/makot/Desktop/ScoreBoradProject/MWSTAGE-2020-04_win10/MWSTAGE/MWSDK/ChipLib/SW4063V1416/Components/Library\libBoot_JN516x.a(ExceptionHandler.o)