Archive member included because of file (symbol)

C:/Users/makot/Downloads/MWSTAGE-2020-04_win10/MWSTAGE/MWSDK/TWENET/current/lib/libTWENET_BLUE.a(ToCoNet_event.o)
                              objs_BLUE/WirelessUart.o (symbol from plugin) (PRSEV_u8RegisterEx)
C:/Users/makot/Downloads/MWSTAGE-2020-04_win10/MWSTAGE/MWSDK/TWENET/current/lib/libTWENET_BLUE.a(ToCoNet_main.o)
                              objs_BLUE/networks/mwx_nwk_simple.o (symbol from plugin) (sToCoNet_Context)
C:/Users/makot/Downloads/MWSTAGE-2020-04_win10/MWSTAGE/MWSDK/TWENET/current/lib/libTWENET_BLUE.a(ToCoNet_utils.o)
                              ToCoNet_main.o (symbol from plugin) (ToCoNet_u32GetVersion)
C:/Users/makot/Downloads/MWSTAGE-2020-04_win10/MWSTAGE/MWSDK/TWENET/current/lib/libTWENET_BLUE.a(ToCoNet_mod_Tx.o)
                              objs_BLUE/mwx_appcore.o (symbol from plugin) (ToCoNet_vReg_mod_Tx_Standard)
C:/Users/makot/Downloads/MWSTAGE-2020-04_win10/MWSTAGE/MWSDK/TWENET/current/lib/libTWENET_BLUE.a(ToCoNet_mod_TxRxQueue.o)
                              objs_BLUE/mwx_appcore.o (symbol from plugin) (ToCoNet_vReg_mod_TxRxQueueSmall)
C:/Users/makot/Downloads/MWSTAGE-2020-04_win10/MWSTAGE/MWSDK/TWENET/current/lib/libTWENET_BLUE.a(ToCoNet_mod_Nwk_Common.o)
                              ToCoNet_main.o (symbol from plugin) (ToCoNet_vRxProc_Mod)
C:/Users/makot/Downloads/MWSTAGE-2020-04_win10/MWSTAGE/MWSDK/TWENET/current/lib/libTWENET_BLUE.a(ToCoNet_mod_Channel_Mgr.o)
                              ToCoNet_mod_Tx.o (symbol from plugin) (ToCoNet_ChMgr_bCh_OnTx)
C:/Users/makot/Downloads/MWSTAGE-2020-04_win10/MWSTAGE/MWSDK/TWENET/current/lib/libTWENET_BLUE.a(Version.o)
                              ToCoNet_utils.o (symbol from plugin) (au8ToCoNetVersionInfo)
C:/Users/makot/Downloads/MWSTAGE-2020-04_win10/MWSTAGE/MWSDK/TWENET/current/lib/libTWENET_BLUE.a(AppQueueApi_ToCoNet.o)
                              ToCoNet_main.o (symbol from plugin) (_u32_INT_ticktimer)
C:/Users/makot/Downloads/MWSTAGE-2020-04_win10/MWSTAGE/MWSDK/TWENET/current/lib/libTWENEText_BLUE.a(AppStart.o)
                              (AppColdStart)
C:/Users/makot/Downloads/MWSTAGE-2020-04_win10/MWSTAGE/MWSDK/TWENET/current/lib/libTWENEText_BLUE.a(getMacAddr.o)
                              ToCoNet_main.o (symbol from plugin) (ToCoNet_u32GetSerialOnBoot)
C:/Users/makot/Downloads/MWSTAGE-2020-04_win10/MWSTAGE/MWSDK/TWENET/current/lib/libTWENEText_BLUE.a(mac.o)
                              ToCoNet_main.o (symbol from plugin) (Mac_vInit)
C:/Users/makot/Downloads/MWSTAGE-2020-04_win10/MWSTAGE/MWSDK/TWENET/current/lib/libTWENEText_BLUE.a(AES_CCM.o)
                              AppStart.o (symbol from plugin) (bAES_CCM_KeyReg)
C:/Users/makot/Downloads/MWSTAGE-2020-04_win10/MWSTAGE/MWSDK/TWENET/current/lib/libTWENEText_BLUE.a(no_ack_handler.o)
                              AppStart.o (symbol from plugin) (vInstallNoAckHandler)
C:/Users/makot/Downloads/MWSTAGE-2020-04_win10/MWSTAGE/MWSDK/TWENET/current/lib/libTWENEText_BLUE.a(Version.o)
                              ToCoNet_utils.o (symbol from plugin) (au8ToCoNetExtVersionInfo)
C:/Users/makot/Downloads/MWSTAGE-2020-04_win10/MWSTAGE/MWSDK/TWENET/current/lib/libTWENETutils_BLUE.a(serial.o)
                              objs_BLUE/WirelessUart.o (symbol from plugin) (SERIAL_bTxChar)
C:/Users/makot/Downloads/MWSTAGE-2020-04_win10/MWSTAGE/MWSDK/TWENET/current/lib/libTWENETutils_BLUE.a(uart.o)
                              serial.o (symbol from plugin) (UART_vInit)
C:/Users/makot/Downloads/MWSTAGE-2020-04_win10/MWSTAGE/MWSDK/TWENET/current/lib/libTWENETutils_BLUE.a(ByteQueue.o)
                              ToCoNet_main.o (symbol from plugin) (QUEUE__vInit)
C:/Users/makot/Downloads/MWSTAGE-2020-04_win10/MWSTAGE/MWSDK/TWENET/current/lib/libTWENETutils_BLUE.a(ccitt8.o)
                              AppStart.o (symbol from plugin) (u8CCITT8)
C:/Users/makot/Downloads/MWSTAGE-2020-04_win10/MWSTAGE/MWSDK/TWENET/current/lib/libTWENETutils_BLUE.a(fprintf.o)
                              objs_BLUE/sensors/legacy/sensor_driver.o (symbol from plugin) (vfPrintf)
C:/Users/makot/Downloads/MWSTAGE-2020-04_win10/MWSTAGE/MWSDK/TWENET/current/lib/libTWENETutils_BLUE.a(utils.o)
                              objs_BLUE/mwx_appcore.o (symbol from plugin) (vTimerConfig)
C:/Users/makot/Downloads/MWSTAGE-2020-04_win10/MWSTAGE/MWSDK/TWENET/current/lib/libTWENETutils_BLUE.a(ccm.o)
                              AES_CCM.o (symbol from plugin) (ccm_init_and_key)
C:/Users/makot/Downloads/MWSTAGE-2020-04_win10/MWSTAGE/MWSDK/TWENET/current/lib/libTWENETutils_BLUE.a(Version.o)
                              ToCoNet_utils.o (symbol from plugin) (au8ToCoNetUtilsVersionInfo)
C:/Users/makot/Downloads/MWSTAGE-2020-04_win10/MWSTAGE/MWSDK/TWENET/current/lib/libTWENETutils_BLUE.a(aescrypt.o)
                              ccm.o (symbol from plugin) (aes_encrypt)
[...]
Memory Configuration

Name             Origin             Length             Attributes
flash            0x0000000000080000 0x0000000000028000
ram              0x000000000400004c 0x0000000000007fb4
*default*        0x0000000000000000 0xffffffffffffffff

Linker script and memory map

LOAD objs_BLUE/sensors/legacy/SMBus.o
LOAD C:\Users\makot\AppData\Local\Temp\cc7KEfoF.ltrans0.ltrans.o
LOAD C:\Users\makot\AppData\Local\Temp\cc7KEfoF.ltrans1.ltrans.o
LOAD C:\Users\makot\AppData\Local\Temp\cc7KEfoF.ltrans2.ltrans.o
LOAD C:\Users\makot\AppData\Local\Temp\cc7KEfoF.ltrans3.ltrans.o
LOAD C:\Users\makot\AppData\Local\Temp\cc7KEfoF.ltrans4.ltrans.o
LOAD C:\Users\makot\AppData\Local\Temp\cc7KEfoF.ltrans5.ltrans.o
LOAD C:\Users\makot\AppData\Local\Temp\cc7KEfoF.ltrans6.ltrans.o
LOAD C:\Users\makot\AppData\Local\Temp\cc7KEfoF.ltrans7.ltrans.o
LOAD C:\Users\makot\AppData\Local\Temp\cc7KEfoF.ltrans8.ltrans.o
LOAD C:\Users\makot\AppData\Local\Temp\cc7KEfoF.ltrans9.ltrans.o
LOAD C:\Users\makot\AppData\Local\Temp\cc7KEfoF.ltrans10.ltrans.o
LOAD C:\Users\makot\AppData\Local\Temp\cc7KEfoF.ltrans11.ltrans.o
LOAD C:\Users\makot\AppData\Local\Temp\cc7KEfoF.ltrans12.ltrans.o
LOAD C:\Users\makot\AppData\Local\Temp\cc7KEfoF.ltrans13.ltrans.o
LOAD C:\Users\makot\AppData\Local\Temp\cc7KEfoF.ltrans14.ltrans.o
LOAD C:\Users\makot\AppData\Local\Temp\cc7KEfoF.ltrans15.ltrans.o
LOAD C:\Users\makot\AppData\Local\Temp\cc7KEfoF.ltrans16.ltrans.o
LOAD C:\Users\makot\AppData\Local\Temp\cc7KEfoF.ltrans17.ltrans.o
LOAD C:\Users\makot\AppData\Local\Temp\cc7KEfoF.ltrans18.ltrans.o
LOAD C:\Users\makot\AppData\Local\Temp\cc7KEfoF.ltrans19.ltrans.o
LOAD C:\Users\makot\AppData\Local\Temp\cc7KEfoF.ltrans20.ltrans.o
LOAD c:/users/makot/downloads/mwstage-2020-04_win10/mwstage/mwsdk/tools/ba-elf-ba2-r36379.w10/bin/../lib/gcc/ba-elf/4.7.4/../../../../ba-elf/lib/mcpu_jn51xx_sizeopt\libc.a
LOAD c:/users/makot/downloads/mwstage-2020-04_win10/mwstage/mwsdk/tools/ba-elf-ba2-r36379.w10/bin/../lib/gcc/ba-elf/4.7.4/mcpu_jn51xx_sizeopt\libgcc.a
LOAD c:/users/makot/downloads/mwstage-2020-04_win10/mwstage/mwsdk/tools/ba-elf-ba2-r36379.w10/bin/../lib/gcc/ba-elf/4.7.4/../../../../ba-elf/lib/mcpu_jn51xx_sizeopt\libc.a
LOAD objs_BLUE/sensors/legacy/sensor_driver.o
LOAD objs_BLUE/sensors/legacy/SHTC3.o
LOAD objs_BLUE/sensors/legacy/LTR308ALS.o
LOAD objs_BLUE/mwx_debug.o
LOAD objs_BLUE/WirelessUart.o
LOAD objs_BLUE/mwx_utils_crc8.o
LOAD objs_BLUE/mwx_appcore.o
LOAD objs_BLUE/mwx_memory.o
LOAD objs_BLUE/mwx_periph.o
LOAD objs_BLUE/mwx_periph_dio.o
LOAD objs_BLUE/mwx_periph_buttons.o
LOAD objs_BLUE/mwx_periph_analogue.o
LOAD objs_BLUE/mwx_stream.o
LOAD objs_BLUE/mwx_duplicate_checker.o
LOAD objs_BLUE/mwx_settings.o
LOAD objs_BLUE/mwx_settings_default.o
LOAD objs_BLUE/boards/mwx_brd_pal_amb.o
LOAD objs_BLUE/boards/mwx_brd_pal_mot.o
LOAD objs_BLUE/boards/mwx_brd_pal_mag.o
LOAD objs_BLUE/boards/mwx_brd_monostick.o
LOAD objs_BLUE/boards/mwx_brd_app_twelite.o
LOAD objs_BLUE/networks/mwx_nwk_simple.o
LOAD objs_BLUE/sensors/legacy/probe.o
LOAD objs_BLUE/sensors/mwx_sns_MC3630.o
LOAD C:/Users/makot/Downloads/MWSTAGE-2020-04_win10/MWSTAGE/MWSDK/TWENET/current/lib/libTWENET_BLUE.a
LOAD C:/Users/makot/Downloads/MWSTAGE-2020-04_win10/MWSTAGE/MWSDK/TWENET/current/lib/libTWENEText_BLUE.a
LOAD C:/Users/makot/Downloads/MWSTAGE-2020-04_win10/MWSTAGE/MWSDK/TWENET/current/lib/libTWENETutils_BLUE.a
LOAD C:/Users/makot/Downloads/MWSTAGE-2020-04_win10/MWSTAGE/MWSDK/TWENET/current/lib/libTWENETstgs_BLUE.a
START GROUP
LOAD C:/Users/makot/Downloads/MWSTAGE-2020-04_win10/MWSTAGE/MWSDK/ChipLib/SW4063V1416/Components/Library\libAppApi_JN516x.a
LOAD C:/Users/makot/Downloads/MWSTAGE-2020-04_win10/MWSTAGE/MWSDK/ChipLib/SW4063V1416/Components/Library\libMAC_JN516x.a
LOAD C:/Users/makot/Downloads/MWSTAGE-2020-04_win10/MWSTAGE/MWSDK/ChipLib/SW4063V1416/Components/Library\libTimerServer_JN516x.a
LOAD C:/Users/makot/Downloads/MWSTAGE-2020-04_win10/MWSTAGE/MWSDK/ChipLib/SW4063V1416/Components/Library\libTOF_JN516x.a
LOAD C:/Users/makot/Downloads/MWSTAGE-2020-04_win10/MWSTAGE/MWSDK/ChipLib/SW4063V1416/Components/Library\libXcv_JN516x.a
LOAD C:/Users/makot/Downloads/MWSTAGE-2020-04_win10/MWSTAGE/MWSDK/ChipLib/SW4063V1416/Components/Library\libAes_JN516x.a
LOAD C:/Users/makot/Downloads/MWSTAGE-2020-04_win10/MWSTAGE/MWSDK/ChipLib/SW4063V1416/Components/Library\libHardwareApi_JN516x.a
LOAD C:/Users/makot/Downloads/MWSTAGE-2020-04_win10/MWSTAGE/MWSDK/ChipLib/SW4063V1416/Components/Library\libMicroSpecific_JN516x.a
LOAD C:/Users/makot/Downloads/MWSTAGE-2020-04_win10/MWSTAGE/MWSDK/ChipLib/SW4063V1416/Components/Library\libBoot_JN516x.a
LOAD C:/Users/makot/Downloads/MWSTAGE-2020-04_win10/MWSTAGE/MWSDK/ChipLib/SW4063V1416/Components/Library\libPDM_EEPROM_JN516x_NO_RTOS.a
LOAD C:/Users/makot/Downloads/MWSTAGE-2020-04_win10/MWSTAGE/MWSDK/TWENET/current/lib/libTWENET_BLUE.a
LOAD C:/Users/makot/Downloads/MWSTAGE-2020-04_win10/MWSTAGE/MWSDK/TWENET/current/lib/libTWENEText_BLUE.a
LOAD C:/Users/makot/Downloads/MWSTAGE-2020-04_win10/MWSTAGE/MWSDK/TWENET/current/lib/libTWENETutils_BLUE.a
LOAD C:/Users/makot/Downloads/MWSTAGE-2020-04_win10/MWSTAGE/MWSDK/TWENET/current/lib/libTWENETstgs_BLUE.a
END GROUP
LOAD c:/users/makot/downloads/mwstage-2020-04_win10/mwstage/mwsdk/tools/ba-elf-ba2-r36379.w10/bin/../lib/gcc/ba-elf/4.7.4/../../../../ba-elf/lib/mcpu_jn51xx_sizeopt\libstdc++.a
LOAD c:/users/makot/downloads/mwstage-2020-04_win10/mwstage/mwsdk/tools/ba-elf-ba2-r36379.w10/bin/../lib/gcc/ba-elf/4.7.4/../../../../ba-elf/lib/mcpu_jn51xx_sizeopt\libm.a
LOAD c:/users/makot/downloads/mwstage-2020-04_win10/mwstage/mwsdk/tools/ba-elf-ba2-r36379.w10/bin/../lib/gcc/ba-elf/4.7.4/../../../../ba-elf/lib/mcpu_jn51xx_sizeopt\libc.a
LOAD c:/users/makot/downloads/mwstage-2020-04_win10/mwstage/mwsdk/tools/ba-elf-ba2-r36379.w10/bin/../lib/gcc/ba-elf/4.7.4/mcpu_jn51xx_sizeopt\libgcc.a
LOAD c:/users/makot/downloads/mwstage-2020-04_win10/mwstage/mwsdk/tools/ba-elf-ba2-r36379.w10/bin/../lib/gcc/ba-elf/4.7.4/../../../../ba-elf/lib/mcpu_jn51xx_sizeopt\libc.a
                0x0000000000001000                _minimum_heap_size = 0x1000
                0x0000000000000c00                _stack_size = 0xc00
                0x0000000000080038                _exception_vsr_table = 0x80038
                0x0000000004000000                pSPIflashFncTable = 0x4000000
                0x0000000000001000                _minimum_heap_size = 0x1000
                0x0000000000000c00                _stack_size = 0xc00
                0x0000000000000044                restore_state = 0x44
                0x000000000000004a                bZSPIWaitWIPClear = 0x4a
                0x0000000000000050                u16ZSPIflashRDID = 0x50
                0x0000000000000056                u8SelectFlashChipType = 0x56
                0x000000000000005c                memcpy = 0x5c
                0x0000000000000066                vBootFlashProg = 0x66
                [0x0000000000001000]                _minimum_heap_size = DEFINED (_minimum_heap_size)?_minimum_heap_size:0xd16
                0x0000000000000000                _SwConfig = (DEFINED (g_bSWConf_Debug) | (DEFINED (g_bSWConf_AltDebugPort) << 0x1))

.version        0x000000000007fffc        0x4
                0x000000000007fffc        0x4 LONG 0x4030008

.bir            0x0000000000080000       0x10
                0x0000000000080000                _flash_start = ABSOLUTE (.)
                0x0000000000080000                _flash_beg = ABSOLUTE (.)
                0x0000000000080000        0x4 LONG 0x12345678
                0x0000000000080004        0x4 LONG 0x11223344
                0x0000000000080008        0x4 LONG 0x55667788
                0x000000000008000c        0x1 BYTE 0x8
                0x000000000008000d        0x1 BYTE 0x1
                0x000000000008000e        0x2 SHORT 0x0

.flashheader    0x0000000000080010       0x28
                0x0000000000080010        0x4 LONG 0x0
                0x0000000000080014        0x4 LONG 0x0
                0x0000000000080018        0x4 LONG 0x0
                0x000000000008001c        0x2 SHORT 0x0
                0x000000000008001e        0x2 SHORT 0x0 ABSOLUTE (_SwConfig)
                0x0000000000080020                _enc_start = ABSOLUTE (.)
                0x0000000000080020        0x4 LONG 0xf940 ABSOLUTE (_image_len)
                0x0000000000080024        0x4 LONG 0x8f92c ABSOLUTE (_flash_data_start)
                0x0000000000080028        0x2 SHORT 0x13 ((ABSOLUTE (_ram_data_start) / 0x4) & 0xffff)
                0x000000000008002a        0x2 SHORT 0x5 ((ABSOLUTE (_ram_data_len) / 0x4) & 0xffff)
                0x000000000008002c        0x2 SHORT 0x18 ((ABSOLUTE (_bss_start) / 0x4) & 0xffff)
                0x000000000008002e        0x2 SHORT 0x589 ((ABSOLUTE (_bss_len) / 0x4) & 0xffff)
                0x0000000000080030        0x4 LONG 0x85aac ABSOLUTE (AppWarmStart)
                0x0000000000080034        0x4 LONG 0x86518 ABSOLUTE (AppColdStart)
                0x0000000000000000                _enc_offset = (_enc_start & 0xf)
                0x0000000000000044                PROVIDE (vException_BusError, restore_state)
                0x0000000000000044                PROVIDE (vException_UnalignedAccess, restore_state)
                0x0000000000000044                PROVIDE (vException_IllegalInstruction, restore_state)
                0x0000000000000044                PROVIDE (vException_SysCall, restore_state)
                0x0000000000000044                PROVIDE (vException_Trap, restore_state)
                0x0000000000000044                PROVIDE (vException_StackOverflow, restore_state)
                0x0000000000080038                . = ABSOLUTE (_exception_vsr_table)

.vsr_table      0x0000000000080038       0x18
                0x0000000000080038        0x4 LONG 0x44 ABSOLUTE (vException_BusError)
                0x000000000008003c        0x4 LONG 0x44 ABSOLUTE (vException_UnalignedAccess)
                0x0000000000080040        0x4 LONG 0x44 ABSOLUTE (vException_IllegalInstruction)
                0x0000000000080044        0x4 LONG 0x44 ABSOLUTE (vException_SysCall)
                0x0000000000080048        0x4 LONG 0x44 ABSOLUTE (vException_Trap)
                0x000000000008004c        0x4 LONG 0x44 ABSOLUTE (vException_StackOverflow)

.vsr_handlers   0x0000000000080050       0xaa
 *(.vsr_handlers)
 .vsr_handlers  0x0000000000080050       0xaa C:/Users/makot/Downloads/MWSTAGE-2020-04_win10/MWSTAGE/MWSDK/ChipLib/SW4063V1416/Components/Library\libBoot_JN516x.a(ExceptionHandler.o)
                0x0000000000080050                _exception_external_interrupt
                0x00000000000800f8                _default_vsr_dummy

.rodata         0x0000000000080100      0x614
 *(.rodata*)
 .rodata.str1.1
                0x0000000000080100       0x51 C:\Users\makot\AppData\Local\Temp\cc7KEfoF.ltrans0.ltrans.o
                                         0x53 (size before relaxing)
 .rodata        0x0000000000080151        0x5 C:\Users\makot\AppData\Local\Temp\cc7KEfoF.ltrans0.ltrans.o
                0x0000000000080151                _ZL9FOURCHARS.2605
 .rodata        0x0000000000080156       0x9a C:\Users\makot\AppData\Local\Temp\cc7KEfoF.ltrans1.ltrans.o
 .rodata        0x00000000000801f0       0xd4 C:\Users\makot\AppData\Local\Temp\cc7KEfoF.ltrans2.ltrans.o
                0x00000000000801f0                s_aprScanHandleEvt.18068
                0x0000000000080220                apvActionCalls
                0x00000000000802a8                aprLPBMacVectorRamTable
                0x00000000000802bc                psTamMacContext
                0x00000000000802c0                psTAMcontext
 .rodata        0x00000000000802c4        0xa C:\Users\makot\AppData\Local\Temp\cc7KEfoF.ltrans3.ltrans.o
 .rodata.str1.1
                0x00000000000802ce       0x8b C:\Users\makot\AppData\Local\Temp\cc7KEfoF.ltrans5.ltrans.o
 *fill*         0x0000000000080359        0x3 00
 .rodata        0x000000000008035c       0x1c C:\Users\makot\AppData\Local\Temp\cc7KEfoF.ltrans5.ltrans.o
                0x000000000008035c                psTamXcvContext
 .rodata        0x0000000000080378       0x14 C:\Users\makot\AppData\Local\Temp\cc7KEfoF.ltrans6.ltrans.o
 .rodata        0x000000000008038c        0x6 C:\Users\makot\AppData\Local\Temp\cc7KEfoF.ltrans7.ltrans.o
                0x000000000008038c                aeXcvPhyEvtToScanEvt.5394.18071
 .rodata.str1.1
                0x0000000000080392       0x27 C:\Users\makot\AppData\Local\Temp\cc7KEfoF.ltrans8.ltrans.o
 *fill*         0x00000000000803b9        0x3 00
 .rodata        0x00000000000803bc       0x7c C:\Users\makot\AppData\Local\Temp\cc7KEfoF.ltrans8.ltrans.o
                0x00000000000803f0                u32MacLow_TOCOS
                0x00000000000803f4                u32MacHigh_TOCOS
 .rodata        0x0000000000080438        0xc C:\Users\makot\AppData\Local\Temp\cc7KEfoF.ltrans9.ltrans.o
                0x0000000000080438                au32UartAddrOffset
 .rodata.str1.1
                0x0000000000080444        0xe C:\Users\makot\AppData\Local\Temp\cc7KEfoF.ltrans10.ltrans.o
 .rodata        0x0000000000080452       0x16 C:\Users\makot\AppData\Local\Temp\cc7KEfoF.ltrans10.ltrans.o
                0x0000000000080452                gbHighPowerMode
                0x0000000000080453                gu8ModuleID
 .rodata.str1.1
                0x0000000000000000        0xe C:\Users\makot\AppData\Local\Temp\cc7KEfoF.ltrans11.ltrans.o
 .rodata.str1.1
                0x0000000000080468       0x12 C:\Users\makot\AppData\Local\Temp\cc7KEfoF.ltrans13.ltrans.o
 *fill*         0x000000000008047a        0x6 00
 .rodata        0x0000000000080480       0x68 C:\Users\makot\AppData\Local\Temp\cc7KEfoF.ltrans13.ltrans.o
 .rodata        0x00000000000804e8        0x4 C:\Users\makot\AppData\Local\Temp\cc7KEfoF.ltrans14.ltrans.o
 .rodata        0x00000000000804ec      0x148 C:\Users\makot\AppData\Local\Temp\cc7KEfoF.ltrans15.ltrans.o
 .rodata.str1.1
                0x0000000000080634       0x3f C:\Users\makot\AppData\Local\Temp\cc7KEfoF.ltrans16.ltrans.o
 .rodata.str1.1
                0x0000000000080673       0x11 C:\Users\makot\AppData\Local\Temp\cc7KEfoF.ltrans17.ltrans.o
                                         0x22 (size before relaxing)
 .rodata        0x0000000000080684       0x38 C:\Users\makot\AppData\Local\Temp\cc7KEfoF.ltrans17.ltrans.o
                0x0000000000080684                asStateFuncTbl.7994
 .rodata.str1.1
                0x00000000000806bc       0x12 C:\Users\makot\AppData\Local\Temp\cc7KEfoF.ltrans19.ltrans.o
 *fill*         0x00000000000806ce        0x2 00
 .rodata        0x00000000000806d0       0x28 C:\Users\makot\AppData\Local\Temp\cc7KEfoF.ltrans19.ltrans.o
                0x00000000000806d0                au32TimerBaseAddress
                0x00000000000806e4                CSWTCH.35.28407.28407
 .rodata.str1.1
                0x00000000000806f8       0x1c C:\Users\makot\AppData\Local\Temp\cc7KEfoF.ltrans20.ltrans.o
                                         0x1f (size before relaxing)

.text           0x0000000000080714     0xf217
 *(.text*)
 .text          0x0000000000080714      0xb61 C:\Users\makot\AppData\Local\Temp\cc7KEfoF.ltrans0.ltrans.o
                0x0000000000080714                ToCoNet_vMain
 .text          0x0000000000081275      0xcfb C:\Users\makot\AppData\Local\Temp\cc7KEfoF.ltrans1.ltrans.o
                0x0000000000081275                vTTIBLETimerExpired
                0x0000000000081280                vACI_CmdWaitBusy
                0x000000000008128d                vEcbEncodeStripe.27632
                0x00000000000812e4                vTAIdisableInterrupt
                0x00000000000812fd                vUpdateRegisters.27322
                0x0000000000081344                psRemove.part.0.27272
                0x0000000000081373                vMAC_MISCpollConfirm
                0x00000000000813a5                MAC_u8AclFindInfo
                0x00000000000814cf                vTASretrieveSecurity
                0x00000000000814f1                MAC_bLookUpKeyDescriptor.24824
                0x000000000008156b                u8TSCframeIncrease
                0x00000000000815a4                vCopyToDataFromMacAddr.24734
                0x00000000000815d7                bTSCgetOutgoingInfo
                0x00000000000816e0                psTAQsearchFifo
                0x0000000000081729                bTAQremoveFromFifo
                0x0000000000081766                vTAMinsertEvent
                0x00000000000817cc                vTTITimer2Expired
                0x00000000000817d0                vTTITimer1Expired
                0x00000000000817d4                vTAM_TxRetryTimeout
                0x00000000000817d8                vTACsetTxFrameDefaults
                0x00000000000817fe                u8TACgetHeaderSize
                0x000000000008183b                bUpdateTime.23052
                0x0000000000081876                u32TACpayloadToU32M
                0x0000000000081897                vTACu32ToPayloadM
                0x00000000000818af                vTACbuildBeacon
                0x0000000000081ab7                bTACframeInProgress
                0x0000000000081ae1                bTACassessBeaconForPayload
                0x0000000000081b32                bIsBbcSafeForTx
                0x0000000000081b67                vTATwriteAclMaterialToHardware
                0x0000000000081b8c                vTATsetBLE
                0x0000000000081bc3                vTATgetFramePayload
                0x0000000000081be0                eTATreadTXstatus
                0x0000000000081c26                vTAHsetPhyStateDirect.part.0.22193
                0x0000000000081c42                vDoGoOff.24014
                0x0000000000081c5c                vMLMErxEnableConfirm
                0x0000000000081c90                vMLMEcommStatus
                0x0000000000081cf5                vMLMEcommStatusFromFrame
                0x0000000000081d39                vTSCpostTransmitUpdate
                0x0000000000081d68                vMLMEsyncLoss
                0x0000000000081d9d                vMEMreturn
                0x0000000000081e0e                vTACinformOriginator
                0x0000000000081e30                vTTITransactionTimerExpired
                0x0000000000081e58                pvMEMget
                0x0000000000081e84                vTAMDEdetermineNullState
                0x0000000000081e9e                vTAMCOupdatePendingList
 *fill*         0x0000000000081f70        0x0 00
 .text          0x0000000000081f70      0xba4 C:\Users\makot\AppData\Local\Temp\cc7KEfoF.ltrans2.ltrans.o
                0x0000000000081f70                eWBRTTxDone.17725
                0x0000000000081f8e                vTAMCOframeTXgoingIdle
                0x0000000000081fa7                vTAMCOframeTXcap
                0x0000000000081fcb                eWCoRRxDone.17716
                0x0000000000082075                eWBcnRxDone.17728
                0x0000000000082662                vTAMCOframeRXcap
                0x0000000000082674                vTAMCOframeRXgoingIdle
                0x000000000008268a                vTAMCOframeRXnobeacon
                0x000000000008269c                vTAMDEframeRX
                0x00000000000826c4                vTAMDEframeRXtrackingDR
                0x0000000000082707                vTAMDEframePreSyncReq
                0x000000000008271f                vTAMCOframeTXbeacon
                0x00000000000827e6                vTAMDEframeRXsyncReq
                0x0000000000082a35                vTAMDEint1FiredTrackingCAPgts
                0x0000000000082ae6                eWONTTxDone.17722
 .text          0x0000000000082b14      0xb73 C:\Users\makot\AppData\Local\Temp\cc7KEfoF.ltrans3.ltrans.o
                0x0000000000082c74                bTAM_AES_CCMstarPatch
                0x0000000000082db8                bTAM_AES_CCMstarPatch2006
                0x0000000000083097                bTATsendFrame
                0x00000000000830ea                vTrySendFromDirectCAP.20307
                0x0000000000083105                vTrySendFromDirectNoBeacon.20311
                0x0000000000083130                vTAMCOint1Fired
                0x000000000008324c                vTAMCOstartBeacon
                0x0000000000083287                vStartStoreValues.20375
                0x000000000008333e                vTAMCOint1FiredCAP
                0x00000000000833b1                vTAMCOreqTXnoBeacon
                0x00000000000833c3                vTAMCOreqTXinCAP
                0x00000000000833e9                vTrySendUnslotted.20852
                0x0000000000083403                bSendDataRequest.20854
                0x0000000000083515                bProcessBeaconRX.20857
                0x00000000000835e6                _MWX_periph_init()
 .text          0x0000000000083687      0xf51 C:\Users\makot\AppData\Local\Temp\cc7KEfoF.ltrans4.ltrans.o
                0x0000000000083687                ToCoNet_vInit
                0x00000000000839c4                vExpireHead.27277
                0x00000000000839f4                _ZN3mwx2L110twenet_mac8transmitERNS0_9packet_txE.local.53.constprop.306
                0x0000000000083bd5                _etoa.12475.constprop.323
                0x0000000000083f80                _vsnprintf.constprop.321
                0x0000000000084593                fctprintf
                0x00000000000845b5                _ZN3mwx2L111_printobj_2ImhE9_do_printEPvPFvcS3_ES3_.local.193
                0x00000000000845cc                MWX_DebugMsg.constprop.319
 .text.unlikely
                0x00000000000845d8        0xf C:\Users\makot\AppData\Local\Temp\cc7KEfoF.ltrans4.ltrans.o
                0x00000000000845d8                u32AppQApiInitInt_PATCH
 *fill*         0x00000000000845e7        0x1 00
 .text          0x00000000000845e8      0x9d4 C:\Users\makot\AppData\Local\Temp\cc7KEfoF.ltrans5.ltrans.o
                0x00000000000845e8                eTAMselect
                0x0000000000084728                MAC_pvCtor
                0x0000000000084b43                u32AppApiDefInit
                0x0000000000084bf8                _ToCoNet_vMacInit
                0x0000000000084c5e                _ToCoNet_vRfConfig
                0x0000000000084dae                mwx::L1::NwkSimple::on_create(unsigned long&)
                0x0000000000084e7d                _ZN3mwx2L123twenet_instance_manager3useINS0_9NwkSimpleEEERT_v.local.167.constprop.287
 .text          0x0000000000084fbc      0x9a0 C:\Users\makot\AppData\Local\Temp\cc7KEfoF.ltrans6.ltrans.o
                0x0000000000084fbc                _ZN3mwx2L114processev_crtpINS0_9NwkSimpleEE14vProcessEvCoreEP8_tsEvent7teEventm.local.198
                0x0000000000085061                vXCV_IntHandlerBbc
                0x0000000000085104                _ZN3mwx2L115periph_analogue5setupEbhPFvvE.isra.4.3097.constprop.275
                0x000000000008518a                bAHI_ReadMACID
                0x00000000000851d0                vMLMEbeaconNotify
                0x000000000008532e                vMCPSframeReceived
                0x00000000000853f1                XCV_vCtor.constprop.312
                0x0000000000085556                ToCoNet_u32GetRand
                0x00000000000855ab                vHnd_E_STATE_RUNNING.7969
                0x00000000000857a9                vTAMRXEsetPhy
                0x000000000008586c                vTAHsetPhyState
                0x000000000008589c                vTAMCOint2Fired
                0x00000000000858bc                vSetPHYfromMacValue.20850
                0x00000000000858ee                vTAMDEint1FiredWaitDR
                0x00000000000858fb                vTACsetPHYfromMacValue
                0x000000000008591c                vTAMRXEsetReceiveForPibChange
 .text.unlikely
                0x000000000008595c       0x79 C:\Users\makot\AppData\Local\Temp\cc7KEfoF.ltrans6.ltrans.o
                0x000000000008595c                Delay.28077.constprop.221
 *fill*         0x00000000000859d5        0x3 00
 .text          0x00000000000859d8      0xa90 C:\Users\makot\AppData\Local\Temp\cc7KEfoF.ltrans7.ltrans.o
                0x00000000000859d8                vPostDcfm.17712
                0x0000000000085aac                AppWarmStart
                0x0000000000085b87                vSetNextChannel.17760
                0x0000000000085be0                MAC_vHandleMlmeReqRsp
                0x0000000000086391                vTAMDEint1FiredTracking
                0x0000000000086401                vTAMDEint1FiredSyncReq
 .text          0x0000000000086468      0x5ec C:\Users\makot\AppData\Local\Temp\cc7KEfoF.ltrans8.ltrans.o
                0x0000000000086468                _ZN3mwx2L112appdefs_crtpINS0_9NwkSimpleEE9_on_eventEPvmRm.local.197
                0x00000000000864b1                vProcessEvCoreMac
                0x0000000000086518                AppColdStart
 .text.unlikely
                0x0000000000086a54      0x3b3 C:\Users\makot\AppData\Local\Temp\cc7KEfoF.ltrans8.ltrans.o
                0x0000000000086a54                ToCoNet_vStart
 .text          0x0000000000086e07      0x9e5 C:\Users\makot\AppData\Local\Temp\cc7KEfoF.ltrans9.ltrans.o
                0x0000000000086e52                vAHI_IntHandlerTickTimer
                0x0000000000086e99                SERIAL_bTxChar
                0x0000000000086f3b                TWETERM_vFlush.12260
                0x0000000000086fb2                vTACintRXheader
                0x00000000000877ad                eGenRxHdrDone.17719
                0x00000000000877bd                bStartCallback.20404
 .text          0x00000000000877ec      0x8b1 C:\Users\makot\AppData\Local\Temp\cc7KEfoF.ltrans10.ltrans.o
                0x00000000000877ec                SerCmdAscii_Output.11601
                0x000000000008788d                UART_vHandleUartInterrupt.10056
                0x0000000000087914                vAppQApiPostHwIntT.8617
                0x00000000000879e7                vRxChar.9953
                0x0000000000087a38                vXCV_IntHandlerPhy
                0x0000000000087aea                vScanHandleTimer.17325
                0x0000000000087aef                bAES_CCM_DecodeKey
                0x0000000000087bab                TWE_fprintf.constprop.318
                0x0000000000087be4                _ZN3mwx2L16twenetC1Ev.local.82
                0x0000000000087c9c                _Z41__static_initialization_and_destruction_0ii.part.26.3559
                0x0000000000087e67                SERIAL_i16RxChar
                0x0000000000087ec6                TWETERM_iGetC.12291
                0x0000000000087ee8                u8TAM_AES_WriteAuxilliarySecurityHeaderIntoBuffer
                0x0000000000087f5a                phy_ePibSet.part.1.19535
                0x0000000000087fa2                u32AHI_ReadIndexSectorBits.constprop.211
                0x0000000000088003                vTAIsetCapTime
                0x0000000000088024                vTAIsetRxEnableTime
                0x0000000000088045                vDoGoActive.24016
                0x0000000000088067                vTAMRXEint2Fired
 .text.unlikely
                0x000000000008809d      0x10d C:\Users\makot\AppData\Local\Temp\cc7KEfoF.ltrans10.ltrans.o
                0x000000000008809d                bStartXtal32k.28083
 .text          0x00000000000881aa      0x971 C:\Users\makot\AppData\Local\Temp\cc7KEfoF.ltrans11.ltrans.o
                0x00000000000881aa                bAES_CCM_EncodeKey
                0x0000000000088257                SERIAL_vTxReady
                0x000000000008835f                vHnd_E_STATE_FINISH_TX_FAIL.7938
                0x0000000000088415                vHnd_E_STATE_FINISH_TX_SUCCESS.7943
                0x00000000000884a7                _ZN3mwx2L110serial_jen5beginEmh.isra.17.part.18.3128.constprop.266
                0x000000000008871a                vTimerStart
                0x0000000000088833                cbAppColdStart.part.25.3554
                0x0000000000088ab7                MWX_Panic
 .text          0x0000000000088b1b      0xb39 C:\Users\makot\AppData\Local\Temp\cc7KEfoF.ltrans12.ltrans.o
                0x0000000000088b1b                TSV_eStart
                0x0000000000088bff                vTAMDEstartSync
                0x0000000000088c7d                vDeterminePowerState.20974
                0x0000000000088d00                vTAMDEint1FiredTrackingBeacon
                0x0000000000088da0                vTAMDEint2FiredTrackingDR
                0x0000000000088dc5                vTAMDEframeTXtrackingDR
                0x0000000000088e1e                vTAMDEint2FiredPollActive
                0x0000000000088e52                vTAMDEreqTXnullTrackingCAP
                0x0000000000088e6b                vTAM_TxRetryTimer
                0x0000000000088e78                eTAStransmitRequest
                0x0000000000089213                vPMICassocReqTO_1.16149
                0x000000000008929b                vTAM_MCPSdataRequest
                0x00000000000892de                bTACcheckPANconflict
                0x0000000000089397                TSV_eOpen
                0x000000000008939f                vAppApiDefRestoreMacSettings
                0x0000000000089470                vAppApiDefSaveMacSettings
                0x00000000000894cd                mac_vLPBSleep
                0x00000000000895a0                pvAppApiDefGetMacAddrLocation
                0x00000000000895a9                eAppApiDefPlmeGet
                0x00000000000895fb                eAppApiDefPlmeSet
 .text          0x0000000000089654      0xdb8 C:\Users\makot\AppData\Local\Temp\cc7KEfoF.ltrans13.ltrans.o
                0x000000000008984c                vProcessEvCoreTx.7930
                0x00000000000898cb                _ftoa.12455.constprop.325
                0x0000000000089c24                _ntoa_long_long.12429.constprop.322
                0x0000000000089cf9                _ntoa_long.12417.constprop.327
                0x0000000000089dc6                vMicroIntEnableOnly.constprop.315
                0x0000000000089df2                QUEUE__u8RemoveItem
                0x0000000000089e4c                QUEUE__vAddItem.constprop.307
                0x0000000000089e7e                _ToCoNet_bRfChChannel
                0x0000000000089f15                ToCoNet_ChMgr_bCh_Reconfig
                0x0000000000089f7d                ToCoNet_ChMgr_vCh_TxFin
                0x0000000000089fa9                vHnd_E_STATE_WAIT_TX.7961
                0x000000000008a019                vHnd_E_STATE_IDLE.7953
                0x000000000008a06e                vAHI_ProtocolPower.constprop.314
                0x000000000008a07c                _ZN3mwx2L16twenet5beginEv.local.109.constprop.279
                0x000000000008a0c1                vAHI_TimerEnable.part.1.28274.constprop.254
                0x000000000008a12c                _ZN3mwx2L115periph_analogue10_adc_startEv.local.62.constprop.246
                0x000000000008a215                u8HwEventHandler.7288
                0x000000000008a2ba                mwx::L1::periph_analogue::ADC_handler(unsigned long, unsigned long)
                0x000000000008a301                bAHI_SetClockRate
 .text.unlikely
                0x000000000008a40c       0x45 C:\Users\makot\AppData\Local\Temp\cc7KEfoF.ltrans13.ltrans.o
                0x000000000008a40c                vAHI_MemoryHold.28173
 .text          0x000000000008a451      0x96e C:\Users\makot\AppData\Local\Temp\cc7KEfoF.ltrans14.ltrans.o
                0x000000000008a451                mac_vLPBStartTimer
                0x000000000008a77c                vTimerCallback.28059
                0x000000000008a7f2                vPollClkSource.28067.constprop.216
                0x000000000008a807                pvHeap_Alloc
                0x000000000008a809                operator new(unsigned long)
                0x000000000008a82c                u32AHI_Init
                0x000000000008a8ee                vMicroIntRestoreState
                0x000000000008a8fa                u8AHI_WakeTimerFiredStatus
                0x000000000008a90e                vAHI_WakeTimerStop.part.3.28739
                0x000000000008a92e                mac_vLPBStopTimer
                0x000000000008a938                vAHI_UartSetRTSCTS.part.15.28520
                0x000000000008a95f                vAHI_UartReset.part.4.28493
                0x000000000008a997                vAHI_UartSetControl.part.2.28477
                0x000000000008a9e8                vAHI_UartSetBaudDivisor.part.1.28473
                0x000000000008aa27                vAHI_WatchdogStop
                0x000000000008aa3e                vAHI_CpuDoze
                0x000000000008aa51                _ZN3mwx2L120periph_pulse_counter10_on_wakeupEv.part.11.3114
                0x000000000008aac7                vAHI_DioSetDirection
                0x000000000008aadb                vACI_OptimisedCcmStar
                0x000000000008acf3                bAES_CCMstar
 .text.unlikely
                0x000000000008adbf       0x11 C:\Users\makot\AppData\Local\Temp\cc7KEfoF.ltrans14.ltrans.o
                0x000000000008adbf                vStartXtal32kExternalRc.28073
 .text          0x000000000008add0      0x8bc C:\Users\makot\AppData\Local\Temp\cc7KEfoF.ltrans15.ltrans.o
                0x000000000008add0                mac_vLPBAdjustBeaconOffset
                0x000000000008ae2d                mac_u32LPBGetBeaconTimeout
                0x000000000008ae36                eWEnDTmrExpiry.17709
                0x000000000008ae41                eWEnDEdDone.17706
                0x000000000008ae9c                eGenlDontCare.17703
                0x000000000008aea1                eGenlIllegal.17328
                0x000000000008aea8                u32GetTimer0
                0x000000000008aeaf                vSetTimer0
                0x000000000008aebe                _out_fct.12381
                0x000000000008aed0                _out_null.12387
                0x000000000008aed3                SerCmdBinary_Output.11667
                0x000000000008af3c                SerCmdBinary_u8Parse.11620
                0x000000000008b044                SerCmdAscii_u8Parse.11552
                0x000000000008b1ad                vOutputStream.11533
                0x000000000008b1b9                vHandlerPatch.9928
                0x000000000008b1f0                _ZN3mwx2L112appdefs_crtpINS0_9NwkSimpleEE18_cbTweNet_vHwEventEPvmm.local.195
                0x000000000008b1f3                _ZN3mwx2L112appdefs_crtpINS0_9NwkSimpleEE17_cbTweNet_u8HwIntEPvmm.local.194
                0x000000000008b1f8                _ZN3mwx2L112appdefs_crtpINS0_9NwkSimpleEE18_cbTweNet_vTxEventEPvRNS0_12packet_ev_txE.local.199
                0x000000000008b212                _ZN3mwx2L112appdefs_crtpINS0_9NwkSimpleEE19_cbTweNet_vNwkEventEPvRNS0_13packet_ev_nwkE.local.200
                0x000000000008b223                _ZN3mwx2L112appdefs_crtpINS0_9NwkSimpleEE15_cbTweNet_vMainEPv.local.201
                0x000000000008b226                _ZN3mwx2L110serial_jen7vOutputEcPv.local.202
                0x000000000008b232                vTAMCOsetCoordinator
                0x000000000008b258                vPhySetChannel
                0x000000000008b271                eScanHandleEvt.part.0.17739
                0x000000000008b29a                mac_eDcfmIndPost
                0x000000000008b2bb                mac_psDcfmIndGetBuf
                0x000000000008b2dc                vPMICpostFailedAssocDcfm
                0x000000000008b314                vPMICassocReqTO_2.16156
                0x000000000008b32b                MAC_vPibSetPanId
                0x000000000008b346                vHandleTofRequest.14262
                0x000000000008b349                vAppApiDefSetPrbsSeed
                0x000000000008b36d                u8CCITT8
                0x000000000008b393                Mac_vInit
                0x000000000008b3df                bAES_CCM_KeyReg
                0x000000000008b41e                bFifoPush.8638
                0x000000000008b457                vAppQApiPostMlme.8624
                0x000000000008b476                vAppQApiPostMcps.8631
                0x000000000008b491                pvFifoPull.8635
                0x000000000008b4b8                psAppQApiGetMlmeBuffer.8621
                0x000000000008b4c0                psAppQApiGetMcpsBuffer.8628
                0x000000000008b4c8                PRSEV_vSetState
                0x000000000008b4d8                PRSEV_vProcessEv_core.7078
                0x000000000008b57a                PRSEV_vProcessEvPost
                0x000000000008b5ac                _PRSEV_vProcessEvSingle
                0x000000000008b5b9                ToCoNet_vMacStart
                0x000000000008b5c6                mwx::L1::duplciate_checker::_node_ele_init(mwx::L1::duplciate_checker::_node_ele*)
                0x000000000008b5e4                _ZN3mwx2L17smplbufIhNS0_12alloc_attachIhEEE9push_backERKh.local.51
                0x000000000008b601                _ZN3mwx2L113serial_parserINS0_10alloc_heapIhEEEC1Ev.local.71
                0x000000000008b638                _ZN3mwx2L112appdefs_virt8on_eventEmRm.local.125
                0x000000000008b64a                _ZN3mwx2L112appdefs_virt18cbToCoNet_vTxEventERNS0_12packet_ev_txE.local.128
                0x000000000008b65c                _ZN3mwx2L112appdefs_virt19cbToCoNet_vNwkEventERNS0_13packet_ev_nwkE.local.130
                0x000000000008b66e                _ZN3mwx2L112appdefs_virt5setupEv.local.132
 .text.unlikely
                0x000000000008b68c       0x5f C:\Users\makot\AppData\Local\Temp\cc7KEfoF.ltrans15.ltrans.o
                0x000000000008b68c                PRSEV_u8Register
                0x000000000008b6ca                _PRSEV_vProcessEvSingleH
                0x000000000008b6d9                _ZN3mwx2L112appdefs_virt18cbToCoNet_vRxEventERNS0_9packet_rxE.local.129
 .text          0x000000000008b6eb      0x717 C:\Users\makot\AppData\Local\Temp\cc7KEfoF.ltrans16.ltrans.o
                0x000000000008b6eb                _ZN3mwx2L112appdefs_crtpINS0_9NwkSimpleEE18_cbTweNet_vRxEventEPvRNS0_9packet_rxE.local.196
                0x000000000008bbfd                cbAppWarmStart.part.23.3395
 .text          0x000000000008be02      0x53b C:\Users\makot\AppData\Local\Temp\cc7KEfoF.ltrans17.ltrans.o
                0x000000000008be02                vAppApiDefMcpsRequest
                0x000000000008be2d                vHnd_E_STATE_PREPARE_TX.7948
                0x000000000008c309                vAppApiDefMlmeRequest
                0x000000000008c334                pvAppApiDefGetMacHandle
 *fill*         0x000000000008c33d        0x3 00
 .text.unlikely
                0x000000000008c340      0x318 C:\Users\makot\AppData\Local\Temp\cc7KEfoF.ltrans17.ltrans.o
                0x000000000008c35d                vProcessIncomingHwEvent.7457
 .text          0x000000000008c658      0x784 C:\Users\makot\AppData\Local\Temp\cc7KEfoF.ltrans18.ltrans.o
                0x000000000008c658                eGenTmrExpiry.18021
                0x000000000008c69a                eWEDTEdDone.18024
                0x000000000008c6be                TSV_eStop
                0x000000000008c77d                bPMICdisassocReqSent.16145
                0x000000000008c837                MAC_vHandleMcpsReqRsp
                0x000000000008c8c4                bMCPSframeTXcomplete.18756
                0x000000000008c919                bSendSyncLoss.22987
                0x000000000008c931                bPollReqSent.26583
                0x000000000008c949                bTASsendCommStatusInd
                0x000000000008c95e                bAssocRespSent.16141
                0x000000000008c971                eTACprocessFrameTXcomplete
                0x000000000008caed                vTAMCOframeTXnobeacon
                0x000000000008cb03                vTAMCOframeStarting
                0x000000000008cb1d                vTAMDEframeTXDEnull
                0x000000000008cb40                vTAMDEframeTXtrackingCAPgts
                0x000000000008cb6c                bPMICassocReqSent.16137
                0x000000000008cbee                bPMICassocReqPollSent.16152
                0x000000000008cc42                eWChCChanChgd.17736
 .text          0x000000000008cddc      0x2a4 C:\Users\makot\AppData\Local\Temp\cc7KEfoF.ltrans19.ltrans.o
                0x000000000008cdf0                _ZN3mwx2L113serial_parserINS0_10alloc_heapIhEEE4putcINS0_10serial_jenEEEiiP15_tsTWETERM_FILE.local.163
                0x000000000008ce04                TWETERM_iPutS.12283
                0x000000000008ce29                TWETERM_iPutC.12287
                0x000000000008ce3a                vTimerConfig
                0x000000000008d007                _ZN3mwx2L112periph_timer10_on_wakeupEv.local.123
                0x000000000008d03f                _ZN3mwx2L16streamINS0_10serial_jenEElsERNS0_18MWX_Stream_EndLineE.isra.30.2165
                0x000000000008d05b                _ZN3mwx2L16streamINS0_10serial_jenEE6_printEPKc.local.165
 .text.unlikely
                0x000000000008d080      0x19f C:\Users\makot\AppData\Local\Temp\cc7KEfoF.ltrans19.ltrans.o
                0x000000000008d080                _Z4loopv.part.37.2527
 .text          0x000000000008d21f      0x112 C:\Users\makot\AppData\Local\Temp\cc7KEfoF.ltrans20.ltrans.o
                0x000000000008d21f                setup()
 .text          0x000000000008d331       0x25 c:/users/makot/downloads/mwstage-2020-04_win10/mwstage/mwsdk/tools/ba-elf-ba2-r36379.w10/bin/../lib/gcc/ba-elf/4.7.4/../../../../ba-elf/lib/mcpu_jn51xx_sizeopt\libc.a(lib_a-memcmp.o)
                0x000000000008d331                memcmp
 .text          0x000000000008d356       0x19 c:/users/makot/downloads/mwstage-2020-04_win10/mwstage/mwsdk/tools/ba-elf-ba2-r36379.w10/bin/../lib/gcc/ba-elf/4.7.4/../../../../ba-elf/lib/mcpu_jn51xx_sizeopt\libc.a(lib_a-memcpy.o)
 *fill*         0x000000000008d36f        0x1 00
 .text          0x000000000008d370      0x204 c:/users/makot/downloads/mwstage-2020-04_win10/mwstage/mwsdk/tools/ba-elf-ba2-r36379.w10/bin/../lib/gcc/ba-elf/4.7.4/mcpu_jn51xx_sizeopt\libgcc.a(__udivsi3.o)
                0x000000000008d370                __udivsi3
 .text          0x000000000008d574       0x30 c:/users/makot/downloads/mwstage-2020-04_win10/mwstage/mwsdk/tools/ba-elf-ba2-r36379.w10/bin/../lib/gcc/ba-elf/4.7.4/mcpu_jn51xx_sizeopt\libgcc.a(__divsi3.o)
                0x000000000008d574                __divsi3
 .text          0x000000000008d5a4      0x1b0 c:/users/makot/downloads/mwstage-2020-04_win10/mwstage/mwsdk/tools/ba-elf-ba2-r36379.w10/bin/../lib/gcc/ba-elf/4.7.4/mcpu_jn51xx_sizeopt\libgcc.a(__umodsi3.o)
                0x000000000008d5a4                __umodsi3
 .text          0x000000000008d754       0x24 c:/users/makot/downloads/mwstage-2020-04_win10/mwstage/mwsdk/tools/ba-elf-ba2-r36379.w10/bin/../lib/gcc/ba-elf/4.7.4/mcpu_jn51xx_sizeopt\libgcc.a(__modsi3.o)
                0x000000000008d754                __modsi3
 .text          0x000000000008d778       0x39 c:/users/makot/downloads/mwstage-2020-04_win10/mwstage/mwsdk/tools/ba-elf-ba2-r36379.w10/bin/../lib/gcc/ba-elf/4.7.4/mcpu_jn51xx_sizeopt\libgcc.a(_fixunsdfsi.o)
                0x000000000008d778                __fixunsdfsi
 .text          0x000000000008d7b1      0x350 c:/users/makot/downloads/mwstage-2020-04_win10/mwstage/mwsdk/tools/ba-elf-ba2-r36379.w10/bin/../lib/gcc/ba-elf/4.7.4/mcpu_jn51xx_sizeopt\libgcc.a(_udivdi3.o)
                0x000000000008d7b1                __udivdi3
 .text          0x000000000008db01      0x312 c:/users/makot/downloads/mwstage-2020-04_win10/mwstage/mwsdk/tools/ba-elf-ba2-r36379.w10/bin/../lib/gcc/ba-elf/4.7.4/mcpu_jn51xx_sizeopt\libgcc.a(_umoddi3.o)
                0x000000000008db01                __umoddi3
 .text          0x000000000008de13      0x682 c:/users/makot/downloads/mwstage-2020-04_win10/mwstage/mwsdk/tools/ba-elf-ba2-r36379.w10/bin/../lib/gcc/ba-elf/4.7.4/mcpu_jn51xx_sizeopt\libgcc.a(adddf3.o)
                0x000000000008de13                __adddf3
 *fill*         0x000000000008e495        0x3 00
 .text          0x000000000008e498      0x5c8 c:/users/makot/downloads/mwstage-2020-04_win10/mwstage/mwsdk/tools/ba-elf-ba2-r36379.w10/bin/../lib/gcc/ba-elf/4.7.4/mcpu_jn51xx_sizeopt\libgcc.a(divdf3.o)
                0x000000000008e498                __divdf3
 .text          0x000000000008ea60       0x7f c:/users/makot/downloads/mwstage-2020-04_win10/mwstage/mwsdk/tools/ba-elf-ba2-r36379.w10/bin/../lib/gcc/ba-elf/4.7.4/mcpu_jn51xx_sizeopt\libgcc.a(eqdf2.o)
                0x000000000008ea60                __nedf2
                0x000000000008ea60                __eqdf2
 .text          0x000000000008eadf       0xca c:/users/makot/downloads/mwstage-2020-04_win10/mwstage/mwsdk/tools/ba-elf-ba2-r36379.w10/bin/../lib/gcc/ba-elf/4.7.4/mcpu_jn51xx_sizeopt\libgcc.a(gedf2.o)
                0x000000000008eadf                __gedf2
                0x000000000008eadf                __gtdf2
 .text          0x000000000008eba9       0xcb c:/users/makot/downloads/mwstage-2020-04_win10/mwstage/mwsdk/tools/ba-elf-ba2-r36379.w10/bin/../lib/gcc/ba-elf/4.7.4/mcpu_jn51xx_sizeopt\libgcc.a(ledf2.o)
                0x000000000008eba9                __ledf2
                0x000000000008eba9                __ltdf2
 .text          0x000000000008ec74      0x488 c:/users/makot/downloads/mwstage-2020-04_win10/mwstage/mwsdk/tools/ba-elf-ba2-r36379.w10/bin/../lib/gcc/ba-elf/4.7.4/mcpu_jn51xx_sizeopt\libgcc.a(muldf3.o)
                0x000000000008ec74                __muldf3
 .text          0x000000000008f0fc      0x693 c:/users/makot/downloads/mwstage-2020-04_win10/mwstage/mwsdk/tools/ba-elf-ba2-r36379.w10/bin/../lib/gcc/ba-elf/4.7.4/mcpu_jn51xx_sizeopt\libgcc.a(subdf3.o)
                0x000000000008f0fc                __subdf3
 .text          0x000000000008f78f       0x64 c:/users/makot/downloads/mwstage-2020-04_win10/mwstage/mwsdk/tools/ba-elf-ba2-r36379.w10/bin/../lib/gcc/ba-elf/4.7.4/mcpu_jn51xx_sizeopt\libgcc.a(fixdfsi.o)
                0x000000000008f78f                __fixdfsi
 .text          0x000000000008f7f3       0x61 c:/users/makot/downloads/mwstage-2020-04_win10/mwstage/mwsdk/tools/ba-elf-ba2-r36379.w10/bin/../lib/gcc/ba-elf/4.7.4/mcpu_jn51xx_sizeopt\libgcc.a(floatsidf.o)
                0x000000000008f7f3                __floatsidf
 .text          0x000000000008f854       0x4f c:/users/makot/downloads/mwstage-2020-04_win10/mwstage/mwsdk/tools/ba-elf-ba2-r36379.w10/bin/../lib/gcc/ba-elf/4.7.4/mcpu_jn51xx_sizeopt\libgcc.a(floatunsidf.o)
                0x000000000008f854                __floatunsidf
 .text          0x000000000008f8a3       0x27 C:/Users/makot/Downloads/MWSTAGE-2020-04_win10/MWSTAGE/MWSDK/ChipLib/SW4063V1416/Components/Library\libHardwareApi_JN516x.a(AHI_Interrupt.o)
                0x000000000008f8a3                vAHI_InterruptSetPriority
                0x000000000008f8c1                vAHI_InterruptSetActivePriorityLevel
 .text.vMicroSyscall
                0x000000000008f8ca       0x17 C:/Users/makot/Downloads/MWSTAGE-2020-04_win10/MWSTAGE/MWSDK/ChipLib/SW4063V1416/Components/Library\libMicroSpecific_JN516x.a(MicroSyscall_ba.o)
                0x000000000008f8ca                vMicroSyscall
 .text          0x000000000008f8e1       0x12 c:/users/makot/downloads/mwstage-2020-04_win10/mwstage/mwsdk/tools/ba-elf-ba2-r36379.w10/bin/../lib/gcc/ba-elf/4.7.4/../../../../ba-elf/lib/mcpu_jn51xx_sizeopt\libc.a(lib_a-memset.o)
                0x000000000008f8e1                memset
 .text          0x000000000008f8f3       0x38 c:/users/makot/downloads/mwstage-2020-04_win10/mwstage/mwsdk/tools/ba-elf-ba2-r36379.w10/bin/../lib/gcc/ba-elf/4.7.4/../../../../ba-elf/lib/mcpu_jn51xx_sizeopt\libc.a(lib_a-strncmp.o)
                0x000000000008f8f3                strncmp
                0x000000000008f92b                _flash_end = ABSOLUTE (.)

.rela.dyn       0x000000000008f92c        0x0
 .rela.text     0x0000000000000000        0x0 C:\Users\makot\AppData\Local\Temp\cc7KEfoF.ltrans0.ltrans.o
 .rela.rodata   0x0000000000000000        0x0 C:\Users\makot\AppData\Local\Temp\cc7KEfoF.ltrans0.ltrans.o
 .rela.text.unlikely
                0x0000000000000000        0x0 C:\Users\makot\AppData\Local\Temp\cc7KEfoF.ltrans0.ltrans.o
 .rela.data     0x0000000000000000        0x0 C:\Users\makot\AppData\Local\Temp\cc7KEfoF.ltrans0.ltrans.o
                0x000000000400004c                . = ORIGIN (ram)

.data           0x000000000400004c       0x14 load address 0x000000000008f92c
                0x000000000400004c                _ram_data_start = ABSOLUTE (.)
 *(.data*)
 .data          0x000000000400004c        0x1 C:\Users\makot\AppData\Local\Temp\cc7KEfoF.ltrans5.ltrans.o
 .data.initinboot
                0x000000000400004d        0x1 C:\Users\makot\AppData\Local\Temp\cc7KEfoF.ltrans5.ltrans.o
                0x000000000400004d                gMAC_u8MaxBuffers
 *fill*         0x000000000400004e        0x2 00
 .data.initinboot
                0x0000000004000050        0x8 C:\Users\makot\AppData\Local\Temp\cc7KEfoF.ltrans6.ltrans.o
 .data          0x0000000004000058        0x4 C:\Users\makot\AppData\Local\Temp\cc7KEfoF.ltrans14.ltrans.o
                0x0000000004000058                u32HeapStart
 .data          0x000000000400005c        0x1 C:\Users\makot\AppData\Local\Temp\cc7KEfoF.ltrans17.ltrans.o
                0x000000000400005c                u8TxWkrNow.8072
 *(.data.*)
                0x0000000004000060                . = ALIGN (0x4)
 *fill*         0x000000000400005d        0x3 00
                0x0000000004000060                _ram_data_end = ABSOLUTE (.)

.bss            0x0000000004000060     0x1624 load address 0x000000000008f940
                0x0000000004000060                _bss_start = ABSOLUTE (.)
 *(.bss*)
 .bss           0x0000000004000060      0x128 C:\Users\makot\AppData\Local\Temp\cc7KEfoF.ltrans0.ltrans.o
                0x0000000004000060                sMcpsIndQueue.8856
                0x0000000004000070                bRxQueue_Init.9799
                0x0000000004000071                u8AppId_Pkt_head.9801
                0x0000000004000074                u32AppId.9797
                0x0000000004000078                sMcpsIndBufferQueue.8854
                0x0000000004000088                sMlmeIndQueue.8857
                0x0000000004000098                sMlmeIndBufferQueue.8855
                0x00000000040000a8                sHwIndQueue.8858
                0x00000000040000b8                sHwIndBufferQueue.8859
                0x00000000040000c8                _u32_INT_adc_comp
                0x00000000040000cc                _u32_INT_ticktimer
                0x00000000040000d0                the_vhw
                0x00000000040000f0                the_vapp
                0x0000000004000110                the_vnet
                0x0000000004000130                the_mac
                0x0000000004000140                asSerialPorts
                0x0000000004000178                _periph_availmap
 .bss           0x0000000004000188        0x8 C:\Users\makot\AppData\Local\Temp\cc7KEfoF.ltrans1.ltrans.o
 .bss           0x0000000004000190       0x40 C:\Users\makot\AppData\Local\Temp\cc7KEfoF.ltrans2.ltrans.o
                0x0000000004000190                g_sLP
                0x00000000040001cc                g_pvMac
 .bss.initinboot
                0x00000000040001d0      0x1c0 C:\Users\makot\AppData\Local\Temp\cc7KEfoF.ltrans2.ltrans.o
                0x00000000040001d0                g_sMac
 .bss           0x0000000004000390        0xc C:\Users\makot\AppData\Local\Temp\cc7KEfoF.ltrans3.ltrans.o
                0x0000000004000390                _psSerial
 .bss.dontinitinboot
                0x000000000400039c        0x1 C:\Users\makot\AppData\Local\Temp\cc7KEfoF.ltrans3.ltrans.o
 *fill*         0x000000000400039d        0x3 00
 .bss           0x00000000040003a0      0x728 C:\Users\makot\AppData\Local\Temp\cc7KEfoF.ltrans4.ltrans.o
                0x00000000040003a0                pvPostFunc.7159
                0x00000000040003a4                u32PostArg.7158
                0x00000000040003a8                evPost.7157
                0x00000000040003ac                prSpiAppCallback.28047
                0x00000000040003b0                prSiAppCallback.29260
                0x00000000040003b4                prAppMcpsCallback.8860
                0x00000000040003b8                prAppMlmeCallback.8861
 .bss.initinboot
                0x0000000004000ac8        0x4 C:\Users\makot\AppData\Local\Temp\cc7KEfoF.ltrans4.ltrans.o
                0x0000000004000ac8                prSysCtrlAppCallback.28250
 .bss           0x0000000004000acc       0x20 C:\Users\makot\AppData\Local\Temp\cc7KEfoF.ltrans5.ltrans.o
                0x0000000004000acc                g_sXcv
                0x0000000004000ad0                prMcpsRequest.13149
                0x0000000004000ad4                prMlmeRequest.13148
                0x0000000004000ad8                prOriginalHandler.9932
 .bss.initinboot
                0x0000000004000aec        0x8 C:\Users\makot\AppData\Local\Temp\cc7KEfoF.ltrans5.ltrans.o
                0x0000000004000aec                g_u32MacAddrLocation
                0x0000000004000af0                prvUserTxStartedCallback
 .bss           0x0000000004000af4       0x24 C:\Users\makot\AppData\Local\Temp\cc7KEfoF.ltrans6.ltrans.o
                0x0000000004000af4                bTxEventQueued.23882
                0x0000000004000af5                u8TxEventStatus.23883
                0x0000000004000af6                TxWorker_u8Num.8029
                0x0000000004000af7                gbTimeOutFlag.28246
                0x0000000004000af8                sAppHousekeeping
                0x0000000004000b10                prApAppCallback.27813
                0x0000000004000b14                bIntEnableFlag.27810
 .bss.dontinitinboot
                0x0000000004000b18        0x8 C:\Users\makot\AppData\Local\Temp\cc7KEfoF.ltrans6.ltrans.o
 .bss           0x0000000004000b20       0x88 C:\Users\makot\AppData\Local\Temp\cc7KEfoF.ltrans7.ltrans.o
                0x0000000004000b20                _ZL5_vcbs.3679
                0x0000000004000b2c                sToCoNet_AppContext
                0x0000000004000b48                sToCoNet_Context
                0x0000000004000b90                sAssocSecurity.16766
                0x0000000004000b9c                g_bJenieBackwardsCompatibilityMode
 .bss           0x0000000004000ba8      0x284 C:\Users\makot\AppData\Local\Temp\cc7KEfoF.ltrans8.ltrans.o
                0x0000000004000ba8                psRxQueueList.9798
                0x0000000004000bbc                asEventHandler.7145
                0x0000000004000c5c                sEvVars
                0x0000000004000c78                u32TickCount_ms
                0x0000000004000c7c                au8Txdatabuff_idx_sTxQueue
                0x0000000004000c80                u8TxBuffSiz_sTxQueue
                0x0000000004000c84                sTxdatabuff_sTxQueue
                0x0000000004000c88                sTxQueue
                0x0000000004000ca4                au8Rxdatabuff_idx_sRxQueue
                0x0000000004000ca8                u8RxBuffSiz_sRxQueue
                0x0000000004000cac                sRxdatabuff_sRxQueue
                0x0000000004000cb0                sRxQueue
                0x0000000004000ccc                au8Rxdatabuff_idx_sRxQueueCmd
                0x0000000004000cd0                u8RxBuffSiz_sRxQueueCmd
                0x0000000004000cd4                sRxdatabuff_sRxQueueCmd
                0x0000000004000cd8                sRxQueueCmd.7596
                0x0000000004000cf4                sContext.9922
                0x0000000004000d20                the_twelite
                0x0000000004000dc0                sToCoNet_Modules
 .bss           0x0000000004000e2c       0x2c C:\Users\makot\AppData\Local\Temp\cc7KEfoF.ltrans9.ltrans.o
                0x0000000004000e2c                asUARTS.10098
 .bss           0x0000000004000e58        0x4 C:\Users\makot\AppData\Local\Temp\cc7KEfoF.ltrans10.ltrans.o
                0x0000000004000e58                prAppHwCallback.8862
 .bss           0x0000000004000e5c      0x66c C:\Users\makot\AppData\Local\Temp\cc7KEfoF.ltrans11.ltrans.o
                0x0000000004000e5c                SPI
                0x0000000004000e60                prUart1AppCallback.28714
                0x0000000004000e64                prUart0AppCallback.28713
                0x0000000004000e68                sOpt.10105
 .bss           0x00000000040014c8       0x1c C:\Users\makot\AppData\Local\Temp\cc7KEfoF.ltrans12.ltrans.o
 .bss.initinboot
                0x00000000040014e4        0x1 C:\Users\makot\AppData\Local\Temp\cc7KEfoF.ltrans12.ltrans.o
 .bss           0x00000000040014e5        0x5 C:\Users\makot\AppData\Local\Temp\cc7KEfoF.ltrans13.ltrans.o
 *fill*         0x00000000040014ea        0x2 00
 .bss           0x00000000040014ec        0x4 C:\Users\makot\AppData\Local\Temp\cc7KEfoF.ltrans14.ltrans.o
 .bss.dontinitinboot
                0x00000000040014f0        0x4 C:\Users\makot\AppData\Local\Temp\cc7KEfoF.ltrans14.ltrans.o
 .bss           0x00000000040014f4       0x8c C:\Users\makot\AppData\Local\Temp\cc7KEfoF.ltrans16.ltrans.o
                0x00000000040014f4                Timer4
                0x00000000040014fc                Timer3
                0x0000000004001504                Timer2
                0x000000000400150c                Timer1
                0x0000000004001514                Timer0
                0x000000000400151c                Analogue
                0x0000000004001534                Wire
                0x0000000004001564                Serial1
 .bss           0x0000000004001580       0x24 C:\Users\makot\AppData\Local\Temp\cc7KEfoF.ltrans17.ltrans.o
                0x0000000004001580                Buttons
                0x0000000004001588                PulseCounter1
                0x000000000400158c                PulseCounter0
                0x0000000004001590                sCh_Context.8494
                0x0000000004001594                u32MyAddr.9800
                0x0000000004001598                asTx.8028
 .bss           0x00000000040015a4       0x14 C:\Users\makot\AppData\Local\Temp\cc7KEfoF.ltrans18.ltrans.o
                0x00000000040015a4                s_sTimerList
                0x00000000040015b4                u8AssocResponsesInProgress.16765
 .bss           0x00000000040015b8       0x24 C:\Users\makot\AppData\Local\Temp\cc7KEfoF.ltrans19.ltrans.o
                0x00000000040015b8                apfTimerAppCallback.28459
                0x00000000040015cc                prTickTimeAppCallback
                0x00000000040015d0                au16TimerSettings.28408
 .bss           0x00000000040015dc       0x68 C:\Users\makot\AppData\Local\Temp\cc7KEfoF.ltrans20.ltrans.o
                0x00000000040015dc                Serial
                0x00000000040015f8                SerialParser
 .bss.dontinitinboot
                0x0000000004001644       0x40 C:/Users/makot/Downloads/MWSTAGE-2020-04_win10/MWSTAGE/MWSDK/ChipLib/SW4063V1416/Components/Library\libBoot_JN516x.a(ExceptionHandler.o)
                0x0000000004001644                isr_handlers
 *(.bss.*)
 *(.scommon*)
 *(.scommon.*)
 *(COMMON)
                0x0000000004001684                . = ALIGN (0x4)
                0x0000000004001684                _bss_end = ABSOLUTE (.)

.heap           0x0000000004001684     0x1000 load address 0x0000000000090f64
                0x0000000004001684                _heap_start = ABSOLUTE (.)
                0x0000000004002684                . = (. + _minimum_heap_size)
 *fill*         0x0000000004001684     0x1000 00

.stack          0x0000000004007400      0xc00 load address 0x0000000000096ce0
                0x0000000004007400                _heap_end = ABSOLUTE (.)
                0x0000000004007400                _stack_low_water_mark = ABSOLUTE (.)
                0x0000000004008000                . = (. + _stack_size)
 *fill*         0x0000000004007400      0xc00 00

.test           0x000000000008f940        0x1
                0x000000000008f940        0x1 BYTE 0xff
                0x000000000008f92c                _flash_data_start = LOADADDR (.data)
                0x0000000000000014                _ram_data_len = (((_ram_data_end - _ram_data_start) + 0x3) & 0xfffffffffffffffc)
                0x0000000000001624                _bss_len = (((_bss_end - _bss_start) + 0x3) & 0xfffffffffffffffc)
                0x000000000000f940                _image_len = ((((_flash_end - _flash_start) + _ram_data_len) + 0x3) & 0xfffffffffffffffc)
                0x0000000004008000                _ram_top = (ABSOLUTE (ORIGIN (ram)) + 0x7fb4)
                0x0000000004008000                ram_top = (ABSOLUTE (ORIGIN (ram)) + 0x7fb4)
                0x0000000001001580                _app_ram_start = 0x1001580
                0x0000000004000058                PROVIDE (_heap_location, u32HeapStart)
                0x0000000004000058                PROVIDE (heap_location, u32HeapStart)
                0x0000000000089397                TSV_eOpenVector = TSV_eOpen
                0x0000000000088b1b                TSV_eStartVector = TSV_eStart
                0x000000000008c6be                TSV_eStopVector = TSV_eStop
                0x000000000008c334                pvAppApiGetMacHandle = pvAppApiDefGetMacHandle
                0x0000000000084b43                u32AppApiInit = u32AppApiDefInit
                0x000000000008c309                vAppApiMlmeRequest = vAppApiDefMlmeRequest
                0x000000000008be02                vAppApiMcpsRequest = vAppApiDefMcpsRequest
                0x00000000000895fb                eAppApiPlmeSet = eAppApiDefPlmeSet
                0x00000000000895a9                eAppApiPlmeGet = eAppApiDefPlmeGet
                0x00000000000895a0                pvAppApiGetMacAddrLocation = pvAppApiDefGetMacAddrLocation
                0x0000000000089470                vAppApiSaveMacSettings = vAppApiDefSaveMacSettings
                0x000000000008939f                vAppApiRestoreMacSettings = vAppApiDefRestoreMacSettings
OUTPUT(objs_BLUE/WirelessUart_BLUE_L1300_V0-1-0.elf elf32-ba)

.comment        0x0000000000000000       0x11
 .comment       0x0000000000000000       0x12 C:\Users\makot\AppData\Local\Temp\cc7KEfoF.ltrans0.ltrans.o
 .comment       0x0000000000000000       0x12 C:\Users\makot\AppData\Local\Temp\cc7KEfoF.ltrans1.ltrans.o
 .comment       0x0000000000000000       0x12 C:\Users\makot\AppData\Local\Temp\cc7KEfoF.ltrans2.ltrans.o
 .comment       0x0000000000000000       0x12 C:\Users\makot\AppData\Local\Temp\cc7KEfoF.ltrans3.ltrans.o
 .comment       0x0000000000000000       0x12 C:\Users\makot\AppData\Local\Temp\cc7KEfoF.ltrans4.ltrans.o
 .comment       0x0000000000000000       0x12 C:\Users\makot\AppData\Local\Temp\cc7KEfoF.ltrans5.ltrans.o
 .comment       0x0000000000000000       0x12 C:\Users\makot\AppData\Local\Temp\cc7KEfoF.ltrans6.ltrans.o
 .comment       0x0000000000000000       0x12 C:\Users\makot\AppData\Local\Temp\cc7KEfoF.ltrans7.ltrans.o
 .comment       0x0000000000000000       0x12 C:\Users\makot\AppData\Local\Temp\cc7KEfoF.ltrans8.ltrans.o
 .comment       0x0000000000000000       0x12 C:\Users\makot\AppData\Local\Temp\cc7KEfoF.ltrans9.ltrans.o
 .comment       0x0000000000000000       0x12 C:\Users\makot\AppData\Local\Temp\cc7KEfoF.ltrans10.ltrans.o
 .comment       0x0000000000000000       0x12 C:\Users\makot\AppData\Local\Temp\cc7KEfoF.ltrans11.ltrans.o
 .comment       0x0000000000000000       0x12 C:\Users\makot\AppData\Local\Temp\cc7KEfoF.ltrans12.ltrans.o
 .comment       0x0000000000000000       0x12 C:\Users\makot\AppData\Local\Temp\cc7KEfoF.ltrans13.ltrans.o
 .comment       0x0000000000000000       0x12 C:\Users\makot\AppData\Local\Temp\cc7KEfoF.ltrans14.ltrans.o
 .comment       0x0000000000000000       0x12 C:\Users\makot\AppData\Local\Temp\cc7KEfoF.ltrans15.ltrans.o
 .comment       0x0000000000000000       0x12 C:\Users\makot\AppData\Local\Temp\cc7KEfoF.ltrans16.ltrans.o
 .comment       0x0000000000000000       0x12 C:\Users\makot\AppData\Local\Temp\cc7KEfoF.ltrans17.ltrans.o
 .comment       0x0000000000000000       0x12 C:\Users\makot\AppData\Local\Temp\cc7KEfoF.ltrans18.ltrans.o
 .comment       0x0000000000000000       0x12 C:\Users\makot\AppData\Local\Temp\cc7KEfoF.ltrans19.ltrans.o
 .comment       0x0000000000000000       0x12 C:\Users\makot\AppData\Local\Temp\cc7KEfoF.ltrans20.ltrans.o
 .comment       0x0000000000000000       0x12 c:/users/makot/downloads/mwstage-2020-04_win10/mwstage/mwsdk/tools/ba-elf-ba2-r36379.w10/bin/../lib/gcc/ba-elf/4.7.4/../../../../ba-elf/lib/mcpu_jn51xx_sizeopt\libc.a(lib_a-memcmp.o)
 .comment       0x0000000000000000       0x12 c:/users/makot/downloads/mwstage-2020-04_win10/mwstage/mwsdk/tools/ba-elf-ba2-r36379.w10/bin/../lib/gcc/ba-elf/4.7.4/../../../../ba-elf/lib/mcpu_jn51xx_sizeopt\libc.a(lib_a-memcpy.o)
 .comment       0x0000000000000000       0x12 c:/users/makot/downloads/mwstage-2020-04_win10/mwstage/mwsdk/tools/ba-elf-ba2-r36379.w10/bin/../lib/gcc/ba-elf/4.7.4/mcpu_jn51xx_sizeopt\libgcc.a(_fixunsdfsi.o)
 .comment       0x0000000000000000       0x12 c:/users/makot/downloads/mwstage-2020-04_win10/mwstage/mwsdk/tools/ba-elf-ba2-r36379.w10/bin/../lib/gcc/ba-elf/4.7.4/mcpu_jn51xx_sizeopt\libgcc.a(_udivdi3.o)
 .comment       0x0000000000000000       0x12 c:/users/makot/downloads/mwstage-2020-04_win10/mwstage/mwsdk/tools/ba-elf-ba2-r36379.w10/bin/../lib/gcc/ba-elf/4.7.4/mcpu_jn51xx_sizeopt\libgcc.a(_umoddi3.o)
 .comment       0x0000000000000000       0x12 c:/users/makot/downloads/mwstage-2020-04_win10/mwstage/mwsdk/tools/ba-elf-ba2-r36379.w10/bin/../lib/gcc/ba-elf/4.7.4/mcpu_jn51xx_sizeopt\libgcc.a(adddf3.o)
 .comment       0x0000000000000000       0x12 c:/users/makot/downloads/mwstage-2020-04_win10/mwstage/mwsdk/tools/ba-elf-ba2-r36379.w10/bin/../lib/gcc/ba-elf/4.7.4/mcpu_jn51xx_sizeopt\libgcc.a(divdf3.o)
 .comment       0x0000000000000000       0x12 c:/users/makot/downloads/mwstage-2020-04_win10/mwstage/mwsdk/tools/ba-elf-ba2-r36379.w10/bin/../lib/gcc/ba-elf/4.7.4/mcpu_jn51xx_sizeopt\libgcc.a(eqdf2.o)
 .comment       0x0000000000000000       0x12 c:/users/makot/downloads/mwstage-2020-04_win10/mwstage/mwsdk/tools/ba-elf-ba2-r36379.w10/bin/../lib/gcc/ba-elf/4.7.4/mcpu_jn51xx_sizeopt\libgcc.a(gedf2.o)
 .comment       0x0000000000000000       0x12 c:/users/makot/downloads/mwstage-2020-04_win10/mwstage/mwsdk/tools/ba-elf-ba2-r36379.w10/bin/../lib/gcc/ba-elf/4.7.4/mcpu_jn51xx_sizeopt\libgcc.a(ledf2.o)
 .comment       0x0000000000000000       0x12 c:/users/makot/downloads/mwstage-2020-04_win10/mwstage/mwsdk/tools/ba-elf-ba2-r36379.w10/bin/../lib/gcc/ba-elf/4.7.4/mcpu_jn51xx_sizeopt\libgcc.a(muldf3.o)
 .comment       0x0000000000000000       0x12 c:/users/makot/downloads/mwstage-2020-04_win10/mwstage/mwsdk/tools/ba-elf-ba2-r36379.w10/bin/../lib/gcc/ba-elf/4.7.4/mcpu_jn51xx_sizeopt\libgcc.a(subdf3.o)
 .comment       0x0000000000000000       0x12 c:/users/makot/downloads/mwstage-2020-04_win10/mwstage/mwsdk/tools/ba-elf-ba2-r36379.w10/bin/../lib/gcc/ba-elf/4.7.4/mcpu_jn51xx_sizeopt\libgcc.a(fixdfsi.o)
 .comment       0x0000000000000000       0x12 c:/users/makot/downloads/mwstage-2020-04_win10/mwstage/mwsdk/tools/ba-elf-ba2-r36379.w10/bin/../lib/gcc/ba-elf/4.7.4/mcpu_jn51xx_sizeopt\libgcc.a(floatsidf.o)
 .comment       0x0000000000000000       0x12 c:/users/makot/downloads/mwstage-2020-04_win10/mwstage/mwsdk/tools/ba-elf-ba2-r36379.w10/bin/../lib/gcc/ba-elf/4.7.4/mcpu_jn51xx_sizeopt\libgcc.a(floatunsidf.o)
 .comment       0x0000000000000000       0x11 C:/Users/makot/Downloads/MWSTAGE-2020-04_win10/MWSTAGE/MWSDK/ChipLib/SW4063V1416/Components/Library\libMicroSpecific_JN516x.a(MicroSyscall_ba.o)
                                         0x12 (size before relaxing)
 .comment       0x0000000000000000       0x12 c:/users/makot/downloads/mwstage-2020-04_win10/mwstage/mwsdk/tools/ba-elf-ba2-r36379.w10/bin/../lib/gcc/ba-elf/4.7.4/../../../../ba-elf/lib/mcpu_jn51xx_sizeopt\libc.a(lib_a-memset.o)
 .comment       0x0000000000000000       0x12 c:/users/makot/downloads/mwstage-2020-04_win10/mwstage/mwsdk/tools/ba-elf-ba2-r36379.w10/bin/../lib/gcc/ba-elf/4.7.4/../../../../ba-elf/lib/mcpu_jn51xx_sizeopt\libc.a(lib_a-strncmp.o)

.debug_info     0x0000000000000000     0x3526
 .debug_info    0x0000000000000000       0xf3 c:/users/makot/downloads/mwstage-2020-04_win10/mwstage/mwsdk/tools/ba-elf-ba2-r36379.w10/bin/../lib/gcc/ba-elf/4.7.4/../../../../ba-elf/lib/mcpu_jn51xx_sizeopt\libc.a(lib_a-memcmp.o)
 .debug_info    0x00000000000000f3      0x106 c:/users/makot/downloads/mwstage-2020-04_win10/mwstage/mwsdk/tools/ba-elf-ba2-r36379.w10/bin/../lib/gcc/ba-elf/4.7.4/../../../../ba-elf/lib/mcpu_jn51xx_sizeopt\libc.a(lib_a-memcpy.o)
 .debug_info    0x00000000000001f9       0xb7 c:/users/makot/downloads/mwstage-2020-04_win10/mwstage/mwsdk/tools/ba-elf-ba2-r36379.w10/bin/../lib/gcc/ba-elf/4.7.4/mcpu_jn51xx_sizeopt\libgcc.a(__udivsi3.o)
 .debug_info    0x00000000000002b0       0xb7 c:/users/makot/downloads/mwstage-2020-04_win10/mwstage/mwsdk/tools/ba-elf-ba2-r36379.w10/bin/../lib/gcc/ba-elf/4.7.4/mcpu_jn51xx_sizeopt\libgcc.a(__divsi3.o)
 .debug_info    0x0000000000000367       0xb7 c:/users/makot/downloads/mwstage-2020-04_win10/mwstage/mwsdk/tools/ba-elf-ba2-r36379.w10/bin/../lib/gcc/ba-elf/4.7.4/mcpu_jn51xx_sizeopt\libgcc.a(__umodsi3.o)
 .debug_info    0x000000000000041e       0xb7 c:/users/makot/downloads/mwstage-2020-04_win10/mwstage/mwsdk/tools/ba-elf-ba2-r36379.w10/bin/../lib/gcc/ba-elf/4.7.4/mcpu_jn51xx_sizeopt\libgcc.a(__modsi3.o)
 .debug_info    0x00000000000004d5       0xd3 c:/users/makot/downloads/mwstage-2020-04_win10/mwstage/mwsdk/tools/ba-elf-ba2-r36379.w10/bin/../lib/gcc/ba-elf/4.7.4/mcpu_jn51xx_sizeopt\libgcc.a(_fixunsdfsi.o)
 .debug_info    0x00000000000005a8      0x648 c:/users/makot/downloads/mwstage-2020-04_win10/mwstage/mwsdk/tools/ba-elf-ba2-r36379.w10/bin/../lib/gcc/ba-elf/4.7.4/mcpu_jn51xx_sizeopt\libgcc.a(_udivdi3.o)
 .debug_info    0x0000000000000bf0      0x69d c:/users/makot/downloads/mwstage-2020-04_win10/mwstage/mwsdk/tools/ba-elf-ba2-r36379.w10/bin/../lib/gcc/ba-elf/4.7.4/mcpu_jn51xx_sizeopt\libgcc.a(_umoddi3.o)
 .debug_info    0x000000000000128d      0x4b2 c:/users/makot/downloads/mwstage-2020-04_win10/mwstage/mwsdk/tools/ba-elf-ba2-r36379.w10/bin/../lib/gcc/ba-elf/4.7.4/mcpu_jn51xx_sizeopt\libgcc.a(adddf3.o)
 .debug_info    0x000000000000173f      0x5c5 c:/users/makot/downloads/mwstage-2020-04_win10/mwstage/mwsdk/tools/ba-elf-ba2-r36379.w10/bin/../lib/gcc/ba-elf/4.7.4/mcpu_jn51xx_sizeopt\libgcc.a(divdf3.o)
 .debug_info    0x0000000000001d04      0x1e7 c:/users/makot/downloads/mwstage-2020-04_win10/mwstage/mwsdk/tools/ba-elf-ba2-r36379.w10/bin/../lib/gcc/ba-elf/4.7.4/mcpu_jn51xx_sizeopt\libgcc.a(eqdf2.o)
 .debug_info    0x0000000000001eeb      0x20b c:/users/makot/downloads/mwstage-2020-04_win10/mwstage/mwsdk/tools/ba-elf-ba2-r36379.w10/bin/../lib/gcc/ba-elf/4.7.4/mcpu_jn51xx_sizeopt\libgcc.a(gedf2.o)
 .debug_info    0x00000000000020f6      0x20b c:/users/makot/downloads/mwstage-2020-04_win10/mwstage/mwsdk/tools/ba-elf-ba2-r36379.w10/bin/../lib/gcc/ba-elf/4.7.4/mcpu_jn51xx_sizeopt\libgcc.a(ledf2.o)
 .debug_info    0x0000000000002301      0x5c7 c:/users/makot/downloads/mwstage-2020-04_win10/mwstage/mwsdk/tools/ba-elf-ba2-r36379.w10/bin/../lib/gcc/ba-elf/4.7.4/mcpu_jn51xx_sizeopt\libgcc.a(muldf3.o)
 .debug_info    0x00000000000028c8      0x4b2 c:/users/makot/downloads/mwstage-2020-04_win10/mwstage/mwsdk/tools/ba-elf-ba2-r36379.w10/bin/../lib/gcc/ba-elf/4.7.4/mcpu_jn51xx_sizeopt\libgcc.a(subdf3.o)
 .debug_info    0x0000000000002d7a      0x1b7 c:/users/makot/downloads/mwstage-2020-04_win10/mwstage/mwsdk/tools/ba-elf-ba2-r36379.w10/bin/../lib/gcc/ba-elf/4.7.4/mcpu_jn51xx_sizeopt\libgcc.a(fixdfsi.o)
 .debug_info    0x0000000000002f31      0x1d6 c:/users/makot/downloads/mwstage-2020-04_win10/mwstage/mwsdk/tools/ba-elf-ba2-r36379.w10/bin/../lib/gcc/ba-elf/4.7.4/mcpu_jn51xx_sizeopt\libgcc.a(floatsidf.o)
 .debug_info    0x0000000000003107      0x1cb c:/users/makot/downloads/mwstage-2020-04_win10/mwstage/mwsdk/tools/ba-elf-ba2-r36379.w10/bin/../lib/gcc/ba-elf/4.7.4/mcpu_jn51xx_sizeopt\libgcc.a(floatunsidf.o)
 .debug_info    0x00000000000032d2       0xaa C:/Users/makot/Downloads/MWSTAGE-2020-04_win10/MWSTAGE/MWSDK/ChipLib/SW4063V1416/Components/Library\libBoot_JN516x.a(ExceptionHandler.o)
 .debug_info    0x000000000000337c       0xd7 c:/users/makot/downloads/mwstage-2020-04_win10/mwstage/mwsdk/tools/ba-elf-ba2-r36379.w10/bin/../lib/gcc/ba-elf/4.7.4/../../../../ba-elf/lib/mcpu_jn51xx_sizeopt\libc.a(lib_a-memset.o)
 .debug_info    0x0000000000003453       0xd3 c:/users/makot/downloads/mwstage-2020-04_win10/mwstage/mwsdk/tools/ba-elf-ba2-r36379.w10/bin/../lib/gcc/ba-elf/4.7.4/../../../../ba-elf/lib/mcpu_jn51xx_sizeopt\libc.a(lib_a-strncmp.o)

.debug_abbrev   0x0000000000000000     0x11ae
 .debug_abbrev  0x0000000000000000       0x8e c:/users/makot/downloads/mwstage-2020-04_win10/mwstage/mwsdk/tools/ba-elf-ba2-r36379.w10/bin/../lib/gcc/ba-elf/4.7.4/../../../../ba-elf/lib/mcpu_jn51xx_sizeopt\libc.a(lib_a-memcmp.o)
 .debug_abbrev  0x000000000000008e       0xa4 c:/users/makot/downloads/mwstage-2020-04_win10/mwstage/mwsdk/tools/ba-elf-ba2-r36379.w10/bin/../lib/gcc/ba-elf/4.7.4/../../../../ba-elf/lib/mcpu_jn51xx_sizeopt\libc.a(lib_a-memcpy.o)
 .debug_abbrev  0x0000000000000132       0x14 c:/users/makot/downloads/mwstage-2020-04_win10/mwstage/mwsdk/tools/ba-elf-ba2-r36379.w10/bin/../lib/gcc/ba-elf/4.7.4/mcpu_jn51xx_sizeopt\libgcc.a(__udivsi3.o)
 .debug_abbrev  0x0000000000000146       0x14 c:/users/makot/downloads/mwstage-2020-04_win10/mwstage/mwsdk/tools/ba-elf-ba2-r36379.w10/bin/../lib/gcc/ba-elf/4.7.4/mcpu_jn51xx_sizeopt\libgcc.a(__divsi3.o)
 .debug_abbrev  0x000000000000015a       0x14 c:/users/makot/downloads/mwstage-2020-04_win10/mwstage/mwsdk/tools/ba-elf-ba2-r36379.w10/bin/../lib/gcc/ba-elf/4.7.4/mcpu_jn51xx_sizeopt\libgcc.a(__umodsi3.o)
 .debug_abbrev  0x000000000000016e       0x14 c:/users/makot/downloads/mwstage-2020-04_win10/mwstage/mwsdk/tools/ba-elf-ba2-r36379.w10/bin/../lib/gcc/ba-elf/4.7.4/mcpu_jn51xx_sizeopt\libgcc.a(__modsi3.o)
 .debug_abbrev  0x0000000000000182       0x60 c:/users/makot/downloads/mwstage-2020-04_win10/mwstage/mwsdk/tools/ba-elf-ba2-r36379.w10/bin/../lib/gcc/ba-elf/4.7.4/mcpu_jn51xx_sizeopt\libgcc.a(_fixunsdfsi.o)
 .debug_abbrev  0x00000000000001e2      0x15d c:/users/makot/downloads/mwstage-2020-04_win10/mwstage/mwsdk/tools/ba-elf-ba2-r36379.w10/bin/../lib/gcc/ba-elf/4.7.4/mcpu_jn51xx_sizeopt\libgcc.a(_udivdi3.o)
 .debug_abbrev  0x000000000000033f      0x175 c:/users/makot/downloads/mwstage-2020-04_win10/mwstage/mwsdk/tools/ba-elf-ba2-r36379.w10/bin/../lib/gcc/ba-elf/4.7.4/mcpu_jn51xx_sizeopt\libgcc.a(_umoddi3.o)
 .debug_abbrev  0x00000000000004b4      0x133 c:/users/makot/downloads/mwstage-2020-04_win10/mwstage/mwsdk/tools/ba-elf-ba2-r36379.w10/bin/../lib/gcc/ba-elf/4.7.4/mcpu_jn51xx_sizeopt\libgcc.a(adddf3.o)
 .debug_abbrev  0x00000000000005e7      0x12f c:/users/makot/downloads/mwstage-2020-04_win10/mwstage/mwsdk/tools/ba-elf-ba2-r36379.w10/bin/../lib/gcc/ba-elf/4.7.4/mcpu_jn51xx_sizeopt\libgcc.a(divdf3.o)
 .debug_abbrev  0x0000000000000716      0x128 c:/users/makot/downloads/mwstage-2020-04_win10/mwstage/mwsdk/tools/ba-elf-ba2-r36379.w10/bin/../lib/gcc/ba-elf/4.7.4/mcpu_jn51xx_sizeopt\libgcc.a(eqdf2.o)
 .debug_abbrev  0x000000000000083e      0x137 c:/users/makot/downloads/mwstage-2020-04_win10/mwstage/mwsdk/tools/ba-elf-ba2-r36379.w10/bin/../lib/gcc/ba-elf/4.7.4/mcpu_jn51xx_sizeopt\libgcc.a(gedf2.o)
 .debug_abbrev  0x0000000000000975      0x139 c:/users/makot/downloads/mwstage-2020-04_win10/mwstage/mwsdk/tools/ba-elf-ba2-r36379.w10/bin/../lib/gcc/ba-elf/4.7.4/mcpu_jn51xx_sizeopt\libgcc.a(ledf2.o)
 .debug_abbrev  0x0000000000000aae      0x141 c:/users/makot/downloads/mwstage-2020-04_win10/mwstage/mwsdk/tools/ba-elf-ba2-r36379.w10/bin/../lib/gcc/ba-elf/4.7.4/mcpu_jn51xx_sizeopt\libgcc.a(muldf3.o)
 .debug_abbrev  0x0000000000000bef      0x133 c:/users/makot/downloads/mwstage-2020-04_win10/mwstage/mwsdk/tools/ba-elf-ba2-r36379.w10/bin/../lib/gcc/ba-elf/4.7.4/mcpu_jn51xx_sizeopt\libgcc.a(subdf3.o)
 .debug_abbrev  0x0000000000000d22      0x12a c:/users/makot/downloads/mwstage-2020-04_win10/mwstage/mwsdk/tools/ba-elf-ba2-r36379.w10/bin/../lib/gcc/ba-elf/4.7.4/mcpu_jn51xx_sizeopt\libgcc.a(fixdfsi.o)
 .debug_abbrev  0x0000000000000e4c      0x128 c:/users/makot/downloads/mwstage-2020-04_win10/mwstage/mwsdk/tools/ba-elf-ba2-r36379.w10/bin/../lib/gcc/ba-elf/4.7.4/mcpu_jn51xx_sizeopt\libgcc.a(floatsidf.o)
 .debug_abbrev  0x0000000000000f74      0x128 c:/users/makot/downloads/mwstage-2020-04_win10/mwstage/mwsdk/tools/ba-elf-ba2-r36379.w10/bin/../lib/gcc/ba-elf/4.7.4/mcpu_jn51xx_sizeopt\libgcc.a(floatunsidf.o)
 .debug_abbrev  0x000000000000109c       0x14 C:/Users/makot/Downloads/MWSTAGE-2020-04_win10/MWSTAGE/MWSDK/ChipLib/SW4063V1416/Components/Library\libBoot_JN516x.a(ExceptionHandler.o)
 .debug_abbrev  0x00000000000010b0       0x8e c:/users/makot/downloads/mwstage-2020-04_win10/mwstage/mwsdk/tools/ba-elf-ba2-r36379.w10/bin/../lib/gcc/ba-elf/4.7.4/../../../../ba-elf/lib/mcpu_jn51xx_sizeopt\libc.a(lib_a-memset.o)
 .debug_abbrev  0x000000000000113e       0x70 c:/users/makot/downloads/mwstage-2020-04_win10/mwstage/mwsdk/tools/ba-elf-ba2-r36379.w10/bin/../lib/gcc/ba-elf/4.7.4/../../../../ba-elf/lib/mcpu_jn51xx_sizeopt\libc.a(lib_a-strncmp.o)

.debug_loc      0x0000000000000000     0x59f6
 .debug_loc     0x0000000000000000       0x73 c:/users/makot/downloads/mwstage-2020-04_win10/mwstage/mwsdk/tools/ba-elf-ba2-r36379.w10/bin/../lib/gcc/ba-elf/4.7.4/../../../../ba-elf/lib/mcpu_jn51xx_sizeopt\libc.a(lib_a-memcmp.o)
 .debug_loc     0x0000000000000073       0x39 c:/users/makot/downloads/mwstage-2020-04_win10/mwstage/mwsdk/tools/ba-elf-ba2-r36379.w10/bin/../lib/gcc/ba-elf/4.7.4/../../../../ba-elf/lib/mcpu_jn51xx_sizeopt\libc.a(lib_a-memcpy.o)
 .debug_loc     0x00000000000000ac       0x48 c:/users/makot/downloads/mwstage-2020-04_win10/mwstage/mwsdk/tools/ba-elf-ba2-r36379.w10/bin/../lib/gcc/ba-elf/4.7.4/mcpu_jn51xx_sizeopt\libgcc.a(_fixunsdfsi.o)
 .debug_loc     0x00000000000000f4      0xa7b c:/users/makot/downloads/mwstage-2020-04_win10/mwstage/mwsdk/tools/ba-elf-ba2-r36379.w10/bin/../lib/gcc/ba-elf/4.7.4/mcpu_jn51xx_sizeopt\libgcc.a(_udivdi3.o)
 .debug_loc     0x0000000000000b6f      0x985 c:/users/makot/downloads/mwstage-2020-04_win10/mwstage/mwsdk/tools/ba-elf-ba2-r36379.w10/bin/../lib/gcc/ba-elf/4.7.4/mcpu_jn51xx_sizeopt\libgcc.a(_umoddi3.o)
 .debug_loc     0x00000000000014f4     0x10f3 c:/users/makot/downloads/mwstage-2020-04_win10/mwstage/mwsdk/tools/ba-elf-ba2-r36379.w10/bin/../lib/gcc/ba-elf/4.7.4/mcpu_jn51xx_sizeopt\libgcc.a(adddf3.o)
 .debug_loc     0x00000000000025e7     0x117e c:/users/makot/downloads/mwstage-2020-04_win10/mwstage/mwsdk/tools/ba-elf-ba2-r36379.w10/bin/../lib/gcc/ba-elf/4.7.4/mcpu_jn51xx_sizeopt\libgcc.a(divdf3.o)
 .debug_loc     0x0000000000003765       0x83 c:/users/makot/downloads/mwstage-2020-04_win10/mwstage/mwsdk/tools/ba-elf-ba2-r36379.w10/bin/../lib/gcc/ba-elf/4.7.4/mcpu_jn51xx_sizeopt\libgcc.a(eqdf2.o)
 .debug_loc     0x00000000000037e8      0x154 c:/users/makot/downloads/mwstage-2020-04_win10/mwstage/mwsdk/tools/ba-elf-ba2-r36379.w10/bin/../lib/gcc/ba-elf/4.7.4/mcpu_jn51xx_sizeopt\libgcc.a(gedf2.o)
 .debug_loc     0x000000000000393c       0xe6 c:/users/makot/downloads/mwstage-2020-04_win10/mwstage/mwsdk/tools/ba-elf-ba2-r36379.w10/bin/../lib/gcc/ba-elf/4.7.4/mcpu_jn51xx_sizeopt\libgcc.a(ledf2.o)
 .debug_loc     0x0000000000003a22      0xa0e c:/users/makot/downloads/mwstage-2020-04_win10/mwstage/mwsdk/tools/ba-elf-ba2-r36379.w10/bin/../lib/gcc/ba-elf/4.7.4/mcpu_jn51xx_sizeopt\libgcc.a(muldf3.o)
 .debug_loc     0x0000000000004430     0x114e c:/users/makot/downloads/mwstage-2020-04_win10/mwstage/mwsdk/tools/ba-elf-ba2-r36379.w10/bin/../lib/gcc/ba-elf/4.7.4/mcpu_jn51xx_sizeopt\libgcc.a(subdf3.o)
 .debug_loc     0x000000000000557e       0xa8 c:/users/makot/downloads/mwstage-2020-04_win10/mwstage/mwsdk/tools/ba-elf-ba2-r36379.w10/bin/../lib/gcc/ba-elf/4.7.4/mcpu_jn51xx_sizeopt\libgcc.a(fixdfsi.o)
 .debug_loc     0x0000000000005626      0x1be c:/users/makot/downloads/mwstage-2020-04_win10/mwstage/mwsdk/tools/ba-elf-ba2-r36379.w10/bin/../lib/gcc/ba-elf/4.7.4/mcpu_jn51xx_sizeopt\libgcc.a(floatsidf.o)
 .debug_loc     0x00000000000057e4      0x179 c:/users/makot/downloads/mwstage-2020-04_win10/mwstage/mwsdk/tools/ba-elf-ba2-r36379.w10/bin/../lib/gcc/ba-elf/4.7.4/mcpu_jn51xx_sizeopt\libgcc.a(floatunsidf.o)
 .debug_loc     0x000000000000595d       0x3f c:/users/makot/downloads/mwstage-2020-04_win10/mwstage/mwsdk/tools/ba-elf-ba2-r36379.w10/bin/../lib/gcc/ba-elf/4.7.4/../../../../ba-elf/lib/mcpu_jn51xx_sizeopt\libc.a(lib_a-memset.o)
 .debug_loc     0x000000000000599c       0x5a c:/users/makot/downloads/mwstage-2020-04_win10/mwstage/mwsdk/tools/ba-elf-ba2-r36379.w10/bin/../lib/gcc/ba-elf/4.7.4/../../../../ba-elf/lib/mcpu_jn51xx_sizeopt\libc.a(lib_a-strncmp.o)

.debug_aranges  0x0000000000000000      0x2c0
 .debug_aranges
                0x0000000000000000       0x20 c:/users/makot/downloads/mwstage-2020-04_win10/mwstage/mwsdk/tools/ba-elf-ba2-r36379.w10/bin/../lib/gcc/ba-elf/4.7.4/../../../../ba-elf/lib/mcpu_jn51xx_sizeopt\libc.a(lib_a-memcmp.o)
 .debug_aranges
                0x0000000000000020       0x20 c:/users/makot/downloads/mwstage-2020-04_win10/mwstage/mwsdk/tools/ba-elf-ba2-r36379.w10/bin/../lib/gcc/ba-elf/4.7.4/../../../../ba-elf/lib/mcpu_jn51xx_sizeopt\libc.a(lib_a-memcpy.o)
 .debug_aranges
                0x0000000000000040       0x20 c:/users/makot/downloads/mwstage-2020-04_win10/mwstage/mwsdk/tools/ba-elf-ba2-r36379.w10/bin/../lib/gcc/ba-elf/4.7.4/mcpu_jn51xx_sizeopt\libgcc.a(__udivsi3.o)
 .debug_aranges
                0x0000000000000060       0x20 c:/users/makot/downloads/mwstage-2020-04_win10/mwstage/mwsdk/tools/ba-elf-ba2-r36379.w10/bin/../lib/gcc/ba-elf/4.7.4/mcpu_jn51xx_sizeopt\libgcc.a(__divsi3.o)
 .debug_aranges
                0x0000000000000080       0x20 c:/users/makot/downloads/mwstage-2020-04_win10/mwstage/mwsdk/tools/ba-elf-ba2-r36379.w10/bin/../lib/gcc/ba-elf/4.7.4/mcpu_jn51xx_sizeopt\libgcc.a(__umodsi3.o)
 .debug_aranges
                0x00000000000000a0       0x20 c:/users/makot/downloads/mwstage-2020-04_win10/mwstage/mwsdk/tools/ba-elf-ba2-r36379.w10/bin/../lib/gcc/ba-elf/4.7.4/mcpu_jn51xx_sizeopt\libgcc.a(__modsi3.o)
 .debug_aranges
                0x00000000000000c0       0x20 c:/users/makot/downloads/mwstage-2020-04_win10/mwstage/mwsdk/tools/ba-elf-ba2-r36379.w10/bin/../lib/gcc/ba-elf/4.7.4/mcpu_jn51xx_sizeopt\libgcc.a(_fixunsdfsi.o)
 .debug_aranges
                0x00000000000000e0       0x20 c:/users/makot/downloads/mwstage-2020-04_win10/mwstage/mwsdk/tools/ba-elf-ba2-r36379.w10/bin/../lib/gcc/ba-elf/4.7.4/mcpu_jn51xx_sizeopt\libgcc.a(_udivdi3.o)
 .debug_aranges
                0x0000000000000100       0x20 c:/users/makot/downloads/mwstage-2020-04_win10/mwstage/mwsdk/tools/ba-elf-ba2-r36379.w10/bin/../lib/gcc/ba-elf/4.7.4/mcpu_jn51xx_sizeopt\libgcc.a(_umoddi3.o)
 .debug_aranges
                0x0000000000000120       0x20 c:/users/makot/downloads/mwstage-2020-04_win10/mwstage/mwsdk/tools/ba-elf-ba2-r36379.w10/bin/../lib/gcc/ba-elf/4.7.4/mcpu_jn51xx_sizeopt\libgcc.a(adddf3.o)
 .debug_aranges
                0x0000000000000140       0x20 c:/users/makot/downloads/mwstage-2020-04_win10/mwstage/mwsdk/tools/ba-elf-ba2-r36379.w10/bin/../lib/gcc/ba-elf/4.7.4/mcpu_jn51xx_sizeopt\libgcc.a(divdf3.o)
 .debug_aranges
                0x0000000000000160       0x20 c:/users/makot/downloads/mwstage-2020-04_win10/mwstage/mwsdk/tools/ba-elf-ba2-r36379.w10/bin/../lib/gcc/ba-elf/4.7.4/mcpu_jn51xx_sizeopt\libgcc.a(eqdf2.o)
 .debug_aranges
                0x0000000000000180       0x20 c:/users/makot/downloads/mwstage-2020-04_win10/mwstage/mwsdk/tools/ba-elf-ba2-r36379.w10/bin/../lib/gcc/ba-elf/4.7.4/mcpu_jn51xx_sizeopt\libgcc.a(gedf2.o)
 .debug_aranges
                0x00000000000001a0       0x20 c:/users/makot/downloads/mwstage-2020-04_win10/mwstage/mwsdk/tools/ba-elf-ba2-r36379.w10/bin/../lib/gcc/ba-elf/4.7.4/mcpu_jn51xx_sizeopt\libgcc.a(ledf2.o)
 .debug_aranges
                0x00000000000001c0       0x20 c:/users/makot/downloads/mwstage-2020-04_win10/mwstage/mwsdk/tools/ba-elf-ba2-r36379.w10/bin/../lib/gcc/ba-elf/4.7.4/mcpu_jn51xx_sizeopt\libgcc.a(muldf3.o)
 .debug_aranges
                0x00000000000001e0       0x20 c:/users/makot/downloads/mwstage-2020-04_win10/mwstage/mwsdk/tools/ba-elf-ba2-r36379.w10/bin/../lib/gcc/ba-elf/4.7.4/mcpu_jn51xx_sizeopt\libgcc.a(subdf3.o)
 .debug_aranges
                0x0000000000000200       0x20 c:/users/makot/downloads/mwstage-2020-04_win10/mwstage/mwsdk/tools/ba-elf-ba2-r36379.w10/bin/../lib/gcc/ba-elf/4.7.4/mcpu_jn51xx_sizeopt\libgcc.a(fixdfsi.o)
 .debug_aranges
                0x0000000000000220       0x20 c:/users/makot/downloads/mwstage-2020-04_win10/mwstage/mwsdk/tools/ba-elf-ba2-r36379.w10/bin/../lib/gcc/ba-elf/4.7.4/mcpu_jn51xx_sizeopt\libgcc.a(floatsidf.o)
 .debug_aranges
                0x0000000000000240       0x20 c:/users/makot/downloads/mwstage-2020-04_win10/mwstage/mwsdk/tools/ba-elf-ba2-r36379.w10/bin/../lib/gcc/ba-elf/4.7.4/mcpu_jn51xx_sizeopt\libgcc.a(floatunsidf.o)
 .debug_aranges
                0x0000000000000260       0x20 C:/Users/makot/Downloads/MWSTAGE-2020-04_win10/MWSTAGE/MWSDK/ChipLib/SW4063V1416/Components/Library\libBoot_JN516x.a(ExceptionHandler.o)
 .debug_aranges
                0x0000000000000280       0x20 c:/users/makot/downloads/mwstage-2020-04_win10/mwstage/mwsdk/tools/ba-elf-ba2-r36379.w10/bin/../lib/gcc/ba-elf/4.7.4/../../../../ba-elf/lib/mcpu_jn51xx_sizeopt\libc.a(lib_a-memset.o)
 .debug_aranges
                0x00000000000002a0       0x20 c:/users/makot/downloads/mwstage-2020-04_win10/mwstage/mwsdk/tools/ba-elf-ba2-r36379.w10/bin/../lib/gcc/ba-elf/4.7.4/../../../../ba-elf/lib/mcpu_jn51xx_sizeopt\libc.a(lib_a-strncmp.o)

.debug_line     0x0000000000000000     0x2d38
 .debug_line    0x0000000000000000      0x15a c:/users/makot/downloads/mwstage-2020-04_win10/mwstage/mwsdk/tools/ba-elf-ba2-r36379.w10/bin/../lib/gcc/ba-elf/4.7.4/../../../../ba-elf/lib/mcpu_jn51xx_sizeopt\libc.a(lib_a-memcmp.o)
 .debug_line    0x000000000000015a      0x14e c:/users/makot/downloads/mwstage-2020-04_win10/mwstage/mwsdk/tools/ba-elf-ba2-r36379.w10/bin/../lib/gcc/ba-elf/4.7.4/../../../../ba-elf/lib/mcpu_jn51xx_sizeopt\libc.a(lib_a-memcpy.o)
 .debug_line    0x00000000000002a8      0x47b c:/users/makot/downloads/mwstage-2020-04_win10/mwstage/mwsdk/tools/ba-elf-ba2-r36379.w10/bin/../lib/gcc/ba-elf/4.7.4/mcpu_jn51xx_sizeopt\libgcc.a(__udivsi3.o)
 .debug_line    0x0000000000000723       0xbb c:/users/makot/downloads/mwstage-2020-04_win10/mwstage/mwsdk/tools/ba-elf-ba2-r36379.w10/bin/../lib/gcc/ba-elf/4.7.4/mcpu_jn51xx_sizeopt\libgcc.a(__divsi3.o)
 .debug_line    0x00000000000007de      0x3c7 c:/users/makot/downloads/mwstage-2020-04_win10/mwstage/mwsdk/tools/ba-elf-ba2-r36379.w10/bin/../lib/gcc/ba-elf/4.7.4/mcpu_jn51xx_sizeopt\libgcc.a(__umodsi3.o)
 .debug_line    0x0000000000000ba5       0xa3 c:/users/makot/downloads/mwstage-2020-04_win10/mwstage/mwsdk/tools/ba-elf-ba2-r36379.w10/bin/../lib/gcc/ba-elf/4.7.4/mcpu_jn51xx_sizeopt\libgcc.a(__modsi3.o)
 .debug_line    0x0000000000000c48       0x9f c:/users/makot/downloads/mwstage-2020-04_win10/mwstage/mwsdk/tools/ba-elf-ba2-r36379.w10/bin/../lib/gcc/ba-elf/4.7.4/mcpu_jn51xx_sizeopt\libgcc.a(_fixunsdfsi.o)
 .debug_line    0x0000000000000ce7      0x1b7 c:/users/makot/downloads/mwstage-2020-04_win10/mwstage/mwsdk/tools/ba-elf-ba2-r36379.w10/bin/../lib/gcc/ba-elf/4.7.4/mcpu_jn51xx_sizeopt\libgcc.a(_udivdi3.o)
 .debug_line    0x0000000000000e9e      0x1b7 c:/users/makot/downloads/mwstage-2020-04_win10/mwstage/mwsdk/tools/ba-elf-ba2-r36379.w10/bin/../lib/gcc/ba-elf/4.7.4/mcpu_jn51xx_sizeopt\libgcc.a(_umoddi3.o)
 .debug_line    0x0000000000001055      0x63d c:/users/makot/downloads/mwstage-2020-04_win10/mwstage/mwsdk/tools/ba-elf-ba2-r36379.w10/bin/../lib/gcc/ba-elf/4.7.4/mcpu_jn51xx_sizeopt\libgcc.a(adddf3.o)
 .debug_line    0x0000000000001692      0x3b5 c:/users/makot/downloads/mwstage-2020-04_win10/mwstage/mwsdk/tools/ba-elf-ba2-r36379.w10/bin/../lib/gcc/ba-elf/4.7.4/mcpu_jn51xx_sizeopt\libgcc.a(divdf3.o)
 .debug_line    0x0000000000001a47       0xf1 c:/users/makot/downloads/mwstage-2020-04_win10/mwstage/mwsdk/tools/ba-elf-ba2-r36379.w10/bin/../lib/gcc/ba-elf/4.7.4/mcpu_jn51xx_sizeopt\libgcc.a(eqdf2.o)
 .debug_line    0x0000000000001b38      0x15f c:/users/makot/downloads/mwstage-2020-04_win10/mwstage/mwsdk/tools/ba-elf-ba2-r36379.w10/bin/../lib/gcc/ba-elf/4.7.4/mcpu_jn51xx_sizeopt\libgcc.a(gedf2.o)
 .debug_line    0x0000000000001c97      0x15f c:/users/makot/downloads/mwstage-2020-04_win10/mwstage/mwsdk/tools/ba-elf-ba2-r36379.w10/bin/../lib/gcc/ba-elf/4.7.4/mcpu_jn51xx_sizeopt\libgcc.a(ledf2.o)
 .debug_line    0x0000000000001df6      0x269 c:/users/makot/downloads/mwstage-2020-04_win10/mwstage/mwsdk/tools/ba-elf-ba2-r36379.w10/bin/../lib/gcc/ba-elf/4.7.4/mcpu_jn51xx_sizeopt\libgcc.a(muldf3.o)
 .debug_line    0x000000000000205f      0x656 c:/users/makot/downloads/mwstage-2020-04_win10/mwstage/mwsdk/tools/ba-elf-ba2-r36379.w10/bin/../lib/gcc/ba-elf/4.7.4/mcpu_jn51xx_sizeopt\libgcc.a(subdf3.o)
 .debug_line    0x00000000000026b5       0xc8 c:/users/makot/downloads/mwstage-2020-04_win10/mwstage/mwsdk/tools/ba-elf-ba2-r36379.w10/bin/../lib/gcc/ba-elf/4.7.4/mcpu_jn51xx_sizeopt\libgcc.a(fixdfsi.o)
 .debug_line    0x000000000000277d       0xbc c:/users/makot/downloads/mwstage-2020-04_win10/mwstage/mwsdk/tools/ba-elf-ba2-r36379.w10/bin/../lib/gcc/ba-elf/4.7.4/mcpu_jn51xx_sizeopt\libgcc.a(floatsidf.o)
 .debug_line    0x0000000000002839       0xbe c:/users/makot/downloads/mwstage-2020-04_win10/mwstage/mwsdk/tools/ba-elf-ba2-r36379.w10/bin/../lib/gcc/ba-elf/4.7.4/mcpu_jn51xx_sizeopt\libgcc.a(floatunsidf.o)
 .debug_line    0x00000000000028f7      0x197 C:/Users/makot/Downloads/MWSTAGE-2020-04_win10/MWSTAGE/MWSDK/ChipLib/SW4063V1416/Components/Library\libBoot_JN516x.a(ExceptionHandler.o)
 .debug_line    0x0000000000002a8e      0x144 c:/users/makot/downloads/mwstage-2020-04_win10/mwstage/mwsdk/tools/ba-elf-ba2-r36379.w10/bin/../lib/gcc/ba-elf/4.7.4/../../../../ba-elf/lib/mcpu_jn51xx_sizeopt\libc.a(lib_a-memset.o)
 .debug_line    0x0000000000002bd2      0x166 c:/users/makot/downloads/mwstage-2020-04_win10/mwstage/mwsdk/tools/ba-elf-ba2-r36379.w10/bin/../lib/gcc/ba-elf/4.7.4/../../../../ba-elf/lib/mcpu_jn51xx_sizeopt\libc.a(lib_a-strncmp.o)

.debug_str      0x0000000000000000      0x709
 .debug_str     0x0000000000000000       0x49 c:/users/makot/downloads/mwstage-2020-04_win10/mwstage/mwsdk/tools/ba-elf-ba2-r36379.w10/bin/../lib/gcc/ba-elf/4.7.4/../../../../ba-elf/lib/mcpu_jn51xx_sizeopt\libc.a(lib_a-memcmp.o)
                                        0x155 (size before relaxing)
 .debug_str     0x0000000000000049       0x5d c:/users/makot/downloads/mwstage-2020-04_win10/mwstage/mwsdk/tools/ba-elf-ba2-r36379.w10/bin/../lib/gcc/ba-elf/4.7.4/../../../../ba-elf/lib/mcpu_jn51xx_sizeopt\libc.a(lib_a-memcpy.o)
                                        0x169 (size before relaxing)
 .debug_str     0x00000000000000a6       0xc5 c:/users/makot/downloads/mwstage-2020-04_win10/mwstage/mwsdk/tools/ba-elf-ba2-r36379.w10/bin/../lib/gcc/ba-elf/4.7.4/mcpu_jn51xx_sizeopt\libgcc.a(_fixunsdfsi.o)
                                        0x169 (size before relaxing)
 .debug_str     0x000000000000016b       0x7b c:/users/makot/downloads/mwstage-2020-04_win10/mwstage/mwsdk/tools/ba-elf-ba2-r36379.w10/bin/../lib/gcc/ba-elf/4.7.4/mcpu_jn51xx_sizeopt\libgcc.a(_udivdi3.o)
                                        0x1d7 (size before relaxing)
 .debug_str     0x00000000000001e6        0xa c:/users/makot/downloads/mwstage-2020-04_win10/mwstage/mwsdk/tools/ba-elf-ba2-r36379.w10/bin/../lib/gcc/ba-elf/4.7.4/mcpu_jn51xx_sizeopt\libgcc.a(_umoddi3.o)
                                        0x1d7 (size before relaxing)
 .debug_str     0x00000000000001f0       0xc6 c:/users/makot/downloads/mwstage-2020-04_win10/mwstage/mwsdk/tools/ba-elf-ba2-r36379.w10/bin/../lib/gcc/ba-elf/4.7.4/mcpu_jn51xx_sizeopt\libgcc.a(adddf3.o)
                                        0x1ba (size before relaxing)
 .debug_str     0x00000000000002b6       0x7a c:/users/makot/downloads/mwstage-2020-04_win10/mwstage/mwsdk/tools/ba-elf-ba2-r36379.w10/bin/../lib/gcc/ba-elf/4.7.4/mcpu_jn51xx_sizeopt\libgcc.a(divdf3.o)
                                        0x1f9 (size before relaxing)
 .debug_str     0x0000000000000330       0x3f c:/users/makot/downloads/mwstage-2020-04_win10/mwstage/mwsdk/tools/ba-elf-ba2-r36379.w10/bin/../lib/gcc/ba-elf/4.7.4/mcpu_jn51xx_sizeopt\libgcc.a(eqdf2.o)
                                        0x16e (size before relaxing)
 .debug_str     0x000000000000036f       0x57 c:/users/makot/downloads/mwstage-2020-04_win10/mwstage/mwsdk/tools/ba-elf-ba2-r36379.w10/bin/../lib/gcc/ba-elf/4.7.4/mcpu_jn51xx_sizeopt\libgcc.a(gedf2.o)
                                        0x186 (size before relaxing)
 .debug_str     0x00000000000003c6       0x3f c:/users/makot/downloads/mwstage-2020-04_win10/mwstage/mwsdk/tools/ba-elf-ba2-r36379.w10/bin/../lib/gcc/ba-elf/4.7.4/mcpu_jn51xx_sizeopt\libgcc.a(ledf2.o)
                                        0x186 (size before relaxing)
 .debug_str     0x0000000000000405       0x72 c:/users/makot/downloads/mwstage-2020-04_win10/mwstage/mwsdk/tools/ba-elf-ba2-r36379.w10/bin/../lib/gcc/ba-elf/4.7.4/mcpu_jn51xx_sizeopt\libgcc.a(muldf3.o)
                                        0x1eb (size before relaxing)
 .debug_str     0x0000000000000477       0x41 c:/users/makot/downloads/mwstage-2020-04_win10/mwstage/mwsdk/tools/ba-elf-ba2-r36379.w10/bin/../lib/gcc/ba-elf/4.7.4/mcpu_jn51xx_sizeopt\libgcc.a(subdf3.o)
                                        0x1ba (size before relaxing)